Archive member included to satisfy reference by file (symbol)

.\CortexM0\ARM_GCC_541\Debug\HandBoard_Rev1.a(CyLib.o)
                              .\CortexM0\ARM_GCC_541\Debug\cyfitter_cfg.o (CyIntEnable)
.\CortexM0\ARM_GCC_541\Debug\HandBoard_Rev1.a(CyLFClk.o)
                              .\CortexM0\ARM_GCC_541\Debug\cyfitter_cfg.o (CySysClkWcoStart)
.\CortexM0\ARM_GCC_541\Debug\HandBoard_Rev1.a(Pin_Direction.o)
                              .\CortexM0\ARM_GCC_541\Debug\MotorDrive.o (Pin_Direction_Write)
.\CortexM0\ARM_GCC_541\Debug\HandBoard_Rev1.a(isr_Limit_1.o)
                              .\CortexM0\ARM_GCC_541\Debug\main.o (isr_Limit_1_StartEx)
.\CortexM0\ARM_GCC_541\Debug\HandBoard_Rev1.a(PWM_Motor.o)
                              .\CortexM0\ARM_GCC_541\Debug\MotorDrive.o (PWM_Motor_WriteCompare)
.\CortexM0\ARM_GCC_541\Debug\HandBoard_Rev1.a(Status_Reg_Switches.o)
                              .\CortexM0\ARM_GCC_541\Debug\main.o (Status_Reg_Switches_Read)
.\CortexM0\ARM_GCC_541\Debug\HandBoard_Rev1.a(CAN.o)
                              .\CortexM0\ARM_GCC_541\Debug\PortPSOC_CY8C4248AZI_L485.o (CAN_GlobalIntEnable)
.\CortexM0\ARM_GCC_541\Debug\HandBoard_Rev1.a(CAN_INT.o)
                              .\CortexM0\ARM_GCC_541\Debug\HandBoard_Rev1.a(CAN.o) (CAN_ISR)
.\CortexM0\ARM_GCC_541\Debug\HandBoard_Rev1.a(CAN_TX_RX_func.o)
                              .\CortexM0\ARM_GCC_541\Debug\PortPSOC_CY8C4248AZI_L485.o (CAN_SendMsg)
.\CortexM0\ARM_GCC_541\Debug\HandBoard_Rev1.a(UART.o)
                              .\CortexM0\ARM_GCC_541\Debug\main.o (UART_Start)
.\CortexM0\ARM_GCC_541\Debug\HandBoard_Rev1.a(UART_UART.o)
                              .\CortexM0\ARM_GCC_541\Debug\HandBoard_Rev1.a(UART.o) (UART_UartInit)
.\CortexM0\ARM_GCC_541\Debug\HandBoard_Rev1.a(Can_addr.o)
                              .\CortexM0\ARM_GCC_541\Debug\main.o (Can_addr_Read)
.\CortexM0\ARM_GCC_541\Debug\HandBoard_Rev1.a(Timer_PWM.o)
                              .\CortexM0\ARM_GCC_541\Debug\main.o (Timer_PWM_ReadStatusRegister)
.\CortexM0\ARM_GCC_541\Debug\HandBoard_Rev1.a(QuadDec.o)
                              .\CortexM0\ARM_GCC_541\Debug\PositionPID.o (QuadDec_GetCounter)
.\CortexM0\ARM_GCC_541\Debug\HandBoard_Rev1.a(QuadDec_INT.o)
                              .\CortexM0\ARM_GCC_541\Debug\HandBoard_Rev1.a(QuadDec.o) (QuadDec_ISR)
.\CortexM0\ARM_GCC_541\Debug\HandBoard_Rev1.a(isr_period_PWM.o)
                              .\CortexM0\ARM_GCC_541\Debug\main.o (isr_period_PWM_StartEx)
.\CortexM0\ARM_GCC_541\Debug\HandBoard_Rev1.a(QuadDec_Cnt16.o)
                              .\CortexM0\ARM_GCC_541\Debug\HandBoard_Rev1.a(QuadDec.o) (QuadDec_Cnt16_Stop)
.\CortexM0\ARM_GCC_541\Debug\HandBoard_Rev1.a(ERROR_LED.o)
                              .\CortexM0\ARM_GCC_541\Debug\main.o (ERROR_LED_Write)
.\CortexM0\ARM_GCC_541\Debug\HandBoard_Rev1.a(I2C.o)
                              .\CortexM0\ARM_GCC_541\Debug\PCA9685.o (I2C_Enable)
.\CortexM0\ARM_GCC_541\Debug\HandBoard_Rev1.a(I2C_I2C.o)
                              .\CortexM0\ARM_GCC_541\Debug\HandBoard_Rev1.a(I2C.o) (I2C_I2CInit)
.\CortexM0\ARM_GCC_541\Debug\HandBoard_Rev1.a(I2C_I2C_MASTER.o)
                              .\CortexM0\ARM_GCC_541\Debug\HandBoard_Rev1.a(I2C_I2C.o) (I2C_mstrRdBufIndex)
.\CortexM0\ARM_GCC_541\Debug\HandBoard_Rev1.a(CyBootAsmGnu.o)
                              .\CortexM0\ARM_GCC_541\Debug\cyfitter_cfg.o (CyDelayCycles)
.\CortexM0\ARM_GCC_541\Debug\HandBoard_Rev1.a(CyFlash.o)
                              .\CortexM0\ARM_GCC_541\Debug\HandBoard_Rev1.a(CyLib.o) (CySysFlashSetWaitCycles)
.\CortexM0\ARM_GCC_541\Debug\HandBoard_Rev1.a(cyutils.o)
                              .\CortexM0\ARM_GCC_541\Debug\HandBoard_Rev1.a(Timer_PWM.o) (CySetReg24)
.\CortexM0\ARM_GCC_541\Debug\HandBoard_Rev1.a(UART_SPI_UART.o)
                              .\CortexM0\ARM_GCC_541\Debug\HandBoard_Rev1.a(UART_UART.o) (UART_SpiUartReadRxData)
.\CortexM0\ARM_GCC_541\Debug\HandBoard_Rev1.a(UART_SPI_UART_INT.o)
                              .\CortexM0\ARM_GCC_541\Debug\HandBoard_Rev1.a(UART_UART.o) (UART_SPI_UART_ISR)
.\CortexM0\ARM_GCC_541\Debug\HandBoard_Rev1.a(I2C_I2C_INT.o)
                              .\CortexM0\ARM_GCC_541\Debug\HandBoard_Rev1.a(I2C_I2C.o) (I2C_I2C_ISR)
c:/program files (x86)/cypress/psoc creator/4.4/psoc creator/import/gnu/arm/5.4.1/bin/../lib/gcc/arm-none-eabi/5.4.1/armv6-m\libgcc.a(_udivsi3.o)
                              .\CortexM0\ARM_GCC_541\Debug\HandBoard_Rev1.a(CyLib.o) (__aeabi_uidiv)
c:/program files (x86)/cypress/psoc creator/4.4/psoc creator/import/gnu/arm/5.4.1/bin/../lib/gcc/arm-none-eabi/5.4.1/armv6-m\libgcc.a(_divsi3.o)
                              .\CortexM0\ARM_GCC_541\Debug\PositionPID.o (__aeabi_idiv)
c:/program files (x86)/cypress/psoc creator/4.4/psoc creator/import/gnu/arm/5.4.1/bin/../lib/gcc/arm-none-eabi/5.4.1/armv6-m\libgcc.a(_dvmd_tls.o)
[...]
Memory Configuration

Name             Origin             Length             Attributes
rom              0x00000000         0x00040000         xr
ram              0x20000000         0x00008000         xrw
*default*        0x00000000         0xffffffff

Linker script and memory map

LOAD c:/program files (x86)/cypress/psoc creator/4.4/psoc creator/import/gnu/arm/5.4.1/bin/../lib/gcc/arm-none-eabi/5.4.1/armv6-m/crti.o
LOAD c:/program files (x86)/cypress/psoc creator/4.4/psoc creator/import/gnu/arm/5.4.1/bin/../lib/gcc/arm-none-eabi/5.4.1/armv6-m/crtbegin.o
LOAD c:/program files (x86)/cypress/psoc creator/4.4/psoc creator/import/gnu/arm/5.4.1/bin/../lib/gcc/arm-none-eabi/5.4.1/../../../../arm-none-eabi/lib/armv6-m/crt0.o
START GROUP
LOAD .\CortexM0\ARM_GCC_541\Debug\main.o
LOAD .\CortexM0\ARM_GCC_541\Debug\PositionPID.o
LOAD .\CortexM0\ARM_GCC_541\Debug\Motor_Unit_FSM.o
LOAD .\CortexM0\ARM_GCC_541\Debug\MotorDrive.o
LOAD .\CortexM0\ARM_GCC_541\Debug\PortPSOC_CY8C4248AZI_L485.o
LOAD .\CortexM0\ARM_GCC_541\Debug\CANCommon.o
LOAD .\CortexM0\ARM_GCC_541\Debug\CANGPIO.o
LOAD .\CortexM0\ARM_GCC_541\Debug\CANLocalization.o
LOAD .\CortexM0\ARM_GCC_541\Debug\CANMotorUnit.o
LOAD .\CortexM0\ARM_GCC_541\Debug\CANPacket.o
LOAD .\CortexM0\ARM_GCC_541\Debug\CANPower.o
LOAD .\CortexM0\ARM_GCC_541\Debug\CANScience.o
LOAD .\CortexM0\ARM_GCC_541\Debug\Motor_Unit_CAN.o
LOAD .\CortexM0\ARM_GCC_541\Debug\PCA9685.o
LOAD .\CortexM0\ARM_GCC_541\Debug\cyfitter_cfg.o
LOAD .\CortexM0\ARM_GCC_541\Debug\cymetadata.o
LOAD .\CortexM0\ARM_GCC_541\Debug\Cm0Start.o
LOAD .\CortexM0\ARM_GCC_541\Debug\HandBoard_Rev1.a
END GROUP
START GROUP
LOAD c:/program files (x86)/cypress/psoc creator/4.4/psoc creator/import/gnu/arm/5.4.1/bin/../lib/gcc/arm-none-eabi/5.4.1/armv6-m\libgcc.a
LOAD c:/program files (x86)/cypress/psoc creator/4.4/psoc creator/import/gnu/arm/5.4.1/bin/../lib/gcc/arm-none-eabi/5.4.1/../../../../arm-none-eabi/lib/armv6-m\libg_nano.a
LOAD c:/program files (x86)/cypress/psoc creator/4.4/psoc creator/import/gnu/arm/5.4.1/bin/../lib/gcc/arm-none-eabi/5.4.1/../../../../arm-none-eabi/lib/armv6-m\libc_nano.a
END GROUP
START GROUP
LOAD c:/program files (x86)/cypress/psoc creator/4.4/psoc creator/import/gnu/arm/5.4.1/bin/../lib/gcc/arm-none-eabi/5.4.1/armv6-m\libgcc.a
LOAD c:/program files (x86)/cypress/psoc creator/4.4/psoc creator/import/gnu/arm/5.4.1/bin/../lib/gcc/arm-none-eabi/5.4.1/../../../../arm-none-eabi/lib/armv6-m\libc_nano.a
END GROUP
LOAD c:/program files (x86)/cypress/psoc creator/4.4/psoc creator/import/gnu/arm/5.4.1/bin/../lib/gcc/arm-none-eabi/5.4.1/armv6-m/crtend.o
LOAD c:/program files (x86)/cypress/psoc creator/4.4/psoc creator/import/gnu/arm/5.4.1/bin/../lib/gcc/arm-none-eabi/5.4.1/armv6-m/crtn.o
START GROUP
LOAD c:/program files (x86)/cypress/psoc creator/4.4/psoc creator/import/gnu/arm/5.4.1/bin/../lib/gcc/arm-none-eabi/5.4.1/armv6-m\libgcc.a
LOAD c:/program files (x86)/cypress/psoc creator/4.4/psoc creator/import/gnu/arm/5.4.1/bin/../lib/gcc/arm-none-eabi/5.4.1/../../../../arm-none-eabi/lib/armv6-m\libc.a
LOAD c:/program files (x86)/cypress/psoc creator/4.4/psoc creator/import/gnu/arm/5.4.1/bin/../lib/gcc/arm-none-eabi/5.4.1/../../../../arm-none-eabi/lib/armv6-m\libnosys.a
END GROUP
                0x00000000                CY_APPL_ORIGIN = 0x0
                0x00000100                CY_FLASH_ROW_SIZE = 0x100
                0x00000001                CY_APPL_NUM = 0x1
                0x00000001                CY_APPL_MAX = 0x1
                0x00000040                CY_METADATA_SIZE = 0x40
                0x00000000                CY_APPL_LOADABLE = 0x0
                0x00000000                CY_CHECKSUM_EXCLUDE_SIZE = ALIGN (0x0, CY_FLASH_ROW_SIZE)
                0x00000000                CY_APP_FOR_STACK_AND_COPIER = 0x0
                [!provide]                PROVIDE (__cy_heap_start, _end)
                0x00000001                PROVIDE (__cy_region_num, ((__cy_regions_end - __cy_regions) / 0x10))
                0x20008000                PROVIDE (__cy_stack, (ORIGIN (ram) + LENGTH (ram)))
                [!provide]                PROVIDE (__cy_heap_end, (__cy_stack - 0x800))

.cybootloader   0x00000000        0x0
 *(.cybootloader)
                0x00000000                appl1_start = CY_APPL_ORIGIN?CY_APPL_ORIGIN:ALIGN (CY_FLASH_ROW_SIZE)
                0x0001ff00                appl2_start = (appl1_start + ALIGN ((((LENGTH (rom) - appl1_start) - (0x2 * CY_FLASH_ROW_SIZE)) / 0x2), CY_FLASH_ROW_SIZE))
                0x00000000                appl_start = (CY_APPL_NUM == 0x1)?appl1_start:appl2_start
                0x00000001                cy_project_type_bootloader = (appl_start == 0x0)?0x1:0x0
                0x00000000                cy_project_type_app_for_stack_and_copier = (CY_APP_FOR_STACK_AND_COPIER == 0x1)?0x1:0x0

.text           0x00000000     0x3096
 CREATE_OBJECT_SYMBOLS
                0x00000000                PROVIDE (__cy_interrupt_vector, RomVectors)
 *(.romvectors)
 .romvectors    0x00000000       0x10 .\CortexM0\ARM_GCC_541\Debug\Cm0Start.o
                0x00000000                RomVectors
                0x00000001                ASSERT ((. != __cy_interrupt_vector), No interrupt vector)
                0x00000001                ASSERT (CY_APPL_ORIGIN?(SIZEOF (.cybootloader) <= CY_APPL_ORIGIN):0x1, Wrong image location)
                0x00000010                PROVIDE (__cy_reset, Reset)
 *(.text.Reset)
 .text.Reset    0x00000010        0x8 .\CortexM0\ARM_GCC_541\Debug\Cm0Start.o
                0x00000010                Reset
                0x00000001                ASSERT ((. != __cy_reset), No reset code)
 *(.psocinit)
 .psocinit      0x00000018      0x2cc .\CortexM0\ARM_GCC_541\Debug\cyfitter_cfg.o
                0x0000014c                cyfitter_cfg
                0x000002e4                . = MAX (., 0x100)
 *(.text .text.* .gnu.linkonce.t.*)
 .text          0x000002e4       0x60 c:/program files (x86)/cypress/psoc creator/4.4/psoc creator/import/gnu/arm/5.4.1/bin/../lib/gcc/arm-none-eabi/5.4.1/armv6-m/crtbegin.o
 .text.Period_Reset_Handler
                0x00000344       0x58 .\CortexM0\ARM_GCC_541\Debug\main.o
                0x00000344                Period_Reset_Handler
 .text.Pin_Limit_Handler
                0x0000039c       0x40 .\CortexM0\ARM_GCC_541\Debug\main.o
                0x0000039c                Pin_Limit_Handler
 .text.Initialize
                0x000003dc       0x5c .\CortexM0\ARM_GCC_541\Debug\main.o
                0x000003dc                Initialize
 .text.main     0x00000438       0x7c .\CortexM0\ARM_GCC_541\Debug\main.o
                0x00000438                main
 .text.ReadCAN  0x000004b4       0x2c .\CortexM0\ARM_GCC_541\Debug\main.o
                0x000004b4                ReadCAN
 .text.DisplayErrorCode
                0x000004e0       0x14 .\CortexM0\ARM_GCC_541\Debug\main.o
                0x000004e0                DisplayErrorCode
 .text.ClearPIDProgress
                0x000004f4       0x10 .\CortexM0\ARM_GCC_541\Debug\PositionPID.o
                0x000004f4                ClearPIDProgress
 .text.DisablePID
                0x00000504        0xc .\CortexM0\ARM_GCC_541\Debug\PositionPID.o
                0x00000504                DisablePID
 .text.EnablePID
                0x00000510        0xc .\CortexM0\ARM_GCC_541\Debug\PositionPID.o
                0x00000510                EnablePID
 .text.PIDIsEnabled
                0x0000051c        0xc .\CortexM0\ARM_GCC_541\Debug\PositionPID.o
                0x0000051c                PIDIsEnabled
 .text.SetkPosition
                0x00000528        0xc .\CortexM0\ARM_GCC_541\Debug\PositionPID.o
                0x00000528                SetkPosition
 .text.SetkIntegral
                0x00000534        0xc .\CortexM0\ARM_GCC_541\Debug\PositionPID.o
                0x00000534                SetkIntegral
 .text.SetkDerivative
                0x00000540        0xc .\CortexM0\ARM_GCC_541\Debug\PositionPID.o
                0x00000540                SetkDerivative
 .text.SetkPPJR
                0x0000054c        0xc .\CortexM0\ARM_GCC_541\Debug\PositionPID.o
                0x0000054c                SetkPPJR
 .text.SetMaxPIDPWM
                0x00000558        0xc .\CortexM0\ARM_GCC_541\Debug\PositionPID.o
                0x00000558                SetMaxPIDPWM
 .text.GetMaxPIDPWM
                0x00000564        0xc .\CortexM0\ARM_GCC_541\Debug\PositionPID.o
                0x00000564                GetMaxPIDPWM
 .text.GetEncoderValWithFlip
                0x00000570       0x14 .\CortexM0\ARM_GCC_541\Debug\PositionPID.o
                0x00000570                GetEncoderValWithFlip
 .text.InitializePID
                0x00000584       0x24 .\CortexM0\ARM_GCC_541\Debug\PositionPID.o
                0x00000584                InitializePID
 .text.SetEncoderDirDefault
                0x000005a8        0xc .\CortexM0\ARM_GCC_541\Debug\PositionPID.o
                0x000005a8                SetEncoderDirDefault
 .text.SetEncoderDirReverse
                0x000005b4        0xc .\CortexM0\ARM_GCC_541\Debug\PositionPID.o
                0x000005b4                SetEncoderDirReverse
 .text.CurrentPositionMiliDegree
                0x000005c0       0x24 .\CortexM0\ARM_GCC_541\Debug\PositionPID.o
                0x000005c0                CurrentPositionMiliDegree
 .text.MiliDegreesToTicks
                0x000005e4       0x18 .\CortexM0\ARM_GCC_541\Debug\PositionPID.o
                0x000005e4                MiliDegreesToTicks
 .text.Position_PID
                0x000005fc       0x84 .\CortexM0\ARM_GCC_541\Debug\PositionPID.o
                0x000005fc                Position_PID
 .text.SetPosition
                0x00000680       0x68 .\CortexM0\ARM_GCC_541\Debug\PositionPID.o
                0x00000680                SetPosition
 .text.GotoUninitState
                0x000006e8       0x14 .\CortexM0\ARM_GCC_541\Debug\Motor_Unit_FSM.o
                0x000006e8                GotoUninitState
 .text.SetStateTo
                0x000006fc        0xc .\CortexM0\ARM_GCC_541\Debug\Motor_Unit_FSM.o
                0x000006fc                SetStateTo
 .text.SetModeTo
                0x00000708        0xc .\CortexM0\ARM_GCC_541\Debug\Motor_Unit_FSM.o
                0x00000708                SetModeTo
 .text.GetState
                0x00000714        0xc .\CortexM0\ARM_GCC_541\Debug\Motor_Unit_FSM.o
                0x00000714                GetState
 .text.GetMode  0x00000720        0xc .\CortexM0\ARM_GCC_541\Debug\Motor_Unit_FSM.o
                0x00000720                GetMode
 .text.PositionConstIsSet
                0x0000072c       0x10 .\CortexM0\ARM_GCC_541\Debug\Motor_Unit_FSM.o
                0x0000072c                PositionConstIsSet
 .text.IntegralConstIsSet
                0x0000073c       0x10 .\CortexM0\ARM_GCC_541\Debug\Motor_Unit_FSM.o
                0x0000073c                IntegralConstIsSet
 .text.DerivativeConstIsSet
                0x0000074c       0x10 .\CortexM0\ARM_GCC_541\Debug\Motor_Unit_FSM.o
                0x0000074c                DerivativeConstIsSet
 .text.PPJRConstIsSet
                0x0000075c       0x10 .\CortexM0\ARM_GCC_541\Debug\Motor_Unit_FSM.o
                0x0000075c                PPJRConstIsSet
 .text.PIDconstsSet
                0x0000076c       0x14 .\CortexM0\ARM_GCC_541\Debug\Motor_Unit_FSM.o
                0x0000076c                PIDconstsSet
 .text.set_PWM  0x00000780       0x58 .\CortexM0\ARM_GCC_541\Debug\MotorDrive.o
                0x00000780                set_PWM
 .text.GetCurrentPWM
                0x000007d8        0xc .\CortexM0\ARM_GCC_541\Debug\MotorDrive.o
                0x000007d8                GetCurrentPWM
 .text.InitCAN  0x000007e4       0x98 .\CortexM0\ARM_GCC_541\Debug\PortPSOC_CY8C4248AZI_L485.o
                0x000007e4                InitCAN
 .text.SendCANPacket
                0x0000087c       0x40 .\CortexM0\ARM_GCC_541\Debug\PortPSOC_CY8C4248AZI_L485.o
                0x0000087c                SendCANPacket
 .text.getLocalDeviceSerial
                0x000008bc        0xc .\CortexM0\ARM_GCC_541\Debug\PortPSOC_CY8C4248AZI_L485.o
                0x000008bc                getLocalDeviceSerial
 .text.getLocalDeviceGroup
                0x000008c8        0xc .\CortexM0\ARM_GCC_541\Debug\PortPSOC_CY8C4248AZI_L485.o
                0x000008c8                getLocalDeviceGroup
 .text.FIFOSize
                0x000008d4       0x48 .\CortexM0\ARM_GCC_541\Debug\PortPSOC_CY8C4248AZI_L485.o
                0x000008d4                FIFOSize
 .text.countAddFIFO
                0x0000091c       0x50 .\CortexM0\ARM_GCC_541\Debug\PortPSOC_CY8C4248AZI_L485.o
                0x0000091c                countAddFIFO
 .text.CAN_FLAG_ISR
                0x0000096c      0x12c .\CortexM0\ARM_GCC_541\Debug\PortPSOC_CY8C4248AZI_L485.o
                0x0000096c                CAN_FLAG_ISR
 .text.countRemoveFIFO
                0x00000a98       0x28 .\CortexM0\ARM_GCC_541\Debug\PortPSOC_CY8C4248AZI_L485.o
                0x00000a98                countRemoveFIFO
 .text.PollAndReceiveCANPacket
                0x00000ac0       0x4c .\CortexM0\ARM_GCC_541\Debug\PortPSOC_CY8C4248AZI_L485.o
                0x00000ac0                PollAndReceiveCANPacket
 .text.AssembleTelemetryReportPacket
                0x00000b0c       0x2c .\CortexM0\ARM_GCC_541\Debug\CANCommon.o
                0x00000b0c                AssembleTelemetryReportPacket
 .text.GetModeFromPacket
                0x00000b38        0x4 .\CortexM0\ARM_GCC_541\Debug\CANMotorUnit.o
                0x00000b38                GetModeFromPacket
 .text.GetPWMFromPacket
                0x00000b3c       0x10 .\CortexM0\ARM_GCC_541\Debug\CANMotorUnit.o
                0x00000b3c                GetPWMFromPacket
 .text.GetPIDTargetFromPacket
                0x00000b4c       0x10 .\CortexM0\ARM_GCC_541\Debug\CANMotorUnit.o
                0x00000b4c                GetPIDTargetFromPacket
 .text.GetPFromPacket
                0x00000b5c       0x10 .\CortexM0\ARM_GCC_541\Debug\CANMotorUnit.o
                0x00000b5c                GetPFromPacket
 .text.GetIFromPacket
                0x00000b6c       0x10 .\CortexM0\ARM_GCC_541\Debug\CANMotorUnit.o
                0x00000b6c                GetIFromPacket
 .text.GetDFromPacket
                0x00000b7c       0x10 .\CortexM0\ARM_GCC_541\Debug\CANMotorUnit.o
                0x00000b7c                GetDFromPacket
 .text.AssembleLimitSwitchAlertPacket
                0x00000b8c       0x20 .\CortexM0\ARM_GCC_541\Debug\CANMotorUnit.o
                0x00000b8c                AssembleLimitSwitchAlertPacket
 .text.GetEncoderPPJRFromPacket
                0x00000bac       0x10 .\CortexM0\ARM_GCC_541\Debug\CANMotorUnit.o
                0x00000bac                GetEncoderPPJRFromPacket
 .text.GetEncoderDirectionFromPacket
                0x00000bbc        0x8 .\CortexM0\ARM_GCC_541\Debug\CANMotorUnit.o
                0x00000bbc                GetEncoderDirectionFromPacket
 .text.GetEncoderZeroFromPacket
                0x00000bc4        0x8 .\CortexM0\ARM_GCC_541\Debug\CANMotorUnit.o
                0x00000bc4                GetEncoderZeroFromPacket
 .text.GetMaxPIDPWMFromPacket
                0x00000bcc       0x10 .\CortexM0\ARM_GCC_541\Debug\CANMotorUnit.o
                0x00000bcc                GetMaxPIDPWMFromPacket
 .text.ConstructCANID
                0x00000bdc       0x1c .\CortexM0\ARM_GCC_541\Debug\CANPacket.o
                0x00000bdc                ConstructCANID
 .text.WriteSenderSerialAndPacketID
                0x00000bf8       0x18 .\CortexM0\ARM_GCC_541\Debug\CANPacket.o
                0x00000bf8                WriteSenderSerialAndPacketID
 .text.PackIntIntoDataMSBFirst
                0x00000c10       0x18 .\CortexM0\ARM_GCC_541\Debug\CANPacket.o
                0x00000c10                PackIntIntoDataMSBFirst
 .text.DecodeBytesToIntMSBFirst
                0x00000c28       0x44 .\CortexM0\ARM_GCC_541\Debug\CANPacket.o
                0x00000c28                DecodeBytesToIntMSBFirst
 .text.SendEncoderData
                0x00000c6c       0x24 .\CortexM0\ARM_GCC_541\Debug\Motor_Unit_CAN.o
                0x00000c6c                SendEncoderData
 .text.NextStateFromCAN
                0x00000c90      0x1f0 .\CortexM0\ARM_GCC_541\Debug\Motor_Unit_CAN.o
                0x00000c90                NextStateFromCAN
 .text.cfg_write_bytes32
                0x00000e80       0x34 .\CortexM0\ARM_GCC_541\Debug\cyfitter_cfg.o
 .text.CYMEMZERO
                0x00000eb4        0xc .\CortexM0\ARM_GCC_541\Debug\cyfitter_cfg.o
 .text.SetAnalogRoutingPumps
                0x00000ec0       0x20 .\CortexM0\ARM_GCC_541\Debug\cyfitter_cfg.o
                0x00000ec0                SetAnalogRoutingPumps
 .text.AnalogSetDefault
                0x00000ee0       0x3c .\CortexM0\ARM_GCC_541\Debug\cyfitter_cfg.o
 .text.IntDefaultHandler
                0x00000f1c       0x10 .\CortexM0\ARM_GCC_541\Debug\Cm0Start.o
                0x00000f1c                IntDefaultHandler
 .text._sbrk    0x00000f2c       0x30 .\CortexM0\ARM_GCC_541\Debug\Cm0Start.o
                0x00000f2c                _sbrk
 .text.Start_c  0x00000f5c       0x48 .\CortexM0\ARM_GCC_541\Debug\Cm0Start.o
                0x00000f5c                Start_c
 .text.initialize_psoc
                0x00000fa4       0x4c .\CortexM0\ARM_GCC_541\Debug\Cm0Start.o
                0x00000fa4                initialize_psoc
 .text.CySysClkImoSetPwrBgTrim5
                0x00000ff0       0x30 .\CortexM0\ARM_GCC_541\Debug\HandBoard_Rev1.a(CyLib.o)
 .text.CySysClkImoSetImoTrims
                0x00001020       0xb0 .\CortexM0\ARM_GCC_541\Debug\HandBoard_Rev1.a(CyLib.o)
 .text.CySysClkImoDisableWcoLock
                0x000010d0       0x54 .\CortexM0\ARM_GCC_541\Debug\HandBoard_Rev1.a(CyLib.o)
                0x000010d0                CySysClkImoDisableWcoLock
 .text.CySysClkImoGetWcoLock
                0x00001124       0x14 .\CortexM0\ARM_GCC_541\Debug\HandBoard_Rev1.a(CyLib.o)
                0x00001124                CySysClkImoGetWcoLock
 .text.CySysClkImoEnableUsbLock
                0x00001138       0x44 .\CortexM0\ARM_GCC_541\Debug\HandBoard_Rev1.a(CyLib.o)
                0x00001138                CySysClkImoEnableUsbLock
 .text.CySysClkImoDisableUsbLock
                0x0000117c       0x74 .\CortexM0\ARM_GCC_541\Debug\HandBoard_Rev1.a(CyLib.o)
                0x0000117c                CySysClkImoDisableUsbLock
 .text.CySysClkImoGetUsbLock
                0x000011f0       0x14 .\CortexM0\ARM_GCC_541\Debug\HandBoard_Rev1.a(CyLib.o)
                0x000011f0                CySysClkImoGetUsbLock
 .text.CyIntEnable
                0x00001204       0x14 .\CortexM0\ARM_GCC_541\Debug\HandBoard_Rev1.a(CyLib.o)
                0x00001204                CyIntEnable
 .text.CyIntDisable
                0x00001218       0x14 .\CortexM0\ARM_GCC_541\Debug\HandBoard_Rev1.a(CyLib.o)
                0x00001218                CyIntDisable
 .text.CyHalt   0x0000122c        0x4 .\CortexM0\ARM_GCC_541\Debug\HandBoard_Rev1.a(CyLib.o)
                0x0000122c                CyHalt
 .text.CyIntSetVector
                0x00001230       0x24 .\CortexM0\ARM_GCC_541\Debug\HandBoard_Rev1.a(CyLib.o)
                0x00001230                CyIntSetVector
 .text.CyIntSetPriority
                0x00001254       0x4c .\CortexM0\ARM_GCC_541\Debug\HandBoard_Rev1.a(CyLib.o)
                0x00001254                CyIntSetPriority
 .text.CyDelay  0x000012a0       0x30 .\CortexM0\ARM_GCC_541\Debug\HandBoard_Rev1.a(CyLib.o)
                0x000012a0                CyDelay
 .text.CySysClkImoEnableWcoLock
                0x000012d0      0x104 .\CortexM0\ARM_GCC_541\Debug\HandBoard_Rev1.a(CyLib.o)
                0x000012d0                CySysClkImoEnableWcoLock
 .text.CyDelayUs
                0x000013d4       0x14 .\CortexM0\ARM_GCC_541\Debug\HandBoard_Rev1.a(CyLib.o)
                0x000013d4                CyDelayUs
 .text.CySysClkWriteImoFreq
                0x000013e8      0x1bc .\CortexM0\ARM_GCC_541\Debug\HandBoard_Rev1.a(CyLib.o)
                0x000013e8                CySysClkWriteImoFreq
 .text.CySysWdtLocked
                0x000015a4       0x14 .\CortexM0\ARM_GCC_541\Debug\HandBoard_Rev1.a(CyLFClk.o)
 .text.CySysClkWcoStart
                0x000015b8       0x40 .\CortexM0\ARM_GCC_541\Debug\HandBoard_Rev1.a(CyLFClk.o)
                0x000015b8                CySysClkWcoStart
 .text.CySysClkWcoEnabled
                0x000015f8       0x14 .\CortexM0\ARM_GCC_541\Debug\HandBoard_Rev1.a(CyLFClk.o)
                0x000015f8                CySysClkWcoEnabled
 .text.CySysWdtLock
                0x0000160c       0x1c .\CortexM0\ARM_GCC_541\Debug\HandBoard_Rev1.a(CyLFClk.o)
                0x0000160c                CySysWdtLock
 .text.CySysWdtUnlock
                0x00001628       0x30 .\CortexM0\ARM_GCC_541\Debug\HandBoard_Rev1.a(CyLFClk.o)
                0x00001628                CySysWdtUnlock
 .text.CySysWdtClearInterrupt
                0x00001658       0x4c .\CortexM0\ARM_GCC_541\Debug\HandBoard_Rev1.a(CyLFClk.o)
                0x00001658                CySysWdtClearInterrupt
 .text.CySysWdtIsr
                0x000016a4       0xa4 .\CortexM0\ARM_GCC_541\Debug\HandBoard_Rev1.a(CyLFClk.o)
                0x000016a4                CySysWdtIsr
 .text.Pin_Direction_Write
                0x00001748       0x18 .\CortexM0\ARM_GCC_541\Debug\HandBoard_Rev1.a(Pin_Direction.o)
                0x00001748                Pin_Direction_Write
 .text.isr_Limit_1_SetVector
                0x00001760        0xc .\CortexM0\ARM_GCC_541\Debug\HandBoard_Rev1.a(isr_Limit_1.o)
                0x00001760                isr_Limit_1_SetVector
 .text.isr_Limit_1_SetPriority
                0x0000176c       0x24 .\CortexM0\ARM_GCC_541\Debug\HandBoard_Rev1.a(isr_Limit_1.o)
                0x0000176c                isr_Limit_1_SetPriority
 .text.isr_Limit_1_Enable
                0x00001790        0xc .\CortexM0\ARM_GCC_541\Debug\HandBoard_Rev1.a(isr_Limit_1.o)
                0x00001790                isr_Limit_1_Enable
 .text.isr_Limit_1_Disable
                0x0000179c        0xc .\CortexM0\ARM_GCC_541\Debug\HandBoard_Rev1.a(isr_Limit_1.o)
                0x0000179c                isr_Limit_1_Disable
 .text.isr_Limit_1_StartEx
                0x000017a8       0x1c .\CortexM0\ARM_GCC_541\Debug\HandBoard_Rev1.a(isr_Limit_1.o)
                0x000017a8                isr_Limit_1_StartEx
 .text.PWM_Motor_WriteCounter
                0x000017c4       0x10 .\CortexM0\ARM_GCC_541\Debug\HandBoard_Rev1.a(PWM_Motor.o)
                0x000017c4                PWM_Motor_WriteCounter
 .text.PWM_Motor_WritePeriod
                0x000017d4       0x10 .\CortexM0\ARM_GCC_541\Debug\HandBoard_Rev1.a(PWM_Motor.o)
                0x000017d4                PWM_Motor_WritePeriod
 .text.PWM_Motor_WriteCompare
                0x000017e4       0x10 .\CortexM0\ARM_GCC_541\Debug\HandBoard_Rev1.a(PWM_Motor.o)
                0x000017e4                PWM_Motor_WriteCompare
 .text.PWM_Motor_TriggerCommand
                0x000017f4       0x1c .\CortexM0\ARM_GCC_541\Debug\HandBoard_Rev1.a(PWM_Motor.o)
                0x000017f4                PWM_Motor_TriggerCommand
 .text.PWM_Motor_Enable
                0x00001810       0x24 .\CortexM0\ARM_GCC_541\Debug\HandBoard_Rev1.a(PWM_Motor.o)
                0x00001810                PWM_Motor_Enable
 .text.PWM_Motor_SetInterruptMode
                0x00001834        0xc .\CortexM0\ARM_GCC_541\Debug\HandBoard_Rev1.a(PWM_Motor.o)
                0x00001834                PWM_Motor_SetInterruptMode
 .text.PWM_Motor_Init
                0x00001840       0x48 .\CortexM0\ARM_GCC_541\Debug\HandBoard_Rev1.a(PWM_Motor.o)
                0x00001840                PWM_Motor_Init
 .text.PWM_Motor_Start
                0x00001888       0x20 .\CortexM0\ARM_GCC_541\Debug\HandBoard_Rev1.a(PWM_Motor.o)
                0x00001888                PWM_Motor_Start
 .text.Status_Reg_Switches_Read
                0x000018a8        0xc .\CortexM0\ARM_GCC_541\Debug\HandBoard_Rev1.a(Status_Reg_Switches.o)
                0x000018a8                Status_Reg_Switches_Read
 .text.Status_Reg_Switches_InterruptEnable
                0x000018b4       0x1c .\CortexM0\ARM_GCC_541\Debug\HandBoard_Rev1.a(Status_Reg_Switches.o)
                0x000018b4                Status_Reg_Switches_InterruptEnable
 .text.CAN_GlobalIntEnable
                0x000018d0       0x1c .\CortexM0\ARM_GCC_541\Debug\HandBoard_Rev1.a(CAN.o)
                0x000018d0                CAN_GlobalIntEnable
 .text.CAN_Enable
                0x000018ec       0x48 .\CortexM0\ARM_GCC_541\Debug\HandBoard_Rev1.a(CAN.o)
                0x000018ec                CAN_Enable
 .text.CAN_SetPreScaler
                0x00001934       0x38 .\CortexM0\ARM_GCC_541\Debug\HandBoard_Rev1.a(CAN.o)
                0x00001934                CAN_SetPreScaler
 .text.CAN_SetArbiter
                0x0000196c       0x40 .\CortexM0\ARM_GCC_541\Debug\HandBoard_Rev1.a(CAN.o)
                0x0000196c                CAN_SetArbiter
 .text.CAN_SetTsegSample
                0x000019ac       0xa0 .\CortexM0\ARM_GCC_541\Debug\HandBoard_Rev1.a(CAN.o)
                0x000019ac                CAN_SetTsegSample
 .text.CAN_SetRestartType
                0x00001a4c       0x38 .\CortexM0\ARM_GCC_541\Debug\HandBoard_Rev1.a(CAN.o)
                0x00001a4c                CAN_SetRestartType
 .text.CAN_SetEdgeMode
                0x00001a84       0x38 .\CortexM0\ARM_GCC_541\Debug\HandBoard_Rev1.a(CAN.o)
                0x00001a84                CAN_SetEdgeMode
 .text.CAN_SetIrqMask
                0x00001abc       0x1c .\CortexM0\ARM_GCC_541\Debug\HandBoard_Rev1.a(CAN.o)
                0x00001abc                CAN_SetIrqMask
 .text.CAN_RxBufConfig
                0x00001ad8       0x98 .\CortexM0\ARM_GCC_541\Debug\HandBoard_Rev1.a(CAN.o)
                0x00001ad8                CAN_RxBufConfig
 .text.CAN_TxBufConfig
                0x00001b70       0x58 .\CortexM0\ARM_GCC_541\Debug\HandBoard_Rev1.a(CAN.o)
                0x00001b70                CAN_TxBufConfig
 .text.CAN_RxTxBuffersConfig
                0x00001bc8       0x54 .\CortexM0\ARM_GCC_541\Debug\HandBoard_Rev1.a(CAN.o)
                0x00001bc8                CAN_RxTxBuffersConfig
 .text.CAN_SetSwapDataEndianness
                0x00001c1c       0x40 .\CortexM0\ARM_GCC_541\Debug\HandBoard_Rev1.a(CAN.o)
                0x00001c1c                CAN_SetSwapDataEndianness
 .text.CAN_Init
                0x00001c5c       0xe8 .\CortexM0\ARM_GCC_541\Debug\HandBoard_Rev1.a(CAN.o)
                0x00001c5c                CAN_Init
 .text.CAN_Start
                0x00001d44       0x28 .\CortexM0\ARM_GCC_541\Debug\HandBoard_Rev1.a(CAN.o)
                0x00001d44                CAN_Start
 .text.CAN_ISR  0x00001d6c        0x4 .\CortexM0\ARM_GCC_541\Debug\HandBoard_Rev1.a(CAN_INT.o)
                0x00001d6c                CAN_ISR
 .text.CAN_SendMsg
                0x00001d70      0x154 .\CortexM0\ARM_GCC_541\Debug\HandBoard_Rev1.a(CAN_TX_RX_func.o)
                0x00001d70                CAN_SendMsg
 .text.UART_ScbEnableIntr
                0x00001ec4        0xc .\CortexM0\ARM_GCC_541\Debug\HandBoard_Rev1.a(UART.o)
 .text.UART_ScbModePostEnable
                0x00001ed0        0x8 .\CortexM0\ARM_GCC_541\Debug\HandBoard_Rev1.a(UART.o)
 .text.UART_Init
                0x00001ed8        0x8 .\CortexM0\ARM_GCC_541\Debug\HandBoard_Rev1.a(UART.o)
                0x00001ed8                UART_Init
 .text.UART_Enable
                0x00001ee0       0x1c .\CortexM0\ARM_GCC_541\Debug\HandBoard_Rev1.a(UART.o)
                0x00001ee0                UART_Enable
 .text.UART_Start
                0x00001efc       0x20 .\CortexM0\ARM_GCC_541\Debug\HandBoard_Rev1.a(UART.o)
                0x00001efc                UART_Start
 .text.UART_UartInit
                0x00001f1c       0xdc .\CortexM0\ARM_GCC_541\Debug\HandBoard_Rev1.a(UART_UART.o)
                0x00001f1c                UART_UartInit
 .text.UART_UartPostEnable
                0x00001ff8       0x24 .\CortexM0\ARM_GCC_541\Debug\HandBoard_Rev1.a(UART_UART.o)
                0x00001ff8                UART_UartPostEnable
 .text.UART_UartPutString
                0x0000201c       0x18 .\CortexM0\ARM_GCC_541\Debug\HandBoard_Rev1.a(UART_UART.o)
                0x0000201c                UART_UartPutString
 .text.Can_addr_Read
                0x00002034        0xc .\CortexM0\ARM_GCC_541\Debug\HandBoard_Rev1.a(Can_addr.o)
                0x00002034                Can_addr_Read
 .text.Timer_PWM_Enable
                0x00002040       0x14 .\CortexM0\ARM_GCC_541\Debug\HandBoard_Rev1.a(Timer_PWM.o)
                0x00002040                Timer_PWM_Enable
 .text.Timer_PWM_SetInterruptMode
                0x00002054        0xc .\CortexM0\ARM_GCC_541\Debug\HandBoard_Rev1.a(Timer_PWM.o)
                0x00002054                Timer_PWM_SetInterruptMode
 .text.Timer_PWM_ReadStatusRegister
                0x00002060        0xc .\CortexM0\ARM_GCC_541\Debug\HandBoard_Rev1.a(Timer_PWM.o)
                0x00002060                Timer_PWM_ReadStatusRegister
 .text.Timer_PWM_WritePeriod
                0x0000206c       0x10 .\CortexM0\ARM_GCC_541\Debug\HandBoard_Rev1.a(Timer_PWM.o)
                0x0000206c                Timer_PWM_WritePeriod
 .text.Timer_PWM_ReadCapture
                0x0000207c       0x10 .\CortexM0\ARM_GCC_541\Debug\HandBoard_Rev1.a(Timer_PWM.o)
                0x0000207c                Timer_PWM_ReadCapture
 .text.Timer_PWM_WriteCounter
                0x0000208c       0x10 .\CortexM0\ARM_GCC_541\Debug\HandBoard_Rev1.a(Timer_PWM.o)
                0x0000208c                Timer_PWM_WriteCounter
 .text.Timer_PWM_ClearFIFO
                0x0000209c       0x14 .\CortexM0\ARM_GCC_541\Debug\HandBoard_Rev1.a(Timer_PWM.o)
                0x0000209c                Timer_PWM_ClearFIFO
 .text.Timer_PWM_Init
                0x000020b0       0x38 .\CortexM0\ARM_GCC_541\Debug\HandBoard_Rev1.a(Timer_PWM.o)
                0x000020b0                Timer_PWM_Init
 .text.Timer_PWM_Start
                0x000020e8       0x20 .\CortexM0\ARM_GCC_541\Debug\HandBoard_Rev1.a(Timer_PWM.o)
                0x000020e8                Timer_PWM_Start
 .text.QuadDec_Init
                0x00002108       0x20 .\CortexM0\ARM_GCC_541\Debug\HandBoard_Rev1.a(QuadDec.o)
                0x00002108                QuadDec_Init
 .text.QuadDec_GetCounter
                0x00002128       0x2c .\CortexM0\ARM_GCC_541\Debug\HandBoard_Rev1.a(QuadDec.o)
                0x00002128                QuadDec_GetCounter
 .text.QuadDec_SetCounter
                0x00002154       0x24 .\CortexM0\ARM_GCC_541\Debug\HandBoard_Rev1.a(QuadDec.o)
                0x00002154                QuadDec_SetCounter
 .text.QuadDec_GetEvents
                0x00002178       0x10 .\CortexM0\ARM_GCC_541\Debug\HandBoard_Rev1.a(QuadDec.o)
                0x00002178                QuadDec_GetEvents
 .text.QuadDec_SetInterruptMask
                0x00002188       0x10 .\CortexM0\ARM_GCC_541\Debug\HandBoard_Rev1.a(QuadDec.o)
                0x00002188                QuadDec_SetInterruptMask
 .text.QuadDec_Enable
                0x00002198       0x2c .\CortexM0\ARM_GCC_541\Debug\HandBoard_Rev1.a(QuadDec.o)
                0x00002198                QuadDec_Enable
 .text.QuadDec_Start
                0x000021c4       0x34 .\CortexM0\ARM_GCC_541\Debug\HandBoard_Rev1.a(QuadDec.o)
                0x000021c4                QuadDec_Start
 .text.QuadDec_ISR
                0x000021f8       0x44 .\CortexM0\ARM_GCC_541\Debug\HandBoard_Rev1.a(QuadDec_INT.o)
                0x000021f8                QuadDec_ISR
 .text.isr_period_PWM_SetVector
                0x0000223c        0xc .\CortexM0\ARM_GCC_541\Debug\HandBoard_Rev1.a(isr_period_PWM.o)
                0x0000223c                isr_period_PWM_SetVector
 .text.isr_period_PWM_SetPriority
                0x00002248       0x24 .\CortexM0\ARM_GCC_541\Debug\HandBoard_Rev1.a(isr_period_PWM.o)
                0x00002248                isr_period_PWM_SetPriority
 .text.isr_period_PWM_Enable
                0x0000226c        0xc .\CortexM0\ARM_GCC_541\Debug\HandBoard_Rev1.a(isr_period_PWM.o)
                0x0000226c                isr_period_PWM_Enable
 .text.isr_period_PWM_Disable
                0x00002278        0xc .\CortexM0\ARM_GCC_541\Debug\HandBoard_Rev1.a(isr_period_PWM.o)
                0x00002278                isr_period_PWM_Disable
 .text.isr_period_PWM_StartEx
                0x00002284       0x1c .\CortexM0\ARM_GCC_541\Debug\HandBoard_Rev1.a(isr_period_PWM.o)
                0x00002284                isr_period_PWM_StartEx
 .text.QuadDec_Cnt16_Enable
                0x000022a0       0x14 .\CortexM0\ARM_GCC_541\Debug\HandBoard_Rev1.a(QuadDec_Cnt16.o)
                0x000022a0                QuadDec_Cnt16_Enable
 .text.QuadDec_Cnt16_SetInterruptMode
                0x000022b4        0xc .\CortexM0\ARM_GCC_541\Debug\HandBoard_Rev1.a(QuadDec_Cnt16.o)
                0x000022b4                QuadDec_Cnt16_SetInterruptMode
 .text.QuadDec_Cnt16_ReadStatusRegister
                0x000022c0        0xc .\CortexM0\ARM_GCC_541\Debug\HandBoard_Rev1.a(QuadDec_Cnt16.o)
                0x000022c0                QuadDec_Cnt16_ReadStatusRegister
 .text.QuadDec_Cnt16_WriteCounter
                0x000022cc        0xc .\CortexM0\ARM_GCC_541\Debug\HandBoard_Rev1.a(QuadDec_Cnt16.o)
                0x000022cc                QuadDec_Cnt16_WriteCounter
 .text.QuadDec_Cnt16_ReadCounter
                0x000022d8       0x14 .\CortexM0\ARM_GCC_541\Debug\HandBoard_Rev1.a(QuadDec_Cnt16.o)
                0x000022d8                QuadDec_Cnt16_ReadCounter
 .text.QuadDec_Cnt16_ReadCapture
                0x000022ec        0xc .\CortexM0\ARM_GCC_541\Debug\HandBoard_Rev1.a(QuadDec_Cnt16.o)
                0x000022ec                QuadDec_Cnt16_ReadCapture
 .text.QuadDec_Cnt16_WritePeriod
                0x000022f8        0xc .\CortexM0\ARM_GCC_541\Debug\HandBoard_Rev1.a(QuadDec_Cnt16.o)
                0x000022f8                QuadDec_Cnt16_WritePeriod
 .text.QuadDec_Cnt16_WriteCompare
                0x00002304        0xc .\CortexM0\ARM_GCC_541\Debug\HandBoard_Rev1.a(QuadDec_Cnt16.o)
                0x00002304                QuadDec_Cnt16_WriteCompare
 .text.QuadDec_Cnt16_ClearFIFO
                0x00002310       0x14 .\CortexM0\ARM_GCC_541\Debug\HandBoard_Rev1.a(QuadDec_Cnt16.o)
                0x00002310                QuadDec_Cnt16_ClearFIFO
 .text.QuadDec_Cnt16_Init
                0x00002324       0x58 .\CortexM0\ARM_GCC_541\Debug\HandBoard_Rev1.a(QuadDec_Cnt16.o)
                0x00002324                QuadDec_Cnt16_Init
 .text.QuadDec_Cnt16_Start
                0x0000237c       0x20 .\CortexM0\ARM_GCC_541\Debug\HandBoard_Rev1.a(QuadDec_Cnt16.o)
                0x0000237c                QuadDec_Cnt16_Start
 .text.ERROR_LED_Write
                0x0000239c       0x18 .\CortexM0\ARM_GCC_541\Debug\HandBoard_Rev1.a(ERROR_LED.o)
                0x0000239c                ERROR_LED_Write
 *fill*         0x000023b4        0x4 
 .text          0x000023b8       0x20 .\CortexM0\ARM_GCC_541\Debug\HandBoard_Rev1.a(CyBootAsmGnu.o)
                0x000023b8                CyDelayCycles
                0x000023ca                CyEnterCriticalSection
                0x000023d2                CyExitCriticalSection
 .text.CySysFlashSetWaitCycles
                0x000023d8       0x54 .\CortexM0\ARM_GCC_541\Debug\HandBoard_Rev1.a(CyFlash.o)
                0x000023d8                CySysFlashSetWaitCycles
 .text.CySetReg24
                0x0000242c       0x14 .\CortexM0\ARM_GCC_541\Debug\HandBoard_Rev1.a(cyutils.o)
                0x0000242c                CySetReg24
 .text.CyGetReg24
                0x00002440       0x14 .\CortexM0\ARM_GCC_541\Debug\HandBoard_Rev1.a(cyutils.o)
                0x00002440                CyGetReg24
 .text.UART_SpiUartWriteTxData
                0x00002454       0x1c .\CortexM0\ARM_GCC_541\Debug\HandBoard_Rev1.a(UART_SPI_UART.o)
                0x00002454                UART_SpiUartWriteTxData
 .text.UART_SPI_UART_ISR
                0x00002470       0x78 .\CortexM0\ARM_GCC_541\Debug\HandBoard_Rev1.a(UART_SPI_UART_INT.o)
                0x00002470                UART_SPI_UART_ISR
 .text          0x000024e8      0x114 c:/program files (x86)/cypress/psoc creator/4.4/psoc creator/import/gnu/arm/5.4.1/bin/../lib/gcc/arm-none-eabi/5.4.1/armv6-m\libgcc.a(_udivsi3.o)
                0x000024e8                __aeabi_uidiv
                0x000024e8                __udivsi3
                0x000025f4                __aeabi_uidivmod
 .text          0x000025fc      0x1d4 c:/program files (x86)/cypress/psoc creator/4.4/psoc creator/import/gnu/arm/5.4.1/bin/../lib/gcc/arm-none-eabi/5.4.1/armv6-m\libgcc.a(_divsi3.o)
                0x000025fc                __divsi3
                0x000025fc                __aeabi_idiv
                0x000027c8                __aeabi_idivmod
 .text          0x000027d0        0x4 c:/program files (x86)/cypress/psoc creator/4.4/psoc creator/import/gnu/arm/5.4.1/bin/../lib/gcc/arm-none-eabi/5.4.1/armv6-m\libgcc.a(_dvmd_tls.o)
                0x000027d0                __aeabi_idiv0
                0x000027d0                __aeabi_ldiv0
 .text.__errno  0x000027d4        0xc c:/program files (x86)/cypress/psoc creator/4.4/psoc creator/import/gnu/arm/5.4.1/bin/../lib/gcc/arm-none-eabi/5.4.1/../../../../arm-none-eabi/lib/armv6-m\libg_nano.a(lib_a-errno.o)
                0x000027d4                __errno
 .text.__libc_init_array
                0x000027e0       0x4c c:/program files (x86)/cypress/psoc creator/4.4/psoc creator/import/gnu/arm/5.4.1/bin/../lib/gcc/arm-none-eabi/5.4.1/../../../../arm-none-eabi/lib/armv6-m\libg_nano.a(lib_a-init.o)
                0x000027e0                __libc_init_array
 .text.memcpy   0x0000282c       0x12 c:/program files (x86)/cypress/psoc creator/4.4/psoc creator/import/gnu/arm/5.4.1/bin/../lib/gcc/arm-none-eabi/5.4.1/../../../../arm-none-eabi/lib/armv6-m\libg_nano.a(lib_a-memcpy-stub.o)
                0x0000282c                memcpy
 .text.memset   0x0000283e       0x10 c:/program files (x86)/cypress/psoc creator/4.4/psoc creator/import/gnu/arm/5.4.1/bin/../lib/gcc/arm-none-eabi/5.4.1/../../../../arm-none-eabi/lib/armv6-m\libg_nano.a(lib_a-memset.o)
                0x0000283e                memset
 *fill*         0x0000284e        0x2 
 .text.sprintf  0x00002850       0x44 c:/program files (x86)/cypress/psoc creator/4.4/psoc creator/import/gnu/arm/5.4.1/bin/../lib/gcc/arm-none-eabi/5.4.1/../../../../arm-none-eabi/lib/armv6-m\libg_nano.a(lib_a-sprintf.o)
                0x00002850                siprintf
                0x00002850                sprintf
 .text.__ssputs_r
                0x00002894       0xc4 c:/program files (x86)/cypress/psoc creator/4.4/psoc creator/import/gnu/arm/5.4.1/bin/../lib/gcc/arm-none-eabi/5.4.1/../../../../arm-none-eabi/lib/armv6-m\libg_nano.a(lib_a-nano-svfprintf.o)
                0x00002894                __ssputs_r
 .text._svfprintf_r
                0x00002958      0x1fc c:/program files (x86)/cypress/psoc creator/4.4/psoc creator/import/gnu/arm/5.4.1/bin/../lib/gcc/arm-none-eabi/5.4.1/../../../../arm-none-eabi/lib/armv6-m\libg_nano.a(lib_a-nano-svfprintf.o)
                0x00002958                _svfiprintf_r
                0x00002958                _svfprintf_r
 .text._printf_common
                0x00002b54       0xdc c:/program files (x86)/cypress/psoc creator/4.4/psoc creator/import/gnu/arm/5.4.1/bin/../lib/gcc/arm-none-eabi/5.4.1/../../../../arm-none-eabi/lib/armv6-m\libg_nano.a(lib_a-nano-vfprintf_i.o)
                0x00002b54                _printf_common
 .text._printf_i
                0x00002c30      0x244 c:/program files (x86)/cypress/psoc creator/4.4/psoc creator/import/gnu/arm/5.4.1/bin/../lib/gcc/arm-none-eabi/5.4.1/../../../../arm-none-eabi/lib/armv6-m\libg_nano.a(lib_a-nano-vfprintf_i.o)
                0x00002c30                _printf_i
 .text.memchr   0x00002e74       0x16 c:/program files (x86)/cypress/psoc creator/4.4/psoc creator/import/gnu/arm/5.4.1/bin/../lib/gcc/arm-none-eabi/5.4.1/../../../../arm-none-eabi/lib/armv6-m\libg_nano.a(lib_a-memchr-stub.o)
                0x00002e74                memchr
 .text.memmove  0x00002e8a       0x2a c:/program files (x86)/cypress/psoc creator/4.4/psoc creator/import/gnu/arm/5.4.1/bin/../lib/gcc/arm-none-eabi/5.4.1/../../../../arm-none-eabi/lib/armv6-m\libg_nano.a(lib_a-memmove.o)
                0x00002e8a                memmove
 .text._free_r  0x00002eb4       0x98 c:/program files (x86)/cypress/psoc creator/4.4/psoc creator/import/gnu/arm/5.4.1/bin/../lib/gcc/arm-none-eabi/5.4.1/../../../../arm-none-eabi/lib/armv6-m\libg_nano.a(lib_a-nano-freer.o)
                0x00002eb4                _free_r
 .text._malloc_r
                0x00002f4c       0xc0 c:/program files (x86)/cypress/psoc creator/4.4/psoc creator/import/gnu/arm/5.4.1/bin/../lib/gcc/arm-none-eabi/5.4.1/../../../../arm-none-eabi/lib/armv6-m\libg_nano.a(lib_a-nano-mallocr.o)
                0x00002f4c                _malloc_r
 .text._realloc_r
                0x0000300c       0x4c c:/program files (x86)/cypress/psoc creator/4.4/psoc creator/import/gnu/arm/5.4.1/bin/../lib/gcc/arm-none-eabi/5.4.1/../../../../arm-none-eabi/lib/armv6-m\libg_nano.a(lib_a-nano-reallocr.o)
                0x0000300c                _realloc_r
 .text._sbrk_r  0x00003058       0x24 c:/program files (x86)/cypress/psoc creator/4.4/psoc creator/import/gnu/arm/5.4.1/bin/../lib/gcc/arm-none-eabi/5.4.1/../../../../arm-none-eabi/lib/armv6-m\libg_nano.a(lib_a-sbrkr.o)
                0x00003058                _sbrk_r
 .text.__malloc_lock
                0x0000307c        0x2 c:/program files (x86)/cypress/psoc creator/4.4/psoc creator/import/gnu/arm/5.4.1/bin/../lib/gcc/arm-none-eabi/5.4.1/../../../../arm-none-eabi/lib/armv6-m\libg_nano.a(lib_a-mlock.o)
                0x0000307c                __malloc_lock
 .text.__malloc_unlock
                0x0000307e        0x2 c:/program files (x86)/cypress/psoc creator/4.4/psoc creator/import/gnu/arm/5.4.1/bin/../lib/gcc/arm-none-eabi/5.4.1/../../../../arm-none-eabi/lib/armv6-m\libg_nano.a(lib_a-mlock.o)
                0x0000307e                __malloc_unlock
 .text._malloc_usable_size_r
                0x00003080       0x16 c:/program files (x86)/cypress/psoc creator/4.4/psoc creator/import/gnu/arm/5.4.1/bin/../lib/gcc/arm-none-eabi/5.4.1/../../../../arm-none-eabi/lib/armv6-m\libg_nano.a(lib_a-nano-msizer.o)
                0x00003080                _malloc_usable_size_r
 *(.plt)
 *(.gnu.warning)
 *(.glue_7t)
 .glue_7t       0x00003096        0x0 linker stubs
 *(.glue_7)
 .glue_7        0x00003096        0x0 linker stubs
 *(.vfp11_veneer)
 .vfp11_veneer  0x00003096        0x0 linker stubs
 *(.bootloader)
 *(.ARM.extab* .gnu.linkonce.armextab.*)
 *(.gcc_except_table)

.v4_bx          0x00003098        0x0
 .v4_bx         0x00003098        0x0 linker stubs

.iplt           0x00003098        0x0
 .iplt          0x00003098        0x0 c:/program files (x86)/cypress/psoc creator/4.4/psoc creator/import/gnu/arm/5.4.1/bin/../lib/gcc/arm-none-eabi/5.4.1/armv6-m/crtbegin.o

.eh_frame_hdr
 *(.eh_frame_hdr)

.eh_frame       0x00003098        0x4
 *(.eh_frame)
 .eh_frame      0x00003098        0x0 c:/program files (x86)/cypress/psoc creator/4.4/psoc creator/import/gnu/arm/5.4.1/bin/../lib/gcc/arm-none-eabi/5.4.1/armv6-m/crtbegin.o
 .eh_frame      0x00003098        0x4 c:/program files (x86)/cypress/psoc creator/4.4/psoc creator/import/gnu/arm/5.4.1/bin/../lib/gcc/arm-none-eabi/5.4.1/armv6-m/crtend.o
                [!provide]                PROVIDE (__exidx_start, .)

.ARM.exidx
 *(.ARM.exidx* .gnu.linkonce.armexidx.*)
                0x0000309c                __exidx_end = .

.rodata         0x0000309c      0x6dc
 *(.rodata .rodata.* .gnu.linkonce.r.*)
 .rodata.str1.4
                0x0000309c       0x30 .\CortexM0\ARM_GCC_541\Debug\main.o
                                 0x2e (size before relaxing)
 .rodata        0x000030cc      0x4b0 .\CortexM0\ARM_GCC_541\Debug\cyfitter_cfg.o
 .rodata        0x0000357c       0x2e .\CortexM0\ARM_GCC_541\Debug\HandBoard_Rev1.a(CyLib.o)
                0x0000357c                cyImoFreqMhz2Reg
 *fill*         0x000035aa        0x2 
 .rodata        0x000035ac      0x160 .\CortexM0\ARM_GCC_541\Debug\HandBoard_Rev1.a(CAN.o)
 .rodata.str1.1
                0x0000370c        0x2 c:/program files (x86)/cypress/psoc creator/4.4/psoc creator/import/gnu/arm/5.4.1/bin/../lib/gcc/arm-none-eabi/5.4.1/../../../../arm-none-eabi/lib/armv6-m\libg_nano.a(lib_a-impure.o)
 .rodata.str1.1
                0x0000370e       0x11 c:/program files (x86)/cypress/psoc creator/4.4/psoc creator/import/gnu/arm/5.4.1/bin/../lib/gcc/arm-none-eabi/5.4.1/../../../../arm-none-eabi/lib/armv6-m\libg_nano.a(lib_a-nano-svfprintf.o)
 .rodata.str1.1
                0x0000371f       0x22 c:/program files (x86)/cypress/psoc creator/4.4/psoc creator/import/gnu/arm/5.4.1/bin/../lib/gcc/arm-none-eabi/5.4.1/../../../../arm-none-eabi/lib/armv6-m\libg_nano.a(lib_a-nano-vfprintf_i.o)
                0x00003744                . = ALIGN (0x4)
 *fill*         0x00003741        0x3 
 *(.init)
 .init          0x00003744        0x4 c:/program files (x86)/cypress/psoc creator/4.4/psoc creator/import/gnu/arm/5.4.1/bin/../lib/gcc/arm-none-eabi/5.4.1/armv6-m/crti.o
                0x00003744                _init
 .init          0x00003748        0x8 c:/program files (x86)/cypress/psoc creator/4.4/psoc creator/import/gnu/arm/5.4.1/bin/../lib/gcc/arm-none-eabi/5.4.1/armv6-m/crtn.o
                0x00003750                . = ALIGN (0x4)
                0x00003750                __preinit_array_start = .
 *(.preinit_array)
                0x00003750                __preinit_array_end = .
                0x00003750                . = ALIGN (0x4)
                0x00003750                __init_array_start = .
 *(SORT(.init_array.*))
 *(.init_array)
 .init_array    0x00003750        0x4 c:/program files (x86)/cypress/psoc creator/4.4/psoc creator/import/gnu/arm/5.4.1/bin/../lib/gcc/arm-none-eabi/5.4.1/armv6-m/crtbegin.o
 .init_array    0x00003754        0x4 .\CortexM0\ARM_GCC_541\Debug\Cm0Start.o
                0x00003758                __init_array_end = .
                0x00003758                . = ALIGN (0x4)
 *(.fini)
 .fini          0x00003758        0x4 c:/program files (x86)/cypress/psoc creator/4.4/psoc creator/import/gnu/arm/5.4.1/bin/../lib/gcc/arm-none-eabi/5.4.1/armv6-m/crti.o
                0x00003758                _fini
 .fini          0x0000375c        0x8 c:/program files (x86)/cypress/psoc creator/4.4/psoc creator/import/gnu/arm/5.4.1/bin/../lib/gcc/arm-none-eabi/5.4.1/armv6-m/crtn.o
                0x00003764                . = ALIGN (0x4)
                0x00003764                __fini_array_start = .
 *(.fini_array)
 .fini_array    0x00003764        0x4 c:/program files (x86)/cypress/psoc creator/4.4/psoc creator/import/gnu/arm/5.4.1/bin/../lib/gcc/arm-none-eabi/5.4.1/armv6-m/crtbegin.o
 *(SORT(.fini_array.*))
                0x00003768                __fini_array_end = .
                0x00003768                . = ALIGN (0x4)
 *crtbegin.o(.ctors)
 *(EXCLUDE_FILE(*crtend.o) .ctors)
 *(SORT(.ctors.*))
 *crtend.o(.ctors)
                0x00003768                . = ALIGN (0x4)
 *crtbegin.o(.dtors)
 *(EXCLUDE_FILE(*crtend.o) .dtors)
 *(SORT(.dtors.*))
 *crtend.o(.dtors)
                0x00003768                . = ALIGN (0x4)
                0x00003768                __cy_regions = .
                0x00003768        0x4 LONG 0x3778 __cy_region_init_ram
                0x0000376c        0x4 LONG 0x200000c0 __cy_region_start_data
                0x00003770        0x4 LONG 0x98 __cy_region_init_size_ram
                0x00003774        0x4 LONG 0x238 __cy_region_zero_size_ram
                0x00003778                __cy_regions_end = .
                0x00003778                . = ALIGN (0x8)
                0x00003778                _etext = .

.cy_checksum_exclude
                0x00003778        0x0
 *(.cy_checksum_exclude)

.ramvectors     0x20000000       0xc0
                0x20000000                __cy_region_start_ram = .
 *(.ramvectors)
 .ramvectors    0x20000000       0xc0 .\CortexM0\ARM_GCC_541\Debug\Cm0Start.o
                0x20000000                CyRamVectors

.noinit
 *(.noinit)

.data           0x200000c0       0x98 load address 0x00003778
                0x200000c0                __cy_region_start_data = .
 *(.jcr)
 .jcr           0x200000c0        0x0 c:/program files (x86)/cypress/psoc creator/4.4/psoc creator/import/gnu/arm/5.4.1/bin/../lib/gcc/arm-none-eabi/5.4.1/armv6-m/crtbegin.o
 .jcr           0x200000c0        0x4 c:/program files (x86)/cypress/psoc creator/4.4/psoc creator/import/gnu/arm/5.4.1/bin/../lib/gcc/arm-none-eabi/5.4.1/armv6-m/crtend.o
 *(.got.plt)
 *(.got)
 *(.shdata)
 *(.data .data.* .gnu.linkonce.d.*)
 .data          0x200000c4        0xc .\CortexM0\ARM_GCC_541\Debug\PositionPID.o
                0x200000c4                maxPWM
                0x200000c8                flipEncoder
                0x200000cc                integralClamp
 .data          0x200000d0        0x2 .\CortexM0\ARM_GCC_541\Debug\Motor_Unit_FSM.o
                0x200000d0                motorUnitMode
                0x200000d1                motorUnitState
 *fill*         0x200000d2        0x2 
 .data          0x200000d4        0x4 .\CortexM0\ARM_GCC_541\Debug\Cm0Start.o
 .data          0x200000d8       0x14 .\CortexM0\ARM_GCC_541\Debug\HandBoard_Rev1.a(CyLib.o)
                0x200000d8                CySysClkPumpConfig
                0x200000dc                cydelay32kMs
                0x200000e0                cydelayFreqKhz
                0x200000e4                cydelayFreqMhz
                0x200000e8                cydelayFreqHz
 .data          0x200000ec        0x8 .\CortexM0\ARM_GCC_541\Debug\HandBoard_Rev1.a(CyLFClk.o)
 .data.impure_data
                0x200000f4       0x60 c:/program files (x86)/cypress/psoc creator/4.4/psoc creator/import/gnu/arm/5.4.1/bin/../lib/gcc/arm-none-eabi/5.4.1/../../../../arm-none-eabi/lib/armv6-m\libg_nano.a(lib_a-impure.o)
 .data._impure_ptr
                0x20000154        0x4 c:/program files (x86)/cypress/psoc creator/4.4/psoc creator/import/gnu/arm/5.4.1/bin/../lib/gcc/arm-none-eabi/5.4.1/../../../../arm-none-eabi/lib/armv6-m\libg_nano.a(lib_a-impure.o)
                0x20000154                _impure_ptr
                0x20000158                . = ALIGN (0x8)
 *(.ram)
                0x20000158                _edata = .

.igot.plt       0x20000158        0x0 load address 0x00003810
 .igot.plt      0x20000158        0x0 c:/program files (x86)/cypress/psoc creator/4.4/psoc creator/import/gnu/arm/5.4.1/bin/../lib/gcc/arm-none-eabi/5.4.1/armv6-m/crtbegin.o

.bss            0x20000158      0x238 load address 0x00003810
                0x20000158                PROVIDE (__bss_start__, .)
 *(.shbss)
 *(.bss .bss.* .gnu.linkonce.b.*)
 .bss           0x20000158       0x1c c:/program files (x86)/cypress/psoc creator/4.4/psoc creator/import/gnu/arm/5.4.1/bin/../lib/gcc/arm-none-eabi/5.4.1/armv6-m/crtbegin.o
 .bss           0x20000174        0xd .\CortexM0\ARM_GCC_541\Debug\main.o
                0x20000174                CAN_time_LED
                0x20000175                CAN_check_delay
                0x20000176                ERRORTimeLED
                0x20000177                encoderTimeOut
                0x20000178                ignoreLimSw
                0x20000179                address
                0x2000017a                nextPWM
                0x2000017c                millidegreeTarget
                0x20000180                drive
 *fill*         0x20000181        0x3 
 .bss           0x20000184       0x22 .\CortexM0\ARM_GCC_541\Debug\PositionPID.o
                0x20000184                integral
                0x20000188                lastPosition
                0x2000018c                enabledPID
                0x20000190                kPosition
                0x20000194                kIntegral
                0x20000198                kDerivative
                0x2000019c                kPPJR
                0x200001a0                PWM
                0x200001a4                complete
                0x200001a5                usingPot
 .bss           0x200001a6        0x1 .\CortexM0\ARM_GCC_541\Debug\Motor_Unit_FSM.o
                0x200001a6                PIDConstSetReg
 *fill*         0x200001a7        0x1 
 .bss           0x200001a8        0x8 .\CortexM0\ARM_GCC_541\Debug\MotorDrive.o
                0x200001a8                invalidate
                0x200001ac                currentPWM
 .bss           0x200001b0        0x4 .\CortexM0\ARM_GCC_541\Debug\PortPSOC_CY8C4248AZI_L485.o
                0x200001b0                latestMessageFull
                0x200001b1                latestMessageHead
                0x200001b2                latestMessageTail
                0x200001b3                messageReadFlag
 .bss           0x200001b4       0x20 .\CortexM0\ARM_GCC_541\Debug\HandBoard_Rev1.a(CyLib.o)
                0x200001b4                CySysClkImoTrim4
                0x200001b8                CySysClkImoTrim5
                0x200001d0                CySysTickInitVar
 .bss           0x200001d4       0x28 .\CortexM0\ARM_GCC_541\Debug\HandBoard_Rev1.a(CyLFClk.o)
 .bss           0x200001fc        0x1 .\CortexM0\ARM_GCC_541\Debug\HandBoard_Rev1.a(PWM_Motor.o)
                0x200001fc                PWM_Motor_initVar
 .bss           0x200001fd        0x1 .\CortexM0\ARM_GCC_541\Debug\HandBoard_Rev1.a(CAN.o)
                0x200001fd                CAN_initVar
 *fill*         0x200001fe        0x2 
 .bss           0x20000200        0xa .\CortexM0\ARM_GCC_541\Debug\HandBoard_Rev1.a(UART.o)
                0x20000200                UART_initVar
                0x20000204                UART_customIntrHandler
                0x20000208                UART_IntrTxMask
 .bss           0x2000020a        0x1 .\CortexM0\ARM_GCC_541\Debug\HandBoard_Rev1.a(Timer_PWM.o)
                0x2000020a                Timer_PWM_initVar
 .bss           0x2000020b        0x1 .\CortexM0\ARM_GCC_541\Debug\HandBoard_Rev1.a(QuadDec.o)
                0x2000020b                QuadDec_initVar
 .bss           0x2000020c        0x4 .\CortexM0\ARM_GCC_541\Debug\HandBoard_Rev1.a(QuadDec_INT.o)
                0x2000020c                QuadDec_count32SoftPart
 .bss           0x20000210        0x1 .\CortexM0\ARM_GCC_541\Debug\HandBoard_Rev1.a(QuadDec_Cnt16.o)
                0x20000210                QuadDec_Cnt16_initVar
 *fill*         0x20000211        0x3 
 .bss.__malloc_sbrk_start
                0x20000214        0x4 c:/program files (x86)/cypress/psoc creator/4.4/psoc creator/import/gnu/arm/5.4.1/bin/../lib/gcc/arm-none-eabi/5.4.1/../../../../arm-none-eabi/lib/armv6-m\libg_nano.a(lib_a-nano-mallocr.o)
                0x20000214                __malloc_sbrk_start
 .bss.__malloc_free_list
                0x20000218        0x4 c:/program files (x86)/cypress/psoc creator/4.4/psoc creator/import/gnu/arm/5.4.1/bin/../lib/gcc/arm-none-eabi/5.4.1/../../../../arm-none-eabi/lib/armv6-m\libg_nano.a(lib_a-nano-mallocr.o)
                0x20000218                __malloc_free_list
 *(COMMON)
 COMMON         0x2000021c       0x7c .\CortexM0\ARM_GCC_541\Debug\main.o
                0x2000021c                txData
                0x20000280                can_send
                0x2000028c                can_recieve
 COMMON         0x20000298       0xd8 .\CortexM0\ARM_GCC_541\Debug\PortPSOC_CY8C4248AZI_L485.o
                0x20000298                deviceGroup
                0x2000029c                rxMailbox
                0x200002ac                deviceAddress
                0x200002b0                latestMessage
 COMMON         0x20000370       0x1c .\CortexM0\ARM_GCC_541\Debug\HandBoard_Rev1.a(UART_SPI_UART.o)
                0x20000370                UART_rxBufferTail
                0x20000374                UART_rxBufferInternal
                0x20000385                UART_rxBufferOverflow
                0x20000388                UART_rxBufferHead
 COMMON         0x2000038c        0x4 c:/program files (x86)/cypress/psoc creator/4.4/psoc creator/import/gnu/arm/5.4.1/bin/../lib/gcc/arm-none-eabi/5.4.1/../../../../arm-none-eabi/lib/armv6-m\libg_nano.a(lib_a-reent.o)
                0x2000038c                errno
                0x20000390                . = ALIGN (0x8)
 *(.ram.b)
                0x20000390                _end = .
                0x20000390                __end = .
                0x20000390                PROVIDE (end, .)
                0x20000390                PROVIDE (__bss_end__, .)
                0x00003778                __cy_region_init_ram = LOADADDR (.data)
                0x00000098                __cy_region_init_size_ram = (_edata - ADDR (.data))
                0x00000238                __cy_region_zero_size_ram = (_end - _edata)

.heap           0x20000390       0x80 load address 0x00003810
                0x20000390                . = _end
                0x20000410                . = (. + 0x80)
 *fill*         0x20000390       0x80 
                0x20000410                __cy_heap_limit = .

.stack          0x20007800      0x800
                0x20007800                __cy_stack_limit = .
                0x20008000                . = (. + 0x800)
 *fill*         0x20007800      0x800 
                0x00000001                ASSERT ((__cy_stack_limit >= __cy_heap_limit), region RAM overflowed with stack)
                0x00000000                cy_checksum_exclude_size = (CY_APPL_LOADABLE == 0x1)?SIZEOF (.cy_checksum_exclude):0x0
                0x00000001                ASSERT ((cy_checksum_exclude_size <= CY_CHECKSUM_EXCLUDE_SIZE), CY_BOOT: Section .cy_checksum_exclude size exceedes specified limit.)
                0x0003ffc0                cyloadermeta_start = (cy_project_type_bootloader || cy_project_type_app_for_stack_and_copier)?(LENGTH (rom) - CY_METADATA_SIZE):0xf0000000

.cyloadermeta
 *(.cyloadermeta)
                0x0003ffc0                cyloadablemeta_start = cy_project_type_app_for_stack_and_copier?((LENGTH (rom) - CY_FLASH_ROW_SIZE) - CY_METADATA_SIZE):((LENGTH (rom) - (CY_FLASH_ROW_SIZE * (CY_APPL_NUM - 0x1))) - CY_METADATA_SIZE)

.cyloadablemeta
 *(.cyloadablemeta)

.cyflashprotect
                0x90400000       0x80
 *(.cyflashprotect)
 .cyflashprotect
                0x90400000       0x80 .\CortexM0\ARM_GCC_541\Debug\cymetadata.o
                0x90400000                cy_meta_flashprotect

.cymeta         0x90500000        0xc
 *(.cymeta)
 .cymeta        0x90500000        0xc .\CortexM0\ARM_GCC_541\Debug\cymetadata.o
                0x90500000                cy_metadata

.cychipprotect  0x90600000        0x1
 *(.cychipprotect)
 .cychipprotect
                0x90600000        0x1 .\CortexM0\ARM_GCC_541\Debug\cymetadata.o
                0x90600000                cy_meta_chipprotect

.rel.dyn        0x00003810        0x0 load address 0x90600004
 .rel.iplt      0x00003810        0x0 c:/program files (x86)/cypress/psoc creator/4.4/psoc creator/import/gnu/arm/5.4.1/bin/../lib/gcc/arm-none-eabi/5.4.1/armv6-m/crtbegin.o

.stab
 *(.stab)

.stabstr
 *(.stabstr)

.debug
 *(.debug)

.line
 *(.line)

.debug_srcinfo
 *(.debug_srcinfo)

.debug_sfnames
 *(.debug_sfnames)

.debug_aranges  0x00000000     0x1498
 *(.debug_aranges)
 .debug_aranges
                0x00000000       0x50 .\CortexM0\ARM_GCC_541\Debug\main.o
 .debug_aranges
                0x00000050       0xc8 .\CortexM0\ARM_GCC_541\Debug\PositionPID.o
 .debug_aranges
                0x00000118       0x78 .\CortexM0\ARM_GCC_541\Debug\Motor_Unit_FSM.o
 .debug_aranges
                0x00000190       0x28 .\CortexM0\ARM_GCC_541\Debug\MotorDrive.o
 .debug_aranges
                0x000001b8       0x68 .\CortexM0\ARM_GCC_541\Debug\PortPSOC_CY8C4248AZI_L485.o
 .debug_aranges
                0x00000220       0xc0 .\CortexM0\ARM_GCC_541\Debug\CANCommon.o
 .debug_aranges
                0x000002e0       0x88 .\CortexM0\ARM_GCC_541\Debug\CANGPIO.o
 .debug_aranges
                0x00000368       0x18 .\CortexM0\ARM_GCC_541\Debug\CANLocalization.o
 .debug_aranges
                0x00000380      0x128 .\CortexM0\ARM_GCC_541\Debug\CANMotorUnit.o
 .debug_aranges
                0x000004a8       0xa8 .\CortexM0\ARM_GCC_541\Debug\CANPacket.o
 .debug_aranges
                0x00000550       0x40 .\CortexM0\ARM_GCC_541\Debug\CANPower.o
 .debug_aranges
                0x00000590       0x50 .\CortexM0\ARM_GCC_541\Debug\CANScience.o
 .debug_aranges
                0x000005e0       0x28 .\CortexM0\ARM_GCC_541\Debug\Motor_Unit_CAN.o
 .debug_aranges
                0x00000608       0x60 .\CortexM0\ARM_GCC_541\Debug\PCA9685.o
 .debug_aranges
                0x00000668       0x48 .\CortexM0\ARM_GCC_541\Debug\cyfitter_cfg.o
 .debug_aranges
                0x000006b0       0x18 .\CortexM0\ARM_GCC_541\Debug\cymetadata.o
 .debug_aranges
                0x000006c8       0x48 .\CortexM0\ARM_GCC_541\Debug\Cm0Start.o
 .debug_aranges
                0x00000710      0x270 .\CortexM0\ARM_GCC_541\Debug\HandBoard_Rev1.a(CyLib.o)
 .debug_aranges
                0x00000980      0x188 .\CortexM0\ARM_GCC_541\Debug\HandBoard_Rev1.a(CyLFClk.o)
 .debug_aranges
                0x00000b08       0x48 .\CortexM0\ARM_GCC_541\Debug\HandBoard_Rev1.a(Pin_Direction.o)
 .debug_aranges
                0x00000b50       0x80 .\CortexM0\ARM_GCC_541\Debug\HandBoard_Rev1.a(isr_Limit_1.o)
 .debug_aranges
                0x00000bd0      0x158 .\CortexM0\ARM_GCC_541\Debug\HandBoard_Rev1.a(PWM_Motor.o)
 .debug_aranges
                0x00000d28       0x40 .\CortexM0\ARM_GCC_541\Debug\HandBoard_Rev1.a(Status_Reg_Switches.o)
 .debug_aranges
                0x00000d68       0xe8 .\CortexM0\ARM_GCC_541\Debug\HandBoard_Rev1.a(CAN.o)
 .debug_aranges
                0x00000e50       0x20 .\CortexM0\ARM_GCC_541\Debug\HandBoard_Rev1.a(CAN_INT.o)
 .debug_aranges
                0x00000e70       0x30 .\CortexM0\ARM_GCC_541\Debug\HandBoard_Rev1.a(CAN_TX_RX_func.o)
 .debug_aranges
                0x00000ea0       0x68 .\CortexM0\ARM_GCC_541\Debug\HandBoard_Rev1.a(UART.o)
 .debug_aranges
                0x00000f08       0x90 .\CortexM0\ARM_GCC_541\Debug\HandBoard_Rev1.a(UART_UART.o)
 .debug_aranges
                0x00000f98       0x40 .\CortexM0\ARM_GCC_541\Debug\HandBoard_Rev1.a(Can_addr.o)
 .debug_aranges
                0x00000fd8       0x90 .\CortexM0\ARM_GCC_541\Debug\HandBoard_Rev1.a(Timer_PWM.o)
 .debug_aranges
                0x00001068       0x60 .\CortexM0\ARM_GCC_541\Debug\HandBoard_Rev1.a(QuadDec.o)
 .debug_aranges
                0x000010c8       0x20 .\CortexM0\ARM_GCC_541\Debug\HandBoard_Rev1.a(QuadDec_INT.o)
 .debug_aranges
                0x000010e8       0x80 .\CortexM0\ARM_GCC_541\Debug\HandBoard_Rev1.a(isr_period_PWM.o)
 .debug_aranges
                0x00001168       0x98 .\CortexM0\ARM_GCC_541\Debug\HandBoard_Rev1.a(QuadDec_Cnt16.o)
 .debug_aranges
                0x00001200       0x48 .\CortexM0\ARM_GCC_541\Debug\HandBoard_Rev1.a(ERROR_LED.o)
 .debug_aranges
                0x00001248       0x60 .\CortexM0\ARM_GCC_541\Debug\HandBoard_Rev1.a(I2C.o)
 .debug_aranges
                0x000012a8       0x30 .\CortexM0\ARM_GCC_541\Debug\HandBoard_Rev1.a(I2C_I2C.o)
 .debug_aranges
                0x000012d8       0x98 .\CortexM0\ARM_GCC_541\Debug\HandBoard_Rev1.a(I2C_I2C_MASTER.o)
 .debug_aranges
                0x00001370       0x20 .\CortexM0\ARM_GCC_541\Debug\HandBoard_Rev1.a(CyBootAsmGnu.o)
 .debug_aranges
                0x00001390       0x40 .\CortexM0\ARM_GCC_541\Debug\HandBoard_Rev1.a(CyFlash.o)
 .debug_aranges
                0x000013d0       0x28 .\CortexM0\ARM_GCC_541\Debug\HandBoard_Rev1.a(cyutils.o)
 .debug_aranges
                0x000013f8       0x60 .\CortexM0\ARM_GCC_541\Debug\HandBoard_Rev1.a(UART_SPI_UART.o)
 .debug_aranges
                0x00001458       0x20 .\CortexM0\ARM_GCC_541\Debug\HandBoard_Rev1.a(UART_SPI_UART_INT.o)
 .debug_aranges
                0x00001478       0x20 .\CortexM0\ARM_GCC_541\Debug\HandBoard_Rev1.a(I2C_I2C_INT.o)

.debug_pubnames
 *(.debug_pubnames)

.debug_info     0x00000000     0xce25
 *(.debug_info .gnu.linkonce.wi.*)
 .debug_info    0x00000000      0x6e4 .\CortexM0\ARM_GCC_541\Debug\main.o
 .debug_info    0x000006e4      0x59a .\CortexM0\ARM_GCC_541\Debug\PositionPID.o
 .debug_info    0x00000c7e      0x1ed .\CortexM0\ARM_GCC_541\Debug\Motor_Unit_FSM.o
 .debug_info    0x00000e6b      0x1cc .\CortexM0\ARM_GCC_541\Debug\MotorDrive.o
 .debug_info    0x00001037      0x639 .\CortexM0\ARM_GCC_541\Debug\PortPSOC_CY8C4248AZI_L485.o
 .debug_info    0x00001670      0xa46 .\CortexM0\ARM_GCC_541\Debug\CANCommon.o
 .debug_info    0x000020b6      0x60d .\CortexM0\ARM_GCC_541\Debug\CANGPIO.o
 .debug_info    0x000026c3       0x6b .\CortexM0\ARM_GCC_541\Debug\CANLocalization.o
 .debug_info    0x0000272e      0xf8e .\CortexM0\ARM_GCC_541\Debug\CANMotorUnit.o
 .debug_info    0x000036bc      0x641 .\CortexM0\ARM_GCC_541\Debug\CANPacket.o
 .debug_info    0x00003cfd      0x2ff .\CortexM0\ARM_GCC_541\Debug\CANPower.o
 .debug_info    0x00003ffc      0x353 .\CortexM0\ARM_GCC_541\Debug\CANScience.o
 .debug_info    0x0000434f      0x717 .\CortexM0\ARM_GCC_541\Debug\Motor_Unit_CAN.o
 .debug_info    0x00004a66      0x51c .\CortexM0\ARM_GCC_541\Debug\PCA9685.o
 .debug_info    0x00004f82      0x450 .\CortexM0\ARM_GCC_541\Debug\cyfitter_cfg.o
 .debug_info    0x000053d2       0xf8 .\CortexM0\ARM_GCC_541\Debug\cymetadata.o
 .debug_info    0x000054ca      0x3a2 .\CortexM0\ARM_GCC_541\Debug\Cm0Start.o
 .debug_info    0x0000586c     0x17f2 .\CortexM0\ARM_GCC_541\Debug\HandBoard_Rev1.a(CyLib.o)
 .debug_info    0x0000705e     0x1058 .\CortexM0\ARM_GCC_541\Debug\HandBoard_Rev1.a(CyLFClk.o)
 .debug_info    0x000080b6      0x19d .\CortexM0\ARM_GCC_541\Debug\HandBoard_Rev1.a(Pin_Direction.o)
 .debug_info    0x00008253      0x305 .\CortexM0\ARM_GCC_541\Debug\HandBoard_Rev1.a(isr_Limit_1.o)
 .debug_info    0x00008558      0x909 .\CortexM0\ARM_GCC_541\Debug\HandBoard_Rev1.a(PWM_Motor.o)
 .debug_info    0x00008e61      0x17f .\CortexM0\ARM_GCC_541\Debug\HandBoard_Rev1.a(Status_Reg_Switches.o)
 .debug_info    0x00008fe0      0x9c6 .\CortexM0\ARM_GCC_541\Debug\HandBoard_Rev1.a(CAN.o)
 .debug_info    0x000099a6       0xa0 .\CortexM0\ARM_GCC_541\Debug\HandBoard_Rev1.a(CAN_INT.o)
 .debug_info    0x00009a46      0x37e .\CortexM0\ARM_GCC_541\Debug\HandBoard_Rev1.a(CAN_TX_RX_func.o)
 .debug_info    0x00009dc4      0x2e9 .\CortexM0\ARM_GCC_541\Debug\HandBoard_Rev1.a(UART.o)
 .debug_info    0x0000a0ad      0x487 .\CortexM0\ARM_GCC_541\Debug\HandBoard_Rev1.a(UART_UART.o)
 .debug_info    0x0000a534      0x17f .\CortexM0\ARM_GCC_541\Debug\HandBoard_Rev1.a(Can_addr.o)
 .debug_info    0x0000a6b3      0x386 .\CortexM0\ARM_GCC_541\Debug\HandBoard_Rev1.a(Timer_PWM.o)
 .debug_info    0x0000aa39      0x3c9 .\CortexM0\ARM_GCC_541\Debug\HandBoard_Rev1.a(QuadDec.o)
 .debug_info    0x0000ae02       0xf3 .\CortexM0\ARM_GCC_541\Debug\HandBoard_Rev1.a(QuadDec_INT.o)
 .debug_info    0x0000aef5      0x305 .\CortexM0\ARM_GCC_541\Debug\HandBoard_Rev1.a(isr_period_PWM.o)
 .debug_info    0x0000b1fa      0x345 .\CortexM0\ARM_GCC_541\Debug\HandBoard_Rev1.a(QuadDec_Cnt16.o)
 .debug_info    0x0000b53f      0x19d .\CortexM0\ARM_GCC_541\Debug\HandBoard_Rev1.a(ERROR_LED.o)
 .debug_info    0x0000b6dc      0x298 .\CortexM0\ARM_GCC_541\Debug\HandBoard_Rev1.a(I2C.o)
 .debug_info    0x0000b974      0x195 .\CortexM0\ARM_GCC_541\Debug\HandBoard_Rev1.a(I2C_I2C.o)
 .debug_info    0x0000bb09      0x813 .\CortexM0\ARM_GCC_541\Debug\HandBoard_Rev1.a(I2C_I2C_MASTER.o)
 .debug_info    0x0000c31c       0xa4 .\CortexM0\ARM_GCC_541\Debug\HandBoard_Rev1.a(CyBootAsmGnu.o)
 .debug_info    0x0000c3c0      0x352 .\CortexM0\ARM_GCC_541\Debug\HandBoard_Rev1.a(CyFlash.o)
 .debug_info    0x0000c712      0x14b .\CortexM0\ARM_GCC_541\Debug\HandBoard_Rev1.a(cyutils.o)
 .debug_info    0x0000c85d      0x2df .\CortexM0\ARM_GCC_541\Debug\HandBoard_Rev1.a(UART_SPI_UART.o)
 .debug_info    0x0000cb3c      0x141 .\CortexM0\ARM_GCC_541\Debug\HandBoard_Rev1.a(UART_SPI_UART_INT.o)
 .debug_info    0x0000cc7d      0x1a8 .\CortexM0\ARM_GCC_541\Debug\HandBoard_Rev1.a(I2C_I2C_INT.o)

.debug_abbrev   0x00000000     0x334c
 *(.debug_abbrev)
 .debug_abbrev  0x00000000      0x1ad .\CortexM0\ARM_GCC_541\Debug\main.o
 .debug_abbrev  0x000001ad      0x1b9 .\CortexM0\ARM_GCC_541\Debug\PositionPID.o
 .debug_abbrev  0x00000366       0xd3 .\CortexM0\ARM_GCC_541\Debug\Motor_Unit_FSM.o
 .debug_abbrev  0x00000439       0xdc .\CortexM0\ARM_GCC_541\Debug\MotorDrive.o
 .debug_abbrev  0x00000515      0x1ad .\CortexM0\ARM_GCC_541\Debug\PortPSOC_CY8C4248AZI_L485.o
 .debug_abbrev  0x000006c2      0x149 .\CortexM0\ARM_GCC_541\Debug\CANCommon.o
 .debug_abbrev  0x0000080b      0x106 .\CortexM0\ARM_GCC_541\Debug\CANGPIO.o
 .debug_abbrev  0x00000911       0x26 .\CortexM0\ARM_GCC_541\Debug\CANLocalization.o
 .debug_abbrev  0x00000937      0x19d .\CortexM0\ARM_GCC_541\Debug\CANMotorUnit.o
 .debug_abbrev  0x00000ad4      0x16f .\CortexM0\ARM_GCC_541\Debug\CANPacket.o
 .debug_abbrev  0x00000c43      0x124 .\CortexM0\ARM_GCC_541\Debug\CANPower.o
 .debug_abbrev  0x00000d67       0xfe .\CortexM0\ARM_GCC_541\Debug\CANScience.o
 .debug_abbrev  0x00000e65      0x106 .\CortexM0\ARM_GCC_541\Debug\Motor_Unit_CAN.o
 .debug_abbrev  0x00000f6b      0x18c .\CortexM0\ARM_GCC_541\Debug\PCA9685.o
 .debug_abbrev  0x000010f7      0x1d8 .\CortexM0\ARM_GCC_541\Debug\cyfitter_cfg.o
 .debug_abbrev  0x000012cf       0x5d .\CortexM0\ARM_GCC_541\Debug\cymetadata.o
 .debug_abbrev  0x0000132c      0x1d7 .\CortexM0\ARM_GCC_541\Debug\Cm0Start.o
 .debug_abbrev  0x00001503      0x27b .\CortexM0\ARM_GCC_541\Debug\HandBoard_Rev1.a(CyLib.o)
 .debug_abbrev  0x0000177e      0x248 .\CortexM0\ARM_GCC_541\Debug\HandBoard_Rev1.a(CyLFClk.o)
 .debug_abbrev  0x000019c6       0xc8 .\CortexM0\ARM_GCC_541\Debug\HandBoard_Rev1.a(Pin_Direction.o)
 .debug_abbrev  0x00001a8e      0x19a .\CortexM0\ARM_GCC_541\Debug\HandBoard_Rev1.a(isr_Limit_1.o)
 .debug_abbrev  0x00001c28      0x119 .\CortexM0\ARM_GCC_541\Debug\HandBoard_Rev1.a(PWM_Motor.o)
 .debug_abbrev  0x00001d41       0xac .\CortexM0\ARM_GCC_541\Debug\HandBoard_Rev1.a(Status_Reg_Switches.o)
 .debug_abbrev  0x00001ded      0x186 .\CortexM0\ARM_GCC_541\Debug\HandBoard_Rev1.a(CAN.o)
 .debug_abbrev  0x00001f73       0x42 .\CortexM0\ARM_GCC_541\Debug\HandBoard_Rev1.a(CAN_INT.o)
 .debug_abbrev  0x00001fb5      0x159 .\CortexM0\ARM_GCC_541\Debug\HandBoard_Rev1.a(CAN_TX_RX_func.o)
 .debug_abbrev  0x0000210e      0x118 .\CortexM0\ARM_GCC_541\Debug\HandBoard_Rev1.a(UART.o)
 .debug_abbrev  0x00002226      0x145 .\CortexM0\ARM_GCC_541\Debug\HandBoard_Rev1.a(UART_UART.o)
 .debug_abbrev  0x0000236b       0xac .\CortexM0\ARM_GCC_541\Debug\HandBoard_Rev1.a(Can_addr.o)
 .debug_abbrev  0x00002417      0x167 .\CortexM0\ARM_GCC_541\Debug\HandBoard_Rev1.a(Timer_PWM.o)
 .debug_abbrev  0x0000257e      0x128 .\CortexM0\ARM_GCC_541\Debug\HandBoard_Rev1.a(QuadDec.o)
 .debug_abbrev  0x000026a6       0x78 .\CortexM0\ARM_GCC_541\Debug\HandBoard_Rev1.a(QuadDec_INT.o)
 .debug_abbrev  0x0000271e      0x19a .\CortexM0\ARM_GCC_541\Debug\HandBoard_Rev1.a(isr_period_PWM.o)
 .debug_abbrev  0x000028b8      0x117 .\CortexM0\ARM_GCC_541\Debug\HandBoard_Rev1.a(QuadDec_Cnt16.o)
 .debug_abbrev  0x000029cf       0xc8 .\CortexM0\ARM_GCC_541\Debug\HandBoard_Rev1.a(ERROR_LED.o)
 .debug_abbrev  0x00002a97      0x118 .\CortexM0\ARM_GCC_541\Debug\HandBoard_Rev1.a(I2C.o)
 .debug_abbrev  0x00002baf       0xc7 .\CortexM0\ARM_GCC_541\Debug\HandBoard_Rev1.a(I2C_I2C.o)
 .debug_abbrev  0x00002c76      0x1c2 .\CortexM0\ARM_GCC_541\Debug\HandBoard_Rev1.a(I2C_I2C_MASTER.o)
 .debug_abbrev  0x00002e38       0x14 .\CortexM0\ARM_GCC_541\Debug\HandBoard_Rev1.a(CyBootAsmGnu.o)
 .debug_abbrev  0x00002e4c      0x182 .\CortexM0\ARM_GCC_541\Debug\HandBoard_Rev1.a(CyFlash.o)
 .debug_abbrev  0x00002fce       0xc0 .\CortexM0\ARM_GCC_541\Debug\HandBoard_Rev1.a(cyutils.o)
 .debug_abbrev  0x0000308e      0x180 .\CortexM0\ARM_GCC_541\Debug\HandBoard_Rev1.a(UART_SPI_UART.o)
 .debug_abbrev  0x0000320e       0x9a .\CortexM0\ARM_GCC_541\Debug\HandBoard_Rev1.a(UART_SPI_UART_INT.o)
 .debug_abbrev  0x000032a8       0xa4 .\CortexM0\ARM_GCC_541\Debug\HandBoard_Rev1.a(I2C_I2C_INT.o)

.debug_line     0x00000000     0x564c
 *(.debug_line)
 .debug_line    0x00000000      0x3aa .\CortexM0\ARM_GCC_541\Debug\main.o
 .debug_line    0x000003aa      0x327 .\CortexM0\ARM_GCC_541\Debug\PositionPID.o
 .debug_line    0x000006d1      0x20f .\CortexM0\ARM_GCC_541\Debug\Motor_Unit_FSM.o
 .debug_line    0x000008e0      0x1b4 .\CortexM0\ARM_GCC_541\Debug\MotorDrive.o
 .debug_line    0x00000a94      0x2ff .\CortexM0\ARM_GCC_541\Debug\PortPSOC_CY8C4248AZI_L485.o
 .debug_line    0x00000d93      0x2f9 .\CortexM0\ARM_GCC_541\Debug\CANCommon.o
 .debug_line    0x0000108c      0x254 .\CortexM0\ARM_GCC_541\Debug\CANGPIO.o
 .debug_line    0x000012e0       0x1d .\CortexM0\ARM_GCC_541\Debug\CANLocalization.o
 .debug_line    0x000012fd      0x3e2 .\CortexM0\ARM_GCC_541\Debug\CANMotorUnit.o
 .debug_line    0x000016df      0x2e2 .\CortexM0\ARM_GCC_541\Debug\CANPacket.o
 .debug_line    0x000019c1      0x1a3 .\CortexM0\ARM_GCC_541\Debug\CANPower.o
 .debug_line    0x00001b64      0x1cb .\CortexM0\ARM_GCC_541\Debug\CANScience.o
 .debug_line    0x00001d2f      0x247 .\CortexM0\ARM_GCC_541\Debug\Motor_Unit_CAN.o
 .debug_line    0x00001f76      0x21f .\CortexM0\ARM_GCC_541\Debug\PCA9685.o
 .debug_line    0x00002195      0x1c3 .\CortexM0\ARM_GCC_541\Debug\cyfitter_cfg.o
 .debug_line    0x00002358      0x141 .\CortexM0\ARM_GCC_541\Debug\cymetadata.o
 .debug_line    0x00002499      0x236 .\CortexM0\ARM_GCC_541\Debug\Cm0Start.o
 .debug_line    0x000026cf      0x8f0 .\CortexM0\ARM_GCC_541\Debug\HandBoard_Rev1.a(CyLib.o)
 .debug_line    0x00002fbf      0x5d1 .\CortexM0\ARM_GCC_541\Debug\HandBoard_Rev1.a(CyLFClk.o)
 .debug_line    0x00003590       0xc5 .\CortexM0\ARM_GCC_541\Debug\HandBoard_Rev1.a(Pin_Direction.o)
 .debug_line    0x00003655      0x157 .\CortexM0\ARM_GCC_541\Debug\HandBoard_Rev1.a(isr_Limit_1.o)
 .debug_line    0x000037ac      0x382 .\CortexM0\ARM_GCC_541\Debug\HandBoard_Rev1.a(PWM_Motor.o)
 .debug_line    0x00003b2e       0xc2 .\CortexM0\ARM_GCC_541\Debug\HandBoard_Rev1.a(Status_Reg_Switches.o)
 .debug_line    0x00003bf0      0x3e7 .\CortexM0\ARM_GCC_541\Debug\HandBoard_Rev1.a(CAN.o)
 .debug_line    0x00003fd7       0x53 .\CortexM0\ARM_GCC_541\Debug\HandBoard_Rev1.a(CAN_INT.o)
 .debug_line    0x0000402a       0xfc .\CortexM0\ARM_GCC_541\Debug\HandBoard_Rev1.a(CAN_TX_RX_func.o)
 .debug_line    0x00004126      0x13c .\CortexM0\ARM_GCC_541\Debug\HandBoard_Rev1.a(UART.o)
 .debug_line    0x00004262      0x1f5 .\CortexM0\ARM_GCC_541\Debug\HandBoard_Rev1.a(UART_UART.o)
 .debug_line    0x00004457       0xb7 .\CortexM0\ARM_GCC_541\Debug\HandBoard_Rev1.a(Can_addr.o)
 .debug_line    0x0000450e      0x17d .\CortexM0\ARM_GCC_541\Debug\HandBoard_Rev1.a(Timer_PWM.o)
 .debug_line    0x0000468b      0x13d .\CortexM0\ARM_GCC_541\Debug\HandBoard_Rev1.a(QuadDec.o)
 .debug_line    0x000047c8       0x6d .\CortexM0\ARM_GCC_541\Debug\HandBoard_Rev1.a(QuadDec_INT.o)
 .debug_line    0x00004835      0x15a .\CortexM0\ARM_GCC_541\Debug\HandBoard_Rev1.a(isr_period_PWM.o)
 .debug_line    0x0000498f      0x196 .\CortexM0\ARM_GCC_541\Debug\HandBoard_Rev1.a(QuadDec_Cnt16.o)
 .debug_line    0x00004b25       0xc1 .\CortexM0\ARM_GCC_541\Debug\HandBoard_Rev1.a(ERROR_LED.o)
 .debug_line    0x00004be6      0x124 .\CortexM0\ARM_GCC_541\Debug\HandBoard_Rev1.a(I2C.o)
 .debug_line    0x00004d0a       0xc2 .\CortexM0\ARM_GCC_541\Debug\HandBoard_Rev1.a(I2C_I2C.o)
 .debug_line    0x00004dcc      0x2fc .\CortexM0\ARM_GCC_541\Debug\HandBoard_Rev1.a(I2C_I2C_MASTER.o)
 .debug_line    0x000050c8       0x68 .\CortexM0\ARM_GCC_541\Debug\HandBoard_Rev1.a(CyBootAsmGnu.o)
 .debug_line    0x00005130      0x173 .\CortexM0\ARM_GCC_541\Debug\HandBoard_Rev1.a(CyFlash.o)
 .debug_line    0x000052a3       0x74 .\CortexM0\ARM_GCC_541\Debug\HandBoard_Rev1.a(cyutils.o)
 .debug_line    0x00005317      0x137 .\CortexM0\ARM_GCC_541\Debug\HandBoard_Rev1.a(UART_SPI_UART.o)
 .debug_line    0x0000544e       0xa2 .\CortexM0\ARM_GCC_541\Debug\HandBoard_Rev1.a(UART_SPI_UART_INT.o)
 .debug_line    0x000054f0      0x15c .\CortexM0\ARM_GCC_541\Debug\HandBoard_Rev1.a(I2C_I2C_INT.o)

.debug_frame    0x00000000     0x369c
 *(.debug_frame)
 .debug_frame   0x00000000       0xe4 .\CortexM0\ARM_GCC_541\Debug\main.o
 .debug_frame   0x000000e4      0x1c8 .\CortexM0\ARM_GCC_541\Debug\PositionPID.o
 .debug_frame   0x000002ac       0xdc .\CortexM0\ARM_GCC_541\Debug\Motor_Unit_FSM.o
 .debug_frame   0x00000388       0x3c .\CortexM0\ARM_GCC_541\Debug\MotorDrive.o
 .debug_frame   0x000003c4       0xfc .\CortexM0\ARM_GCC_541\Debug\PortPSOC_CY8C4248AZI_L485.o
 .debug_frame   0x000004c0      0x27c .\CortexM0\ARM_GCC_541\Debug\CANCommon.o
 .debug_frame   0x0000073c      0x178 .\CortexM0\ARM_GCC_541\Debug\CANGPIO.o
 .debug_frame   0x000008b4      0x3ac .\CortexM0\ARM_GCC_541\Debug\CANMotorUnit.o
 .debug_frame   0x00000c60      0x1a4 .\CortexM0\ARM_GCC_541\Debug\CANPacket.o
 .debug_frame   0x00000e04       0x8c .\CortexM0\ARM_GCC_541\Debug\CANPower.o
 .debug_frame   0x00000e90       0xb0 .\CortexM0\ARM_GCC_541\Debug\CANScience.o
 .debug_frame   0x00000f40       0x4c .\CortexM0\ARM_GCC_541\Debug\Motor_Unit_CAN.o
 .debug_frame   0x00000f8c      0x108 .\CortexM0\ARM_GCC_541\Debug\PCA9685.o
 .debug_frame   0x00001094       0xb4 .\CortexM0\ARM_GCC_541\Debug\cyfitter_cfg.o
 .debug_frame   0x00001148       0xbc .\CortexM0\ARM_GCC_541\Debug\Cm0Start.o
 .debug_frame   0x00001204      0x724 .\CortexM0\ARM_GCC_541\Debug\HandBoard_Rev1.a(CyLib.o)
 .debug_frame   0x00001928      0x4a4 .\CortexM0\ARM_GCC_541\Debug\HandBoard_Rev1.a(CyLFClk.o)
 .debug_frame   0x00001dcc       0x70 .\CortexM0\ARM_GCC_541\Debug\HandBoard_Rev1.a(Pin_Direction.o)
 .debug_frame   0x00001e3c      0x110 .\CortexM0\ARM_GCC_541\Debug\HandBoard_Rev1.a(isr_Limit_1.o)
 .debug_frame   0x00001f4c      0x3a0 .\CortexM0\ARM_GCC_541\Debug\HandBoard_Rev1.a(PWM_Motor.o)
 .debug_frame   0x000022ec       0x78 .\CortexM0\ARM_GCC_541\Debug\HandBoard_Rev1.a(Status_Reg_Switches.o)
 .debug_frame   0x00002364      0x238 .\CortexM0\ARM_GCC_541\Debug\HandBoard_Rev1.a(CAN.o)
 .debug_frame   0x0000259c       0x20 .\CortexM0\ARM_GCC_541\Debug\HandBoard_Rev1.a(CAN_INT.o)
 .debug_frame   0x000025bc       0x60 .\CortexM0\ARM_GCC_541\Debug\HandBoard_Rev1.a(CAN_TX_RX_func.o)
 .debug_frame   0x0000261c      0x104 .\CortexM0\ARM_GCC_541\Debug\HandBoard_Rev1.a(UART.o)
 .debug_frame   0x00002720      0x154 .\CortexM0\ARM_GCC_541\Debug\HandBoard_Rev1.a(UART_UART.o)
 .debug_frame   0x00002874       0x78 .\CortexM0\ARM_GCC_541\Debug\HandBoard_Rev1.a(Can_addr.o)
 .debug_frame   0x000028ec      0x160 .\CortexM0\ARM_GCC_541\Debug\HandBoard_Rev1.a(Timer_PWM.o)
 .debug_frame   0x00002a4c       0xe8 .\CortexM0\ARM_GCC_541\Debug\HandBoard_Rev1.a(QuadDec.o)
 .debug_frame   0x00002b34       0x20 .\CortexM0\ARM_GCC_541\Debug\HandBoard_Rev1.a(QuadDec_INT.o)
 .debug_frame   0x00002b54      0x110 .\CortexM0\ARM_GCC_541\Debug\HandBoard_Rev1.a(isr_period_PWM.o)
 .debug_frame   0x00002c64      0x134 .\CortexM0\ARM_GCC_541\Debug\HandBoard_Rev1.a(QuadDec_Cnt16.o)
 .debug_frame   0x00002d98       0x70 .\CortexM0\ARM_GCC_541\Debug\HandBoard_Rev1.a(ERROR_LED.o)
 .debug_frame   0x00002e08       0xe8 .\CortexM0\ARM_GCC_541\Debug\HandBoard_Rev1.a(I2C.o)
 .debug_frame   0x00002ef0       0x58 .\CortexM0\ARM_GCC_541\Debug\HandBoard_Rev1.a(I2C_I2C.o)
 .debug_frame   0x00002f48      0x1d8 .\CortexM0\ARM_GCC_541\Debug\HandBoard_Rev1.a(I2C_I2C_MASTER.o)
 .debug_frame   0x00003120       0x90 .\CortexM0\ARM_GCC_541\Debug\HandBoard_Rev1.a(CyFlash.o)
 .debug_frame   0x000031b0       0x30 .\CortexM0\ARM_GCC_541\Debug\HandBoard_Rev1.a(cyutils.o)
 .debug_frame   0x000031e0       0xbc .\CortexM0\ARM_GCC_541\Debug\HandBoard_Rev1.a(UART_SPI_UART.o)
 .debug_frame   0x0000329c       0x2c .\CortexM0\ARM_GCC_541\Debug\HandBoard_Rev1.a(UART_SPI_UART_INT.o)
 .debug_frame   0x000032c8       0x2c .\CortexM0\ARM_GCC_541\Debug\HandBoard_Rev1.a(I2C_I2C_INT.o)
 .debug_frame   0x000032f4       0x20 c:/program files (x86)/cypress/psoc creator/4.4/psoc creator/import/gnu/arm/5.4.1/bin/../lib/gcc/arm-none-eabi/5.4.1/armv6-m\libgcc.a(_udivsi3.o)
 .debug_frame   0x00003314       0x20 c:/program files (x86)/cypress/psoc creator/4.4/psoc creator/import/gnu/arm/5.4.1/bin/../lib/gcc/arm-none-eabi/5.4.1/armv6-m\libgcc.a(_divsi3.o)
 .debug_frame   0x00003334       0x20 c:/program files (x86)/cypress/psoc creator/4.4/psoc creator/import/gnu/arm/5.4.1/bin/../lib/gcc/arm-none-eabi/5.4.1/../../../../arm-none-eabi/lib/armv6-m\libg_nano.a(lib_a-errno.o)
 .debug_frame   0x00003354       0x28 c:/program files (x86)/cypress/psoc creator/4.4/psoc creator/import/gnu/arm/5.4.1/bin/../lib/gcc/arm-none-eabi/5.4.1/../../../../arm-none-eabi/lib/armv6-m\libg_nano.a(lib_a-exit.o)
 .debug_frame   0x0000337c       0x2c c:/program files (x86)/cypress/psoc creator/4.4/psoc creator/import/gnu/arm/5.4.1/bin/../lib/gcc/arm-none-eabi/5.4.1/../../../../arm-none-eabi/lib/armv6-m\libg_nano.a(lib_a-init.o)
 .debug_frame   0x000033a8       0x28 c:/program files (x86)/cypress/psoc creator/4.4/psoc creator/import/gnu/arm/5.4.1/bin/../lib/gcc/arm-none-eabi/5.4.1/../../../../arm-none-eabi/lib/armv6-m\libg_nano.a(lib_a-memcpy-stub.o)
 .debug_frame   0x000033d0       0x20 c:/program files (x86)/cypress/psoc creator/4.4/psoc creator/import/gnu/arm/5.4.1/bin/../lib/gcc/arm-none-eabi/5.4.1/../../../../arm-none-eabi/lib/armv6-m\libg_nano.a(lib_a-memset.o)
 .debug_frame   0x000033f0       0x50 c:/program files (x86)/cypress/psoc creator/4.4/psoc creator/import/gnu/arm/5.4.1/bin/../lib/gcc/arm-none-eabi/5.4.1/../../../../arm-none-eabi/lib/armv6-m\libg_nano.a(lib_a-sprintf.o)
 .debug_frame   0x00003440       0x74 c:/program files (x86)/cypress/psoc creator/4.4/psoc creator/import/gnu/arm/5.4.1/bin/../lib/gcc/arm-none-eabi/5.4.1/../../../../arm-none-eabi/lib/armv6-m\libg_nano.a(lib_a-nano-svfprintf.o)
 .debug_frame   0x000034b4       0x54 c:/program files (x86)/cypress/psoc creator/4.4/psoc creator/import/gnu/arm/5.4.1/bin/../lib/gcc/arm-none-eabi/5.4.1/../../../../arm-none-eabi/lib/armv6-m\libg_nano.a(lib_a-nano-vfprintf_i.o)
 .debug_frame   0x00003508       0x20 c:/program files (x86)/cypress/psoc creator/4.4/psoc creator/import/gnu/arm/5.4.1/bin/../lib/gcc/arm-none-eabi/5.4.1/../../../../arm-none-eabi/lib/armv6-m\libg_nano.a(lib_a-memchr-stub.o)
 .debug_frame   0x00003528       0x28 c:/program files (x86)/cypress/psoc creator/4.4/psoc creator/import/gnu/arm/5.4.1/bin/../lib/gcc/arm-none-eabi/5.4.1/../../../../arm-none-eabi/lib/armv6-m\libg_nano.a(lib_a-memmove.o)
 .debug_frame   0x00003550       0x2c c:/program files (x86)/cypress/psoc creator/4.4/psoc creator/import/gnu/arm/5.4.1/bin/../lib/gcc/arm-none-eabi/5.4.1/../../../../arm-none-eabi/lib/armv6-m\libg_nano.a(lib_a-nano-freer.o)
 .debug_frame   0x0000357c       0x2c c:/program files (x86)/cypress/psoc creator/4.4/psoc creator/import/gnu/arm/5.4.1/bin/../lib/gcc/arm-none-eabi/5.4.1/../../../../arm-none-eabi/lib/armv6-m\libg_nano.a(lib_a-nano-mallocr.o)
 .debug_frame   0x000035a8       0x30 c:/program files (x86)/cypress/psoc creator/4.4/psoc creator/import/gnu/arm/5.4.1/bin/../lib/gcc/arm-none-eabi/5.4.1/../../../../arm-none-eabi/lib/armv6-m\libg_nano.a(lib_a-nano-reallocr.o)
 .debug_frame   0x000035d8       0x2c c:/program files (x86)/cypress/psoc creator/4.4/psoc creator/import/gnu/arm/5.4.1/bin/../lib/gcc/arm-none-eabi/5.4.1/../../../../arm-none-eabi/lib/armv6-m\libg_nano.a(lib_a-sbrkr.o)
 .debug_frame   0x00003604       0x30 c:/program files (x86)/cypress/psoc creator/4.4/psoc creator/import/gnu/arm/5.4.1/bin/../lib/gcc/arm-none-eabi/5.4.1/../../../../arm-none-eabi/lib/armv6-m\libg_nano.a(lib_a-mlock.o)
 .debug_frame   0x00003634       0x20 c:/program files (x86)/cypress/psoc creator/4.4/psoc creator/import/gnu/arm/5.4.1/bin/../lib/gcc/arm-none-eabi/5.4.1/../../../../arm-none-eabi/lib/armv6-m\libg_nano.a(lib_a-nano-msizer.o)
 .debug_frame   0x00003654       0x48 c:/program files (x86)/cypress/psoc creator/4.4/psoc creator/import/gnu/arm/5.4.1/bin/../lib/gcc/arm-none-eabi/5.4.1/../../../../arm-none-eabi/lib/armv6-m\libg_nano.a(lib_a-reent.o)

.debug_str      0x00000000     0x45cf
 *(.debug_str)
 .debug_str     0x00000000      0x428 .\CortexM0\ARM_GCC_541\Debug\main.o
                                0x4a7 (size before relaxing)
 .debug_str     0x00000428      0x20e .\CortexM0\ARM_GCC_541\Debug\PositionPID.o
                                0x44e (size before relaxing)
 .debug_str     0x00000636       0xc2 .\CortexM0\ARM_GCC_541\Debug\Motor_Unit_FSM.o
                                0x2a6 (size before relaxing)
 .debug_str     0x000006f8       0x6b .\CortexM0\ARM_GCC_541\Debug\MotorDrive.o
                                0x24d (size before relaxing)
 .debug_str     0x00000763      0x267 .\CortexM0\ARM_GCC_541\Debug\PortPSOC_CY8C4248AZI_L485.o
                                0x48f (size before relaxing)
 .debug_str     0x000009ca      0x3e5 .\CortexM0\ARM_GCC_541\Debug\CANCommon.o
                                0x5bd (size before relaxing)
 .debug_str     0x00000daf      0x202 .\CortexM0\ARM_GCC_541\Debug\CANGPIO.o
                                0x446 (size before relaxing)
 .debug_str     0x00000fb1       0x22 .\CortexM0\ARM_GCC_541\Debug\CANLocalization.o
                                0x193 (size before relaxing)
 .debug_str     0x00000fd3      0x3e1 .\CortexM0\ARM_GCC_541\Debug\CANMotorUnit.o
                                0x698 (size before relaxing)
 .debug_str     0x000013b4      0x174 .\CortexM0\ARM_GCC_541\Debug\CANPacket.o
                                0x445 (size before relaxing)
 .debug_str     0x00001528       0xc2 .\CortexM0\ARM_GCC_541\Debug\CANPower.o
                                0x32b (size before relaxing)
 .debug_str     0x000015ea      0x120 .\CortexM0\ARM_GCC_541\Debug\CANScience.o
                                0x34d (size before relaxing)
 .debug_str     0x0000170a       0x2e .\CortexM0\ARM_GCC_541\Debug\Motor_Unit_CAN.o
                                0x4c3 (size before relaxing)
 .debug_str     0x00001738      0x17a .\CortexM0\ARM_GCC_541\Debug\PCA9685.o
                                0x342 (size before relaxing)
 .debug_str     0x000018b2      0x163 .\CortexM0\ARM_GCC_541\Debug\cyfitter_cfg.o
                                0x349 (size before relaxing)
 .debug_str     0x00001a15       0x59 .\CortexM0\ARM_GCC_541\Debug\cymetadata.o
                                0x1dc (size before relaxing)
 .debug_str     0x00001a6e      0x12f .\CortexM0\ARM_GCC_541\Debug\Cm0Start.o
                                0x315 (size before relaxing)
 .debug_str     0x00001b9d      0x8fc .\CortexM0\ARM_GCC_541\Debug\HandBoard_Rev1.a(CyLib.o)
                                0xb5c (size before relaxing)
 .debug_str     0x00002499      0x6c2 .\CortexM0\ARM_GCC_541\Debug\HandBoard_Rev1.a(CyLFClk.o)
                                0x931 (size before relaxing)
 .debug_str     0x00002b5b       0xc6 .\CortexM0\ARM_GCC_541\Debug\HandBoard_Rev1.a(Pin_Direction.o)
                                0x282 (size before relaxing)
 .debug_str     0x00002c21      0x135 .\CortexM0\ARM_GCC_541\Debug\HandBoard_Rev1.a(isr_Limit_1.o)
                                0x352 (size before relaxing)
 .debug_str     0x00002d56      0x45f .\CortexM0\ARM_GCC_541\Debug\HandBoard_Rev1.a(PWM_Motor.o)
                                0x66d (size before relaxing)
 .debug_str     0x000031b5       0x8d .\CortexM0\ARM_GCC_541\Debug\HandBoard_Rev1.a(Status_Reg_Switches.o)
                                0x2a5 (size before relaxing)
 .debug_str     0x00003242      0x2b4 .\CortexM0\ARM_GCC_541\Debug\HandBoard_Rev1.a(CAN.o)
                                0x54a (size before relaxing)
 .debug_str     0x000034f6       0x29 .\CortexM0\ARM_GCC_541\Debug\HandBoard_Rev1.a(CAN_INT.o)
                                0x1b8 (size before relaxing)
 .debug_str     0x0000351f       0x63 .\CortexM0\ARM_GCC_541\Debug\HandBoard_Rev1.a(CAN_TX_RX_func.o)
                                0x2dd (size before relaxing)
 .debug_str     0x00003582      0x145 .\CortexM0\ARM_GCC_541\Debug\HandBoard_Rev1.a(UART.o)
                                0x324 (size before relaxing)
 .debug_str     0x000036c7      0x212 .\CortexM0\ARM_GCC_541\Debug\HandBoard_Rev1.a(UART_UART.o)
                                0x455 (size before relaxing)
 .debug_str     0x000038d9       0x7a .\CortexM0\ARM_GCC_541\Debug\HandBoard_Rev1.a(Can_addr.o)
                                0x263 (size before relaxing)
 .debug_str     0x00003953      0x1a5 .\CortexM0\ARM_GCC_541\Debug\HandBoard_Rev1.a(Timer_PWM.o)
                                0x3ad (size before relaxing)
 .debug_str     0x00003af8      0x121 .\CortexM0\ARM_GCC_541\Debug\HandBoard_Rev1.a(QuadDec.o)
                                0x38a (size before relaxing)
 .debug_str     0x00003c19       0x42 .\CortexM0\ARM_GCC_541\Debug\HandBoard_Rev1.a(QuadDec_INT.o)
                                0x1fa (size before relaxing)
 .debug_str     0x00003c5b      0x14d .\CortexM0\ARM_GCC_541\Debug\HandBoard_Rev1.a(isr_period_PWM.o)
                                0x37c (size before relaxing)
 .debug_str     0x00003da8      0x1bb .\CortexM0\ARM_GCC_541\Debug\HandBoard_Rev1.a(QuadDec_Cnt16.o)
                                0x404 (size before relaxing)
 .debug_str     0x00003f63       0x93 .\CortexM0\ARM_GCC_541\Debug\HandBoard_Rev1.a(ERROR_LED.o)
                                0x266 (size before relaxing)
 .debug_str     0x00003ff6       0xcf .\CortexM0\ARM_GCC_541\Debug\HandBoard_Rev1.a(I2C.o)
                                0x2d2 (size before relaxing)
 .debug_str     0x000040c5       0x74 .\CortexM0\ARM_GCC_541\Debug\HandBoard_Rev1.a(I2C_I2C.o)
                                0x262 (size before relaxing)
 .debug_str     0x00004139      0x237 .\CortexM0\ARM_GCC_541\Debug\HandBoard_Rev1.a(I2C_I2C_MASTER.o)
                                0x4ca (size before relaxing)
 .debug_str     0x00004370       0xab .\CortexM0\ARM_GCC_541\Debug\HandBoard_Rev1.a(CyFlash.o)
                                0x2c4 (size before relaxing)
 .debug_str     0x0000441b       0x2e .\CortexM0\ARM_GCC_541\Debug\HandBoard_Rev1.a(cyutils.o)
                                0x1d1 (size before relaxing)
 .debug_str     0x00004449      0x102 .\CortexM0\ARM_GCC_541\Debug\HandBoard_Rev1.a(UART_SPI_UART.o)
                                0x35b (size before relaxing)
 .debug_str     0x0000454b       0x3d .\CortexM0\ARM_GCC_541\Debug\HandBoard_Rev1.a(UART_SPI_UART_INT.o)
                                0x25b (size before relaxing)
 .debug_str     0x00004588       0x47 .\CortexM0\ARM_GCC_541\Debug\HandBoard_Rev1.a(I2C_I2C_INT.o)
                                0x2d2 (size before relaxing)

.debug_loc      0x00000000     0x7fb6
 *(.debug_loc)
 .debug_loc     0x00000000       0x8f .\CortexM0\ARM_GCC_541\Debug\main.o
 .debug_loc     0x0000008f       0xdb .\CortexM0\ARM_GCC_541\Debug\PositionPID.o
 .debug_loc     0x0000016a       0xc7 .\CortexM0\ARM_GCC_541\Debug\MotorDrive.o
 .debug_loc     0x00000231      0x112 .\CortexM0\ARM_GCC_541\Debug\PortPSOC_CY8C4248AZI_L485.o
 .debug_loc     0x00000343      0x926 .\CortexM0\ARM_GCC_541\Debug\CANCommon.o
 .debug_loc     0x00000c69      0x620 .\CortexM0\ARM_GCC_541\Debug\CANGPIO.o
 .debug_loc     0x00001289      0xe3b .\CortexM0\ARM_GCC_541\Debug\CANMotorUnit.o
 .debug_loc     0x000020c4      0x540 .\CortexM0\ARM_GCC_541\Debug\CANPacket.o
 .debug_loc     0x00002604      0x1bb .\CortexM0\ARM_GCC_541\Debug\CANPower.o
 .debug_loc     0x000027bf      0x289 .\CortexM0\ARM_GCC_541\Debug\CANScience.o
 .debug_loc     0x00002a48      0x194 .\CortexM0\ARM_GCC_541\Debug\Motor_Unit_CAN.o
 .debug_loc     0x00002bdc      0x3b9 .\CortexM0\ARM_GCC_541\Debug\PCA9685.o
 .debug_loc     0x00002f95      0x136 .\CortexM0\ARM_GCC_541\Debug\cyfitter_cfg.o
 .debug_loc     0x000030cb      0x14f .\CortexM0\ARM_GCC_541\Debug\Cm0Start.o
 .debug_loc     0x0000321a     0x18f5 .\CortexM0\ARM_GCC_541\Debug\HandBoard_Rev1.a(CyLib.o)
 .debug_loc     0x00004b0f      0xdb7 .\CortexM0\ARM_GCC_541\Debug\HandBoard_Rev1.a(CyLFClk.o)
 .debug_loc     0x000058c6       0xa2 .\CortexM0\ARM_GCC_541\Debug\HandBoard_Rev1.a(Pin_Direction.o)
 .debug_loc     0x00005968       0x82 .\CortexM0\ARM_GCC_541\Debug\HandBoard_Rev1.a(isr_Limit_1.o)
 .debug_loc     0x000059ea      0x547 .\CortexM0\ARM_GCC_541\Debug\HandBoard_Rev1.a(PWM_Motor.o)
 .debug_loc     0x00005f31       0x44 .\CortexM0\ARM_GCC_541\Debug\HandBoard_Rev1.a(Status_Reg_Switches.o)
 .debug_loc     0x00005f75      0xa5e .\CortexM0\ARM_GCC_541\Debug\HandBoard_Rev1.a(CAN.o)
 .debug_loc     0x000069d3      0x17f .\CortexM0\ARM_GCC_541\Debug\HandBoard_Rev1.a(CAN_TX_RX_func.o)
 .debug_loc     0x00006b52       0x7e .\CortexM0\ARM_GCC_541\Debug\HandBoard_Rev1.a(UART.o)
 .debug_loc     0x00006bd0      0x22e .\CortexM0\ARM_GCC_541\Debug\HandBoard_Rev1.a(UART_UART.o)
 .debug_loc     0x00006dfe       0x44 .\CortexM0\ARM_GCC_541\Debug\HandBoard_Rev1.a(Can_addr.o)
 .debug_loc     0x00006e42       0x6b .\CortexM0\ARM_GCC_541\Debug\HandBoard_Rev1.a(Timer_PWM.o)
 .debug_loc     0x00006ead       0xc2 .\CortexM0\ARM_GCC_541\Debug\HandBoard_Rev1.a(QuadDec.o)
 .debug_loc     0x00006f6f       0x13 .\CortexM0\ARM_GCC_541\Debug\HandBoard_Rev1.a(QuadDec_INT.o)
 .debug_loc     0x00006f82       0x82 .\CortexM0\ARM_GCC_541\Debug\HandBoard_Rev1.a(isr_period_PWM.o)
 .debug_loc     0x00007004       0x3d .\CortexM0\ARM_GCC_541\Debug\HandBoard_Rev1.a(QuadDec_Cnt16.o)
 .debug_loc     0x00007041       0xa2 .\CortexM0\ARM_GCC_541\Debug\HandBoard_Rev1.a(ERROR_LED.o)
 .debug_loc     0x000070e3       0x7e .\CortexM0\ARM_GCC_541\Debug\HandBoard_Rev1.a(I2C.o)
 .debug_loc     0x00007161      0xa49 .\CortexM0\ARM_GCC_541\Debug\HandBoard_Rev1.a(I2C_I2C_MASTER.o)
 .debug_loc     0x00007baa      0x160 .\CortexM0\ARM_GCC_541\Debug\HandBoard_Rev1.a(CyFlash.o)
 .debug_loc     0x00007d0a       0x91 .\CortexM0\ARM_GCC_541\Debug\HandBoard_Rev1.a(cyutils.o)
 .debug_loc     0x00007d9b       0xf1 .\CortexM0\ARM_GCC_541\Debug\HandBoard_Rev1.a(UART_SPI_UART.o)
 .debug_loc     0x00007e8c       0x1e .\CortexM0\ARM_GCC_541\Debug\HandBoard_Rev1.a(UART_SPI_UART_INT.o)
 .debug_loc     0x00007eaa      0x10c .\CortexM0\ARM_GCC_541\Debug\HandBoard_Rev1.a(I2C_I2C_INT.o)

.debug_macinfo
 *(.debug_macinfo)

.debug_ranges   0x00000000     0x11e8
 *(.debug_ranges)
 .debug_ranges  0x00000000       0x40 .\CortexM0\ARM_GCC_541\Debug\main.o