Archive member included to satisfy reference by file (symbol)

.\CortexM0\ARM_GCC_541\Debug\HandBoard_Rev1.a(CyLib.o)
                              .\CortexM0\ARM_GCC_541\Debug\cyfitter_cfg.o (CyIntEnable)
.\CortexM0\ARM_GCC_541\Debug\HandBoard_Rev1.a(CyLFClk.o)
                              .\CortexM0\ARM_GCC_541\Debug\cyfitter_cfg.o (CySysClkWcoStart)
.\CortexM0\ARM_GCC_541\Debug\HandBoard_Rev1.a(Pin_Limit_1.o)
                              .\CortexM0\ARM_GCC_541\Debug\main.o (Pin_Limit_1_Read)
.\CortexM0\ARM_GCC_541\Debug\HandBoard_Rev1.a(Pin_Limit_2.o)
                              .\CortexM0\ARM_GCC_541\Debug\main.o (Pin_Limit_2_Read)
.\CortexM0\ARM_GCC_541\Debug\HandBoard_Rev1.a(Pin_Encoder_A.o)
                              .\CortexM0\ARM_GCC_541\Debug\main.o (Pin_Encoder_A_Read)
.\CortexM0\ARM_GCC_541\Debug\HandBoard_Rev1.a(CyBootAsmGnu.o)
                              .\CortexM0\ARM_GCC_541\Debug\cyfitter_cfg.o (CyDelayCycles)
.\CortexM0\ARM_GCC_541\Debug\HandBoard_Rev1.a(CyFlash.o)
                              .\CortexM0\ARM_GCC_541\Debug\HandBoard_Rev1.a(CyLib.o) (CySysFlashSetWaitCycles)
c:/program files (x86)/cypress/psoc creator/4.4/psoc creator/import/gnu/arm/5.4.1/bin/../lib/gcc/arm-none-eabi/5.4.1/armv6-m\libgcc.a(_udivsi3.o)
                              .\CortexM0\ARM_GCC_541\Debug\HandBoard_Rev1.a(CyLib.o) (__aeabi_uidiv)
c:/program files (x86)/cypress/psoc creator/4.4/psoc creator/import/gnu/arm/5.4.1/bin/../lib/gcc/arm-none-eabi/5.4.1/armv6-m\libgcc.a(_divsi3.o)
                              .\CortexM0\ARM_GCC_541\Debug\HandBoard_Rev1.a(CyLib.o) (__aeabi_idiv)
c:/program files (x86)/cypress/psoc creator/4.4/psoc creator/import/gnu/arm/5.4.1/bin/../lib/gcc/arm-none-eabi/5.4.1/armv6-m\libgcc.a(_dvmd_tls.o)
                              c:/program files (x86)/cypress/psoc creator/4.4/psoc creator/import/gnu/arm/5.4.1/bin/../lib/gcc/arm-none-eabi/5.4.1/armv6-m\libgcc.a(_udivsi3.o) (__aeabi_idiv0)
c:/program files (x86)/cypress/psoc creator/4.4/psoc creator/import/gnu/arm/5.4.1/bin/../lib/gcc/arm-none-eabi/5.4.1/../../../../arm-none-eabi/lib/armv6-m\libg_nano.a(lib_a-errno.o)
                              .\CortexM0\ARM_GCC_541\Debug\Cm0Start.o (__errno)
c:/program files (x86)/cypress/psoc creator/4.4/psoc creator/import/gnu/arm/5.4.1/bin/../lib/gcc/arm-none-eabi/5.4.1/../../../../arm-none-eabi/lib/armv6-m\libg_nano.a(lib_a-exit.o)
                              c:/program files (x86)/cypress/psoc creator/4.4/psoc creator/import/gnu/arm/5.4.1/bin/../lib/gcc/arm-none-eabi/5.4.1/../../../../arm-none-eabi/lib/armv6-m/crt0.o (exit)
c:/program files (x86)/cypress/psoc creator/4.4/psoc creator/import/gnu/arm/5.4.1/bin/../lib/gcc/arm-none-eabi/5.4.1/../../../../arm-none-eabi/lib/armv6-m\libg_nano.a(lib_a-impure.o)
                              c:/program files (x86)/cypress/psoc creator/4.4/psoc creator/import/gnu/arm/5.4.1/bin/../lib/gcc/arm-none-eabi/5.4.1/../../../../arm-none-eabi/lib/armv6-m\libg_nano.a(lib_a-exit.o) (_global_impure_ptr)
c:/program files (x86)/cypress/psoc creator/4.4/psoc creator/import/gnu/arm/5.4.1/bin/../lib/gcc/arm-none-eabi/5.4.1/../../../../arm-none-eabi/lib/armv6-m\libg_nano.a(lib_a-init.o)
                              c:/program files (x86)/cypress/psoc creator/4.4/psoc creator/import/gnu/arm/5.4.1/bin/../lib/gcc/arm-none-eabi/5.4.1/../../../../arm-none-eabi/lib/armv6-m/crt0.o (__libc_init_array)
c:/program files (x86)/cypress/psoc creator/4.4/psoc creator/import/gnu/arm/5.4.1/bin/../lib/gcc/arm-none-eabi/5.4.1/../../../../arm-none-eabi/lib/armv6-m\libg_nano.a(lib_a-memcpy-stub.o)
                              .\CortexM0\ARM_GCC_541\Debug\HandBoard_Rev1.a(CyFlash.o) (memcpy)
c:/program files (x86)/cypress/psoc creator/4.4/psoc creator/import/gnu/arm/5.4.1/bin/../lib/gcc/arm-none-eabi/5.4.1/../../../../arm-none-eabi/lib/armv6-m\libg_nano.a(lib_a-memset.o)
                              c:/program files (x86)/cypress/psoc creator/4.4/psoc creator/import/gnu/arm/5.4.1/bin/../lib/gcc/arm-none-eabi/5.4.1/../../../../arm-none-eabi/lib/armv6-m/crt0.o (memset)

Discarded input sections

 .text          0x00000000        0x0 c:/program files (x86)/cypress/psoc creator/4.4/psoc creator/import/gnu/arm/5.4.1/bin/../lib/gcc/arm-none-eabi/5.4.1/armv6-m/crti.o
 .data          0x00000000        0x0 c:/program files (x86)/cypress/psoc creator/4.4/psoc creator/import/gnu/arm/5.4.1/bin/../lib/gcc/arm-none-eabi/5.4.1/armv6-m/crti.o
 .bss           0x00000000        0x0 c:/program files (x86)/cypress/psoc creator/4.4/psoc creator/import/gnu/arm/5.4.1/bin/../lib/gcc/arm-none-eabi/5.4.1/armv6-m/crti.o
 .data          0x00000000        0x4 c:/program files (x86)/cypress/psoc creator/4.4/psoc creator/import/gnu/arm/5.4.1/bin/../lib/gcc/arm-none-eabi/5.4.1/armv6-m/crtbegin.o
 .text          0x00000000       0x78 c:/program files (x86)/cypress/psoc creator/4.4/psoc creator/import/gnu/arm/5.4.1/bin/../lib/gcc/arm-none-eabi/5.4.1/../../../../arm-none-eabi/lib/armv6-m/crt0.o
 .data          0x00000000        0x0 c:/program files (x86)/cypress/psoc creator/4.4/psoc creator/import/gnu/arm/5.4.1/bin/../lib/gcc/arm-none-eabi/5.4.1/../../../../arm-none-eabi/lib/armv6-m/crt0.o
 .bss           0x00000000        0x0 c:/program files (x86)/cypress/psoc creator/4.4/psoc creator/import/gnu/arm/5.4.1/bin/../lib/gcc/arm-none-eabi/5.4.1/../../../../arm-none-eabi/lib/armv6-m/crt0.o
 .ARM.extab     0x00000000        0x0 c:/program files (x86)/cypress/psoc creator/4.4/psoc creator/import/gnu/arm/5.4.1/bin/../lib/gcc/arm-none-eabi/5.4.1/../../../../arm-none-eabi/lib/armv6-m/crt0.o
 .ARM.exidx     0x00000000        0x8 c:/program files (x86)/cypress/psoc creator/4.4/psoc creator/import/gnu/arm/5.4.1/bin/../lib/gcc/arm-none-eabi/5.4.1/../../../../arm-none-eabi/lib/armv6-m/crt0.o
 .text          0x00000000        0x0 .\CortexM0\ARM_GCC_541\Debug\main.o
 .data          0x00000000        0x0 .\CortexM0\ARM_GCC_541\Debug\main.o
 .bss           0x00000000        0x0 .\CortexM0\ARM_GCC_541\Debug\main.o
 .text          0x00000000        0x0 .\CortexM0\ARM_GCC_541\Debug\cyfitter_cfg.o
 .data          0x00000000        0x0 .\CortexM0\ARM_GCC_541\Debug\cyfitter_cfg.o
 .bss           0x00000000        0x0 .\CortexM0\ARM_GCC_541\Debug\cyfitter_cfg.o
 .text          0x00000000        0x0 .\CortexM0\ARM_GCC_541\Debug\cymetadata.o
 .data          0x00000000        0x0 .\CortexM0\ARM_GCC_541\Debug\cymetadata.o
 .bss           0x00000000        0x0 .\CortexM0\ARM_GCC_541\Debug\cymetadata.o
 .text          0x00000000        0x0 .\CortexM0\ARM_GCC_541\Debug\Cm0Start.o
 .data          0x00000000        0x4 .\CortexM0\ARM_GCC_541\Debug\Cm0Start.o
 .bss           0x00000000        0x0 .\CortexM0\ARM_GCC_541\Debug\Cm0Start.o
 .text._exit    0x00000000        0xc .\CortexM0\ARM_GCC_541\Debug\Cm0Start.o
 .text._sbrk    0x00000000       0x30 .\CortexM0\ARM_GCC_541\Debug\Cm0Start.o
 .text          0x00000000        0x0 .\CortexM0\ARM_GCC_541\Debug\HandBoard_Rev1.a(CyLib.o)
 .text.CySysClkImoStop
                0x00000000       0x1c .\CortexM0\ARM_GCC_541\Debug\HandBoard_Rev1.a(CyLib.o)
 .text.CySysClkWriteHfclkDirect
                0x00000000       0x44 .\CortexM0\ARM_GCC_541\Debug\HandBoard_Rev1.a(CyLib.o)
 .text.CySysEnablePumpClock
                0x00000000       0x38 .\CortexM0\ARM_GCC_541\Debug\HandBoard_Rev1.a(CyLib.o)
 .text.CySysClkGetSysclkSource
                0x00000000       0x34 .\CortexM0\ARM_GCC_541\Debug\HandBoard_Rev1.a(CyLib.o)
 .text.CySysClkWriteSysclkDiv
                0x00000000       0x30 .\CortexM0\ARM_GCC_541\Debug\HandBoard_Rev1.a(CyLib.o)
 .text.CySysClkEcoStop
                0x00000000       0x14 .\CortexM0\ARM_GCC_541\Debug\HandBoard_Rev1.a(CyLib.o)
 .text.CySysClkEcoReadStatus
                0x00000000       0x14 .\CortexM0\ARM_GCC_541\Debug\HandBoard_Rev1.a(CyLib.o)
 .text.CySysClkConfigureEcoTrim
                0x00000000       0x60 .\CortexM0\ARM_GCC_541\Debug\HandBoard_Rev1.a(CyLib.o)
 .text.CySysClkConfigureEcoDrive
                0x00000000      0x174 .\CortexM0\ARM_GCC_541\Debug\HandBoard_Rev1.a(CyLib.o)
 .text.CySysClkPllStop
                0x00000000       0x28 .\CortexM0\ARM_GCC_541\Debug\HandBoard_Rev1.a(CyLib.o)
 .text.CySysClkPllSetBypassMode
                0x00000000       0x38 .\CortexM0\ARM_GCC_541\Debug\HandBoard_Rev1.a(CyLib.o)
 .text.CySysClkPllGetUnlockStatus
                0x00000000       0x34 .\CortexM0\ARM_GCC_541\Debug\HandBoard_Rev1.a(CyLib.o)
 .text.CySysClkPllSetSource
                0x00000000       0x30 .\CortexM0\ARM_GCC_541\Debug\HandBoard_Rev1.a(CyLib.o)
 .text.CySysLvdDisable
                0x00000000       0x20 .\CortexM0\ARM_GCC_541\Debug\HandBoard_Rev1.a(CyLib.o)
 .text.CySysLvdGetInterruptSource
                0x00000000       0x10 .\CortexM0\ARM_GCC_541\Debug\HandBoard_Rev1.a(CyLib.o)
 .text.CySysLvdClearInterrupt
                0x00000000        0xc .\CortexM0\ARM_GCC_541\Debug\HandBoard_Rev1.a(CyLib.o)
 .text.CySysGetResetReason
                0x00000000       0x14 .\CortexM0\ARM_GCC_541\Debug\HandBoard_Rev1.a(CyLib.o)
 .text.CyDisableInts
                0x00000000       0x10 .\CortexM0\ARM_GCC_541\Debug\HandBoard_Rev1.a(CyLib.o)
 .text.CyEnableInts
                0x00000000        0xc .\CortexM0\ARM_GCC_541\Debug\HandBoard_Rev1.a(CyLib.o)
 .text.CyIntGetState
                0x00000000       0x18 .\CortexM0\ARM_GCC_541\Debug\HandBoard_Rev1.a(CyLib.o)
 .text.CyIntDisable
                0x00000000       0x14 .\CortexM0\ARM_GCC_541\Debug\HandBoard_Rev1.a(CyLib.o)
 .text.CyIntSetPending
                0x00000000       0x14 .\CortexM0\ARM_GCC_541\Debug\HandBoard_Rev1.a(CyLib.o)
 .text.CyIntClearPending
                0x00000000       0x14 .\CortexM0\ARM_GCC_541\Debug\HandBoard_Rev1.a(CyLib.o)
 .text.CySysClkPllGetLockStatus
                0x00000000       0x40 .\CortexM0\ARM_GCC_541\Debug\HandBoard_Rev1.a(CyLib.o)
 .text.CySysClkPllGetBypassMode
                0x00000000       0x30 .\CortexM0\ARM_GCC_541\Debug\HandBoard_Rev1.a(CyLib.o)
 .text.CySysClkPllConfigChangeAllowed
                0x00000000       0x40 .\CortexM0\ARM_GCC_541\Debug\HandBoard_Rev1.a(CyLib.o)
 .text.CySysClkPllSetPQ
                0x00000000       0xa4 .\CortexM0\ARM_GCC_541\Debug\HandBoard_Rev1.a(CyLib.o)
 .text.CySysClkPllSetOutputDivider
                0x00000000       0x58 .\CortexM0\ARM_GCC_541\Debug\HandBoard_Rev1.a(CyLib.o)
 .text.CySysClkPllSetFrequency
                0x00000000      0x110 .\CortexM0\ARM_GCC_541\Debug\HandBoard_Rev1.a(CyLib.o)
 .text.CyIntSetSysVector
                0x00000000       0x20 .\CortexM0\ARM_GCC_541\Debug\HandBoard_Rev1.a(CyLib.o)
 .text.CyIntGetSysVector
                0x00000000       0x1c .\CortexM0\ARM_GCC_541\Debug\HandBoard_Rev1.a(CyLib.o)
 .text.CyIntGetVector
                0x00000000       0x20 .\CortexM0\ARM_GCC_541\Debug\HandBoard_Rev1.a(CyLib.o)
 .text.CyIntSetPriority
                0x00000000       0x4c .\CortexM0\ARM_GCC_541\Debug\HandBoard_Rev1.a(CyLib.o)
 .text.CyIntGetPriority
                0x00000000       0x2c .\CortexM0\ARM_GCC_541\Debug\HandBoard_Rev1.a(CyLib.o)
 .text.CySoftwareReset
                0x00000000       0x18 .\CortexM0\ARM_GCC_541\Debug\HandBoard_Rev1.a(CyLib.o)
 .text.CySysClkImoStart
                0x00000000       0x18 .\CortexM0\ARM_GCC_541\Debug\HandBoard_Rev1.a(CyLib.o)
 .text.CySysClkEcoStart
                0x00000000       0x48 .\CortexM0\ARM_GCC_541\Debug\HandBoard_Rev1.a(CyLib.o)
 .text.CySysClkPllStart
                0x00000000       0x9c .\CortexM0\ARM_GCC_541\Debug\HandBoard_Rev1.a(CyLib.o)
 .text.CySysLvdEnable
                0x00000000       0x44 .\CortexM0\ARM_GCC_541\Debug\HandBoard_Rev1.a(CyLib.o)
 .text.CyDelayFreq
                0x00000000       0x4c .\CortexM0\ARM_GCC_541\Debug\HandBoard_Rev1.a(CyLib.o)
 .text.CySysTickStop
                0x00000000       0x10 .\CortexM0\ARM_GCC_541\Debug\HandBoard_Rev1.a(CyLib.o)
 .text.CySysTickEnableInterrupt
                0x00000000       0x10 .\CortexM0\ARM_GCC_541\Debug\HandBoard_Rev1.a(CyLib.o)
 .text.CySysTickEnable
                0x00000000       0x18 .\CortexM0\ARM_GCC_541\Debug\HandBoard_Rev1.a(CyLib.o)
 .text.CySysTickDisableInterrupt
                0x00000000       0x10 .\CortexM0\ARM_GCC_541\Debug\HandBoard_Rev1.a(CyLib.o)
 .text.CySysTickSetReload
                0x00000000       0x10 .\CortexM0\ARM_GCC_541\Debug\HandBoard_Rev1.a(CyLib.o)
 .text.CySysTickGetReload
                0x00000000       0x10 .\CortexM0\ARM_GCC_541\Debug\HandBoard_Rev1.a(CyLib.o)
 .text.CySysTickGetValue
                0x00000000       0x10 .\CortexM0\ARM_GCC_541\Debug\HandBoard_Rev1.a(CyLib.o)
 .text.CySysTickSetClockSource
                0x00000000       0x20 .\CortexM0\ARM_GCC_541\Debug\HandBoard_Rev1.a(CyLib.o)
 .text.CySysTickGetClockSource
                0x00000000       0x10 .\CortexM0\ARM_GCC_541\Debug\HandBoard_Rev1.a(CyLib.o)
 .text.CySysTickGetCountFlag
                0x00000000       0x10 .\CortexM0\ARM_GCC_541\Debug\HandBoard_Rev1.a(CyLib.o)
 .text.CySysTickServiceCallbacks
                0x00000000       0x2c .\CortexM0\ARM_GCC_541\Debug\HandBoard_Rev1.a(CyLib.o)
 .text.CySysTickClear
                0x00000000        0xc .\CortexM0\ARM_GCC_541\Debug\HandBoard_Rev1.a(CyLib.o)
 .text.CySysTickInit
                0x00000000       0x48 .\CortexM0\ARM_GCC_541\Debug\HandBoard_Rev1.a(CyLib.o)
 .text.CySysTickStart
                0x00000000       0x20 .\CortexM0\ARM_GCC_541\Debug\HandBoard_Rev1.a(CyLib.o)
 .text.CySysTickSetCallback
                0x00000000       0x10 .\CortexM0\ARM_GCC_541\Debug\HandBoard_Rev1.a(CyLib.o)
 .text.CySysTickGetCallback
                0x00000000       0x10 .\CortexM0\ARM_GCC_541\Debug\HandBoard_Rev1.a(CyLib.o)
 .text.CyGetUniqueId
                0x00000000       0x70 .\CortexM0\ARM_GCC_541\Debug\HandBoard_Rev1.a(CyLib.o)
 .text.CySysSetRamAccessArbPriority
                0x00000000       0x20 .\CortexM0\ARM_GCC_541\Debug\HandBoard_Rev1.a(CyLib.o)
 .text.CySysSetFlashAccessArbPriority
                0x00000000       0x20 .\CortexM0\ARM_GCC_541\Debug\HandBoard_Rev1.a(CyLib.o)
 .text.CySysSetDmacAccessArbPriority
                0x00000000       0x20 .\CortexM0\ARM_GCC_541\Debug\HandBoard_Rev1.a(CyLib.o)
 .text.CySysSetPeripheralAccessArbPriority
                0x00000000       0x68 .\CortexM0\ARM_GCC_541\Debug\HandBoard_Rev1.a(CyLib.o)
 .text          0x00000000        0x0 .\CortexM0\ARM_GCC_541\Debug\HandBoard_Rev1.a(CyLFClk.o)
 .text.CySysClkIloEnabled
                0x00000000       0x14 .\CortexM0\ARM_GCC_541\Debug\HandBoard_Rev1.a(CyLFClk.o)
 .text.CySysClkGetLfclkSource
                0x00000000       0x10 .\CortexM0\ARM_GCC_541\Debug\HandBoard_Rev1.a(CyLFClk.o)
 .text.CySysClkIloStart
                0x00000000       0x14 .\CortexM0\ARM_GCC_541\Debug\HandBoard_Rev1.a(CyLFClk.o)
 .text.CySysClkIloStartMeasurement
                0x00000000       0x5c .\CortexM0\ARM_GCC_541\Debug\HandBoard_Rev1.a(CyLFClk.o)
 .text.CySysClkIloStopMeasurement
                0x00000000       0x14 .\CortexM0\ARM_GCC_541\Debug\HandBoard_Rev1.a(CyLFClk.o)
 .text.CySysClkIloCompensate
                0x00000000      0x104 .\CortexM0\ARM_GCC_541\Debug\HandBoard_Rev1.a(CyLFClk.o)
 .text.CySysClkIloUpdateTrimReg
                0x00000000       0xa8 .\CortexM0\ARM_GCC_541\Debug\HandBoard_Rev1.a(CyLFClk.o)
 .text.CySysClkIloTrim
                0x00000000       0xd8 .\CortexM0\ARM_GCC_541\Debug\HandBoard_Rev1.a(CyLFClk.o)
 .text.CySysClkIloRestoreFactoryTrim
                0x00000000       0x30 .\CortexM0\ARM_GCC_541\Debug\HandBoard_Rev1.a(CyLFClk.o)
 .text.CySysClkWcoSetPowerMode
                0x00000000       0x4c .\CortexM0\ARM_GCC_541\Debug\HandBoard_Rev1.a(CyLFClk.o)
 .text.CySysClkWcoClockOutSelect
                0x00000000       0x2c .\CortexM0\ARM_GCC_541\Debug\HandBoard_Rev1.a(CyLFClk.o)
 .text.CySysWdtGetEnabledStatus
                0x00000000       0x24 .\CortexM0\ARM_GCC_541\Debug\HandBoard_Rev1.a(CyLFClk.o)
 .text.CySysWdtSetMode
                0x00000000       0x38 .\CortexM0\ARM_GCC_541\Debug\HandBoard_Rev1.a(CyLFClk.o)
 .text.CySysClkLfclkPosedgeRestore
                0x00000000       0x2c .\CortexM0\ARM_GCC_541\Debug\HandBoard_Rev1.a(CyLFClk.o)
 .text.CySysWdtGetMode
                0x00000000       0x14 .\CortexM0\ARM_GCC_541\Debug\HandBoard_Rev1.a(CyLFClk.o)
 .text.CySysWdtSetClearOnMatch
                0x00000000       0x34 .\CortexM0\ARM_GCC_541\Debug\HandBoard_Rev1.a(CyLFClk.o)
 .text.CySysWdtGetClearOnMatch
                0x00000000       0x24 .\CortexM0\ARM_GCC_541\Debug\HandBoard_Rev1.a(CyLFClk.o)
 .text.CySysWdtEnable
                0x00000000       0x3c .\CortexM0\ARM_GCC_541\Debug\HandBoard_Rev1.a(CyLFClk.o)
 .text.CySysWdtDisable
                0x00000000       0x44 .\CortexM0\ARM_GCC_541\Debug\HandBoard_Rev1.a(CyLFClk.o)
 .text.CySysWdtSetCascade
                0x00000000       0x34 .\CortexM0\ARM_GCC_541\Debug\HandBoard_Rev1.a(CyLFClk.o)
 .text.CySysWdtGetCascade
                0x00000000       0x14 .\CortexM0\ARM_GCC_541\Debug\HandBoard_Rev1.a(CyLFClk.o)
 .text.CySysWdtSetMatch
                0x00000000       0x54 .\CortexM0\ARM_GCC_541\Debug\HandBoard_Rev1.a(CyLFClk.o)
 .text.CySysWdtSetToggleBit
                0x00000000       0x30 .\CortexM0\ARM_GCC_541\Debug\HandBoard_Rev1.a(CyLFClk.o)
 .text.CySysWdtGetToggleBit
                0x00000000       0x10 .\CortexM0\ARM_GCC_541\Debug\HandBoard_Rev1.a(CyLFClk.o)
 .text.CySysWdtGetMatch
                0x00000000       0x20 .\CortexM0\ARM_GCC_541\Debug\HandBoard_Rev1.a(CyLFClk.o)
 .text.CySysWdtGetCount
                0x00000000       0x3c .\CortexM0\ARM_GCC_541\Debug\HandBoard_Rev1.a(CyLFClk.o)
 .text.CySysClkLfclkPosedgeCatch
                0x00000000       0x74 .\CortexM0\ARM_GCC_541\Debug\HandBoard_Rev1.a(CyLFClk.o)
 .text.CySysClkIloStop
                0x00000000       0x4c .\CortexM0\ARM_GCC_541\Debug\HandBoard_Rev1.a(CyLFClk.o)
 .text.CySysClkSetLfclkSource
                0x00000000       0x38 .\CortexM0\ARM_GCC_541\Debug\HandBoard_Rev1.a(CyLFClk.o)
 .text.CySysClkWcoStop
                0x00000000       0x48 .\CortexM0\ARM_GCC_541\Debug\HandBoard_Rev1.a(CyLFClk.o)
 .text.CySysWdtGetInterruptSource
                0x00000000       0x14 .\CortexM0\ARM_GCC_541\Debug\HandBoard_Rev1.a(CyLFClk.o)
 .text.CySysWdtResetCounters
                0x00000000       0x20 .\CortexM0\ARM_GCC_541\Debug\HandBoard_Rev1.a(CyLFClk.o)
 .text.CySysWdtSetInterruptCallback
                0x00000000       0x20 .\CortexM0\ARM_GCC_541\Debug\HandBoard_Rev1.a(CyLFClk.o)
 .text.CySysWdtGetInterruptCallback
                0x00000000       0x20 .\CortexM0\ARM_GCC_541\Debug\HandBoard_Rev1.a(CyLFClk.o)
 .text.CySysWdtEnableCounterIsr
                0x00000000       0x34 .\CortexM0\ARM_GCC_541\Debug\HandBoard_Rev1.a(CyLFClk.o)
 .text.CySysWdtDisableCounterIsr
                0x00000000       0x28 .\CortexM0\ARM_GCC_541\Debug\HandBoard_Rev1.a(CyLFClk.o)
 .text.CySysWatchdogFeed
                0x00000000       0x60 .\CortexM0\ARM_GCC_541\Debug\HandBoard_Rev1.a(CyLFClk.o)
 .text.CySysTimerDelayUntilMatch
                0x00000000       0x6c .\CortexM0\ARM_GCC_541\Debug\HandBoard_Rev1.a(CyLFClk.o)
 .text.CySysTimerDelay
                0x00000000       0x3c .\CortexM0\ARM_GCC_541\Debug\HandBoard_Rev1.a(CyLFClk.o)
 .rodata        0x00000000        0xc .\CortexM0\ARM_GCC_541\Debug\HandBoard_Rev1.a(CyLFClk.o)
 .text          0x00000000        0x0 .\CortexM0\ARM_GCC_541\Debug\HandBoard_Rev1.a(Pin_Limit_1.o)
 .data          0x00000000        0x0 .\CortexM0\ARM_GCC_541\Debug\HandBoard_Rev1.a(Pin_Limit_1.o)
 .bss           0x00000000        0x0 .\CortexM0\ARM_GCC_541\Debug\HandBoard_Rev1.a(Pin_Limit_1.o)
 .text.Pin_Limit_1_SetDriveMode
                0x00000000       0x18 .\CortexM0\ARM_GCC_541\Debug\HandBoard_Rev1.a(Pin_Limit_1.o)
 .text.Pin_Limit_1_Write
                0x00000000       0x18 .\CortexM0\ARM_GCC_541\Debug\HandBoard_Rev1.a(Pin_Limit_1.o)
 .text.Pin_Limit_1_ReadDataReg
                0x00000000       0x10 .\CortexM0\ARM_GCC_541\Debug\HandBoard_Rev1.a(Pin_Limit_1.o)
 .text.Pin_Limit_1_SetInterruptMode
                0x00000000       0x14 .\CortexM0\ARM_GCC_541\Debug\HandBoard_Rev1.a(Pin_Limit_1.o)
 .text.Pin_Limit_1_ClearInterrupt
                0x00000000       0x14 .\CortexM0\ARM_GCC_541\Debug\HandBoard_Rev1.a(Pin_Limit_1.o)
 .text          0x00000000        0x0 .\CortexM0\ARM_GCC_541\Debug\HandBoard_Rev1.a(Pin_Limit_2.o)
 .data          0x00000000        0x0 .\CortexM0\ARM_GCC_541\Debug\HandBoard_Rev1.a(Pin_Limit_2.o)
 .bss           0x00000000        0x0 .\CortexM0\ARM_GCC_541\Debug\HandBoard_Rev1.a(Pin_Limit_2.o)
 .text.Pin_Limit_2_SetDriveMode
                0x00000000       0x14 .\CortexM0\ARM_GCC_541\Debug\HandBoard_Rev1.a(Pin_Limit_2.o)
 .text.Pin_Limit_2_Write
                0x00000000       0x18 .\CortexM0\ARM_GCC_541\Debug\HandBoard_Rev1.a(Pin_Limit_2.o)
 .text.Pin_Limit_2_ReadDataReg
                0x00000000       0x10 .\CortexM0\ARM_GCC_541\Debug\HandBoard_Rev1.a(Pin_Limit_2.o)
 .text.Pin_Limit_2_SetInterruptMode
                0x00000000       0x14 .\CortexM0\ARM_GCC_541\Debug\HandBoard_Rev1.a(Pin_Limit_2.o)
 .text.Pin_Limit_2_ClearInterrupt
                0x00000000       0x14 .\CortexM0\ARM_GCC_541\Debug\HandBoard_Rev1.a(Pin_Limit_2.o)
 .text          0x00000000        0x0 .\CortexM0\ARM_GCC_541\Debug\HandBoard_Rev1.a(Pin_Encoder_A.o)
 .data          0x00000000        0x0 .\CortexM0\ARM_GCC_541\Debug\HandBoard_Rev1.a(Pin_Encoder_A.o)
 .bss           0x00000000        0x0 .\CortexM0\ARM_GCC_541\Debug\HandBoard_Rev1.a(Pin_Encoder_A.o)
 .text.Pin_Encoder_A_SetDriveMode
                0x00000000       0x18 .\CortexM0\ARM_GCC_541\Debug\HandBoard_Rev1.a(Pin_Encoder_A.o)
 .text.Pin_Encoder_A_Write
                0x00000000       0x18 .\CortexM0\ARM_GCC_541\Debug\HandBoard_Rev1.a(Pin_Encoder_A.o)
 .text.Pin_Encoder_A_ReadDataReg
                0x00000000       0x10 .\CortexM0\ARM_GCC_541\Debug\HandBoard_Rev1.a(Pin_Encoder_A.o)
 .text.Pin_Encoder_A_SetInterruptMode
                0x00000000       0x14 .\CortexM0\ARM_GCC_541\Debug\HandBoard_Rev1.a(Pin_Encoder_A.o)
 .text.Pin_Encoder_A_ClearInterrupt
                0x00000000       0x14 .\CortexM0\ARM_GCC_541\Debug\HandBoard_Rev1.a(Pin_Encoder_A.o)
 .data          0x00000000        0x0 .\CortexM0\ARM_GCC_541\Debug\HandBoard_Rev1.a(CyBootAsmGnu.o)
 .bss           0x00000000        0x0 .\CortexM0\ARM_GCC_541\Debug\HandBoard_Rev1.a(CyBootAsmGnu.o)
 .text          0x00000000        0x0 .\CortexM0\ARM_GCC_541\Debug\HandBoard_Rev1.a(CyFlash.o)
 .data          0x00000000        0x0 .\CortexM0\ARM_GCC_541\Debug\HandBoard_Rev1.a(CyFlash.o)
 .bss           0x00000000        0x0 .\CortexM0\ARM_GCC_541\Debug\HandBoard_Rev1.a(CyFlash.o)
 .text.CySysFlashClockBackup
                0x00000000        0x4 .\CortexM0\ARM_GCC_541\Debug\HandBoard_Rev1.a(CyFlash.o)
 .text.CySysFlashClockRestore
                0x00000000        0x4 .\CortexM0\ARM_GCC_541\Debug\HandBoard_Rev1.a(CyFlash.o)
 .text.CySysFlashWriteRow
                0x00000000      0x128 .\CortexM0\ARM_GCC_541\Debug\HandBoard_Rev1.a(CyFlash.o)
 .text.CySysSFlashWriteUserRow
                0x00000000      0x110 .\CortexM0\ARM_GCC_541\Debug\HandBoard_Rev1.a(CyFlash.o)
 .text          0x00000000      0x114 c:/program files (x86)/cypress/psoc creator/4.4/psoc creator/import/gnu/arm/5.4.1/bin/../lib/gcc/arm-none-eabi/5.4.1/armv6-m\libgcc.a(_udivsi3.o)
 .data          0x00000000        0x0 c:/program files (x86)/cypress/psoc creator/4.4/psoc creator/import/gnu/arm/5.4.1/bin/../lib/gcc/arm-none-eabi/5.4.1/armv6-m\libgcc.a(_udivsi3.o)
 .bss           0x00000000        0x0 c:/program files (x86)/cypress/psoc creator/4.4/psoc creator/import/gnu/arm/5.4.1/bin/../lib/gcc/arm-none-eabi/5.4.1/armv6-m\libgcc.a(_udivsi3.o)
 .text          0x00000000      0x1d4 c:/program files (x86)/cypress/psoc creator/4.4/psoc creator/import/gnu/arm/5.4.1/bin/../lib/gcc/arm-none-eabi/5.4.1/armv6-m\libgcc.a(_divsi3.o)
 .data          0x00000000        0x0 c:/program files (x86)/cypress/psoc creator/4.4/psoc creator/import/gnu/arm/5.4.1/bin/../lib/gcc/arm-none-eabi/5.4.1/armv6-m\libgcc.a(_divsi3.o)
 .bss           0x00000000        0x0 c:/program files (x86)/cypress/psoc creator/4.4/psoc creator/import/gnu/arm/5.4.1/bin/../lib/gcc/arm-none-eabi/5.4.1/armv6-m\libgcc.a(_divsi3.o)
 .text          0x00000000        0x4 c:/program files (x86)/cypress/psoc creator/4.4/psoc creator/import/gnu/arm/5.4.1/bin/../lib/gcc/arm-none-eabi/5.4.1/armv6-m\libgcc.a(_dvmd_tls.o)
 .data          0x00000000        0x0 c:/program files (x86)/cypress/psoc creator/4.4/psoc creator/import/gnu/arm/5.4.1/bin/../lib/gcc/arm-none-eabi/5.4.1/armv6-m\libgcc.a(_dvmd_tls.o)
 .bss           0x00000000        0x0 c:/program files (x86)/cypress/psoc creator/4.4/psoc creator/import/gnu/arm/5.4.1/bin/../lib/gcc/arm-none-eabi/5.4.1/armv6-m\libgcc.a(_dvmd_tls.o)
 .text          0x00000000        0x0 c:/program files (x86)/cypress/psoc creator/4.4/psoc creator/import/gnu/arm/5.4.1/bin/../lib/gcc/arm-none-eabi/5.4.1/../../../../arm-none-eabi/lib/armv6-m\libg_nano.a(lib_a-errno.o)
 .data          0x00000000        0x0 c:/program files (x86)/cypress/psoc creator/4.4/psoc creator/import/gnu/arm/5.4.1/bin/../lib/gcc/arm-none-eabi/5.4.1/../../../../arm-none-eabi/lib/armv6-m\libg_nano.a(lib_a-errno.o)
 .bss           0x00000000        0x0 c:/program files (x86)/cypress/psoc creator/4.4/psoc creator/import/gnu/arm/5.4.1/bin/../lib/gcc/arm-none-eabi/5.4.1/../../../../arm-none-eabi/lib/armv6-m\libg_nano.a(lib_a-errno.o)
 .text          0x00000000        0x0 c:/program files (x86)/cypress/psoc creator/4.4/psoc creator/import/gnu/arm/5.4.1/bin/../lib/gcc/arm-none-eabi/5.4.1/../../../../arm-none-eabi/lib/armv6-m\libg_nano.a(lib_a-exit.o)
 .data          0x00000000        0x0 c:/program files (x86)/cypress/psoc creator/4.4/psoc creator/import/gnu/arm/5.4.1/bin/../lib/gcc/arm-none-eabi/5.4.1/../../../../arm-none-eabi/lib/armv6-m\libg_nano.a(lib_a-exit.o)
 .bss           0x00000000        0x0 c:/program files (x86)/cypress/psoc creator/4.4/psoc creator/import/gnu/arm/5.4.1/bin/../lib/gcc/arm-none-eabi/5.4.1/../../../../arm-none-eabi/lib/armv6-m\libg_nano.a(lib_a-exit.o)
 .text.exit     0x00000000       0x2c c:/program files (x86)/cypress/psoc creator/4.4/psoc creator/import/gnu/arm/5.4.1/bin/../lib/gcc/arm-none-eabi/5.4.1/../../../../arm-none-eabi/lib/armv6-m\libg_nano.a(lib_a-exit.o)
 .text          0x00000000        0x0 c:/program files (x86)/cypress/psoc creator/4.4/psoc creator/import/gnu/arm/5.4.1/bin/../lib/gcc/arm-none-eabi/5.4.1/../../../../arm-none-eabi/lib/armv6-m\libg_nano.a(lib_a-impure.o)
 .data          0x00000000        0x0 c:/program files (x86)/cypress/psoc creator/4.4/psoc creator/import/gnu/arm/5.4.1/bin/../lib/gcc/arm-none-eabi/5.4.1/../../../../arm-none-eabi/lib/armv6-m\libg_nano.a(lib_a-impure.o)
 .bss           0x00000000        0x0 c:/program files (x86)/cypress/psoc creator/4.4/psoc creator/import/gnu/arm/5.4.1/bin/../lib/gcc/arm-none-eabi/5.4.1/../../../../arm-none-eabi/lib/armv6-m\libg_nano.a(lib_a-impure.o)
 .rodata._global_impure_ptr
                0x00000000        0x4 c:/program files (x86)/cypress/psoc creator/4.4/psoc creator/import/gnu/arm/5.4.1/bin/../lib/gcc/arm-none-eabi/5.4.1/../../../../arm-none-eabi/lib/armv6-m\libg_nano.a(lib_a-impure.o)
 .text          0x00000000        0x0 c:/program files (x86)/cypress/psoc creator/4.4/psoc creator/import/gnu/arm/5.4.1/bin/../lib/gcc/arm-none-eabi/5.4.1/../../../../arm-none-eabi/lib/armv6-m\libg_nano.a(lib_a-init.o)
 .data          0x00000000        0x0 c:/program files (x86)/cypress/psoc creator/4.4/psoc creator/import/gnu/arm/5.4.1/bin/../lib/gcc/arm-none-eabi/5.4.1/../../../../arm-none-eabi/lib/armv6-m\libg_nano.a(lib_a-init.o)
 .bss           0x00000000        0x0 c:/program files (x86)/cypress/psoc creator/4.4/psoc creator/import/gnu/arm/5.4.1/bin/../lib/gcc/arm-none-eabi/5.4.1/../../../../arm-none-eabi/lib/armv6-m\libg_nano.a(lib_a-init.o)
 .text          0x00000000        0x0 c:/program files (x86)/cypress/psoc creator/4.4/psoc creator/import/gnu/arm/5.4.1/bin/../lib/gcc/arm-none-eabi/5.4.1/../../../../arm-none-eabi/lib/armv6-m\libg_nano.a(lib_a-memcpy-stub.o)
 .data          0x00000000        0x0 c:/program files (x86)/cypress/psoc creator/4.4/psoc creator/import/gnu/arm/5.4.1/bin/../lib/gcc/arm-none-eabi/5.4.1/../../../../arm-none-eabi/lib/armv6-m\libg_nano.a(lib_a-memcpy-stub.o)
 .bss           0x00000000        0x0 c:/program files (x86)/cypress/psoc creator/4.4/psoc creator/import/gnu/arm/5.4.1/bin/../lib/gcc/arm-none-eabi/5.4.1/../../../../arm-none-eabi/lib/armv6-m\libg_nano.a(lib_a-memcpy-stub.o)
 .text.memcpy   0x00000000       0x12 c:/program files (x86)/cypress/psoc creator/4.4/psoc creator/import/gnu/arm/5.4.1/bin/../lib/gcc/arm-none-eabi/5.4.1/../../../../arm-none-eabi/lib/armv6-m\libg_nano.a(lib_a-memcpy-stub.o)
 .text          0x00000000        0x0 c:/program files (x86)/cypress/psoc creator/4.4/psoc creator/import/gnu/arm/5.4.1/bin/../lib/gcc/arm-none-eabi/5.4.1/../../../../arm-none-eabi/lib/armv6-m\libg_nano.a(lib_a-memset.o)
 .data          0x00000000        0x0 c:/program files (x86)/cypress/psoc creator/4.4/psoc creator/import/gnu/arm/5.4.1/bin/../lib/gcc/arm-none-eabi/5.4.1/../../../../arm-none-eabi/lib/armv6-m\libg_nano.a(lib_a-memset.o)
 .bss           0x00000000        0x0 c:/program files (x86)/cypress/psoc creator/4.4/psoc creator/import/gnu/arm/5.4.1/bin/../lib/gcc/arm-none-eabi/5.4.1/../../../../arm-none-eabi/lib/armv6-m\libg_nano.a(lib_a-memset.o)
 .text          0x00000000        0x0 c:/program files (x86)/cypress/psoc creator/4.4/psoc creator/import/gnu/arm/5.4.1/bin/../lib/gcc/arm-none-eabi/5.4.1/armv6-m/crtend.o
 .data          0x00000000        0x0 c:/program files (x86)/cypress/psoc creator/4.4/psoc creator/import/gnu/arm/5.4.1/bin/../lib/gcc/arm-none-eabi/5.4.1/armv6-m/crtend.o
 .bss           0x00000000        0x0 c:/program files (x86)/cypress/psoc creator/4.4/psoc creator/import/gnu/arm/5.4.1/bin/../lib/gcc/arm-none-eabi/5.4.1/armv6-m/crtend.o
 .text          0x00000000        0x0 c:/program files (x86)/cypress/psoc creator/4.4/psoc creator/import/gnu/arm/5.4.1/bin/../lib/gcc/arm-none-eabi/5.4.1/armv6-m/crtn.o
 .data          0x00000000        0x0 c:/program files (x86)/cypress/psoc creator/4.4/psoc creator/import/gnu/arm/5.4.1/bin/../lib/gcc/arm-none-eabi/5.4.1/armv6-m/crtn.o
 .bss           0x00000000        0x0 c:/program files (x86)/cypress/psoc creator/4.4/psoc creator/import/gnu/arm/5.4.1/bin/../lib/gcc/arm-none-eabi/5.4.1/armv6-m/crtn.o

Memory Configuration

Name             Origin             Length             Attributes
rom              0x00000000         0x00040000         xr
ram              0x20000000         0x00008000         xrw
*default*        0x00000000         0xffffffff

Linker script and memory map

LOAD c:/program files (x86)/cypress/psoc creator/4.4/psoc creator/import/gnu/arm/5.4.1/bin/../lib/gcc/arm-none-eabi/5.4.1/armv6-m/crti.o
LOAD c:/program files (x86)/cypress/psoc creator/4.4/psoc creator/import/gnu/arm/5.4.1/bin/../lib/gcc/arm-none-eabi/5.4.1/armv6-m/crtbegin.o
LOAD c:/program files (x86)/cypress/psoc creator/4.4/psoc creator/import/gnu/arm/5.4.1/bin/../lib/gcc/arm-none-eabi/5.4.1/../../../../arm-none-eabi/lib/armv6-m/crt0.o
START GROUP
LOAD .\CortexM0\ARM_GCC_541\Debug\main.o
LOAD .\CortexM0\ARM_GCC_541\Debug\cyfitter_cfg.o
LOAD .\CortexM0\ARM_GCC_541\Debug\cymetadata.o
LOAD .\CortexM0\ARM_GCC_541\Debug\Cm0Start.o
LOAD .\CortexM0\ARM_GCC_541\Debug\HandBoard_Rev1.a
END GROUP
START GROUP
LOAD c:/program files (x86)/cypress/psoc creator/4.4/psoc creator/import/gnu/arm/5.4.1/bin/../lib/gcc/arm-none-eabi/5.4.1/armv6-m\libgcc.a
LOAD c:/program files (x86)/cypress/psoc creator/4.4/psoc creator/import/gnu/arm/5.4.1/bin/../lib/gcc/arm-none-eabi/5.4.1/../../../../arm-none-eabi/lib/armv6-m\libg_nano.a
LOAD c:/program files (x86)/cypress/psoc creator/4.4/psoc creator/import/gnu/arm/5.4.1/bin/../lib/gcc/arm-none-eabi/5.4.1/../../../../arm-none-eabi/lib/armv6-m\libc_nano.a
END GROUP
START GROUP
LOAD c:/program files (x86)/cypress/psoc creator/4.4/psoc creator/import/gnu/arm/5.4.1/bin/../lib/gcc/arm-none-eabi/5.4.1/armv6-m\libgcc.a
LOAD c:/program files (x86)/cypress/psoc creator/4.4/psoc creator/import/gnu/arm/5.4.1/bin/../lib/gcc/arm-none-eabi/5.4.1/../../../../arm-none-eabi/lib/armv6-m\libc_nano.a
END GROUP
LOAD c:/program files (x86)/cypress/psoc creator/4.4/psoc creator/import/gnu/arm/5.4.1/bin/../lib/gcc/arm-none-eabi/5.4.1/armv6-m/crtend.o
LOAD c:/program files (x86)/cypress/psoc creator/4.4/psoc creator/import/gnu/arm/5.4.1/bin/../lib/gcc/arm-none-eabi/5.4.1/armv6-m/crtn.o
START GROUP
LOAD c:/program files (x86)/cypress/psoc creator/4.4/psoc creator/import/gnu/arm/5.4.1/bin/../lib/gcc/arm-none-eabi/5.4.1/armv6-m\libgcc.a
LOAD c:/program files (x86)/cypress/psoc creator/4.4/psoc creator/import/gnu/arm/5.4.1/bin/../lib/gcc/arm-none-eabi/5.4.1/../../../../arm-none-eabi/lib/armv6-m\libc.a
LOAD c:/program files (x86)/cypress/psoc creator/4.4/psoc creator/import/gnu/arm/5.4.1/bin/../lib/gcc/arm-none-eabi/5.4.1/../../../../arm-none-eabi/lib/armv6-m\libnosys.a
END GROUP
                0x00000000                CY_APPL_ORIGIN = 0x0
                0x00000100                CY_FLASH_ROW_SIZE = 0x100
                0x00000001                CY_APPL_NUM = 0x1
                0x00000001                CY_APPL_MAX = 0x1
                0x00000040                CY_METADATA_SIZE = 0x40
                0x00000000                CY_APPL_LOADABLE = 0x0
                0x00000000                CY_CHECKSUM_EXCLUDE_SIZE = ALIGN (0x0, CY_FLASH_ROW_SIZE)
                0x00000000                CY_APP_FOR_STACK_AND_COPIER = 0x0
                [!provide]                PROVIDE (__cy_heap_start, _end)
                0x00000001                PROVIDE (__cy_region_num, ((__cy_regions_end - __cy_regions) / 0x10))
                0x20008000                PROVIDE (__cy_stack, (ORIGIN (ram) + LENGTH (ram)))
                [!provide]                PROVIDE (__cy_heap_end, (__cy_stack - 0x800))

.cybootloader   0x00000000        0x0
 *(.cybootloader)
                0x00000000                appl1_start = CY_APPL_ORIGIN?CY_APPL_ORIGIN:ALIGN (CY_FLASH_ROW_SIZE)
                0x0001ff00                appl2_start = (appl1_start + ALIGN ((((LENGTH (rom) - appl1_start) - (0x2 * CY_FLASH_ROW_SIZE)) / 0x2), CY_FLASH_ROW_SIZE))
                0x00000000                appl_start = (CY_APPL_NUM == 0x1)?appl1_start:appl2_start
                0x00000001                cy_project_type_bootloader = (appl_start == 0x0)?0x1:0x0
                0x00000000                cy_project_type_app_for_stack_and_copier = (CY_APP_FOR_STACK_AND_COPIER == 0x1)?0x1:0x0

.text           0x00000000      0xc8c
 CREATE_OBJECT_SYMBOLS
                0x00000000                PROVIDE (__cy_interrupt_vector, RomVectors)
 *(.romvectors)
 .romvectors    0x00000000       0x10 .\CortexM0\ARM_GCC_541\Debug\Cm0Start.o
                0x00000000                RomVectors
                0x00000001                ASSERT ((. != __cy_interrupt_vector), No interrupt vector)
                0x00000001                ASSERT (CY_APPL_ORIGIN?(SIZEOF (.cybootloader) <= CY_APPL_ORIGIN):0x1, Wrong image location)
                0x00000010                PROVIDE (__cy_reset, Reset)
 *(.text.Reset)
 .text.Reset    0x00000010        0x8 .\CortexM0\ARM_GCC_541\Debug\Cm0Start.o
                0x00000010                Reset
                0x00000001                ASSERT ((. != __cy_reset), No reset code)
 *(.psocinit)
 .psocinit      0x00000018      0x260 .\CortexM0\ARM_GCC_541\Debug\cyfitter_cfg.o
                0x00000130                cyfitter_cfg
                0x00000278                . = MAX (., 0x100)
 *(.text .text.* .gnu.linkonce.t.*)
 .text          0x00000278       0x60 c:/program files (x86)/cypress/psoc creator/4.4/psoc creator/import/gnu/arm/5.4.1/bin/../lib/gcc/arm-none-eabi/5.4.1/armv6-m/crtbegin.o
 .text.main     0x000002d8       0x6c .\CortexM0\ARM_GCC_541\Debug\main.o
                0x000002d8                main
 .text.cfg_write_bytes32
                0x00000344       0x34 .\CortexM0\ARM_GCC_541\Debug\cyfitter_cfg.o
 .text.CYMEMZERO
                0x00000378        0xc .\CortexM0\ARM_GCC_541\Debug\cyfitter_cfg.o
 .text.SetAnalogRoutingPumps
                0x00000384       0x20 .\CortexM0\ARM_GCC_541\Debug\cyfitter_cfg.o
                0x00000384                SetAnalogRoutingPumps
 .text.AnalogSetDefault
                0x000003a4       0x3c .\CortexM0\ARM_GCC_541\Debug\cyfitter_cfg.o
 .text.IntDefaultHandler
                0x000003e0       0x10 .\CortexM0\ARM_GCC_541\Debug\Cm0Start.o
                0x000003e0                IntDefaultHandler
 .text.Start_c  0x000003f0       0x48 .\CortexM0\ARM_GCC_541\Debug\Cm0Start.o
                0x000003f0                Start_c
 .text.initialize_psoc
                0x00000438       0x4c .\CortexM0\ARM_GCC_541\Debug\Cm0Start.o
                0x00000438                initialize_psoc
 .text.CySysClkImoSetPwrBgTrim5
                0x00000484       0x30 .\CortexM0\ARM_GCC_541\Debug\HandBoard_Rev1.a(CyLib.o)
 .text.CySysClkImoSetImoTrims
                0x000004b4       0xb0 .\CortexM0\ARM_GCC_541\Debug\HandBoard_Rev1.a(CyLib.o)
 .text.CySysClkImoDisableWcoLock
                0x00000564       0x54 .\CortexM0\ARM_GCC_541\Debug\HandBoard_Rev1.a(CyLib.o)
                0x00000564                CySysClkImoDisableWcoLock
 .text.CySysClkImoGetWcoLock
                0x000005b8       0x14 .\CortexM0\ARM_GCC_541\Debug\HandBoard_Rev1.a(CyLib.o)
                0x000005b8                CySysClkImoGetWcoLock
 .text.CySysClkImoEnableUsbLock
                0x000005cc       0x44 .\CortexM0\ARM_GCC_541\Debug\HandBoard_Rev1.a(CyLib.o)
                0x000005cc                CySysClkImoEnableUsbLock
 .text.CySysClkImoDisableUsbLock
                0x00000610       0x74 .\CortexM0\ARM_GCC_541\Debug\HandBoard_Rev1.a(CyLib.o)
                0x00000610                CySysClkImoDisableUsbLock
 .text.CySysClkImoGetUsbLock
                0x00000684       0x14 .\CortexM0\ARM_GCC_541\Debug\HandBoard_Rev1.a(CyLib.o)
                0x00000684                CySysClkImoGetUsbLock
 .text.CyIntEnable
                0x00000698       0x14 .\CortexM0\ARM_GCC_541\Debug\HandBoard_Rev1.a(CyLib.o)
                0x00000698                CyIntEnable
 .text.CyHalt   0x000006ac        0x4 .\CortexM0\ARM_GCC_541\Debug\HandBoard_Rev1.a(CyLib.o)
                0x000006ac                CyHalt
 .text.CyIntSetVector
                0x000006b0       0x24 .\CortexM0\ARM_GCC_541\Debug\HandBoard_Rev1.a(CyLib.o)
                0x000006b0                CyIntSetVector
 .text.CyDelay  0x000006d4       0x30 .\CortexM0\ARM_GCC_541\Debug\HandBoard_Rev1.a(CyLib.o)
                0x000006d4                CyDelay
 .text.CySysClkImoEnableWcoLock
                0x00000704      0x104 .\CortexM0\ARM_GCC_541\Debug\HandBoard_Rev1.a(CyLib.o)
                0x00000704                CySysClkImoEnableWcoLock
 .text.CyDelayUs
                0x00000808       0x14 .\CortexM0\ARM_GCC_541\Debug\HandBoard_Rev1.a(CyLib.o)
                0x00000808                CyDelayUs
 .text.CySysClkWriteImoFreq
                0x0000081c      0x1bc .\CortexM0\ARM_GCC_541\Debug\HandBoard_Rev1.a(CyLib.o)
                0x0000081c                CySysClkWriteImoFreq
 .text.CySysWdtLocked
                0x000009d8       0x14 .\CortexM0\ARM_GCC_541\Debug\HandBoard_Rev1.a(CyLFClk.o)
 .text.CySysClkWcoStart
                0x000009ec       0x40 .\CortexM0\ARM_GCC_541\Debug\HandBoard_Rev1.a(CyLFClk.o)
                0x000009ec                CySysClkWcoStart
 .text.CySysClkWcoEnabled
                0x00000a2c       0x14 .\CortexM0\ARM_GCC_541\Debug\HandBoard_Rev1.a(CyLFClk.o)
                0x00000a2c                CySysClkWcoEnabled
 .text.CySysWdtLock
                0x00000a40       0x1c .\CortexM0\ARM_GCC_541\Debug\HandBoard_Rev1.a(CyLFClk.o)
                0x00000a40                CySysWdtLock
 .text.CySysWdtUnlock
                0x00000a5c       0x30 .\CortexM0\ARM_GCC_541\Debug\HandBoard_Rev1.a(CyLFClk.o)
                0x00000a5c                CySysWdtUnlock
 .text.CySysWdtClearInterrupt
                0x00000a8c       0x4c .\CortexM0\ARM_GCC_541\Debug\HandBoard_Rev1.a(CyLFClk.o)
                0x00000a8c                CySysWdtClearInterrupt
 .text.CySysWdtIsr
                0x00000ad8       0xa4 .\CortexM0\ARM_GCC_541\Debug\HandBoard_Rev1.a(CyLFClk.o)
                0x00000ad8                CySysWdtIsr
 .text.Pin_Limit_1_Read
                0x00000b7c       0x10 .\CortexM0\ARM_GCC_541\Debug\HandBoard_Rev1.a(Pin_Limit_1.o)
                0x00000b7c                Pin_Limit_1_Read
 .text.Pin_Limit_2_Read
                0x00000b8c       0x10 .\CortexM0\ARM_GCC_541\Debug\HandBoard_Rev1.a(Pin_Limit_2.o)
                0x00000b8c                Pin_Limit_2_Read
 .text.Pin_Encoder_A_Read
                0x00000b9c       0x10 .\CortexM0\ARM_GCC_541\Debug\HandBoard_Rev1.a(Pin_Encoder_A.o)
                0x00000b9c                Pin_Encoder_A_Read
 *fill*         0x00000bac        0x4 
 .text          0x00000bb0       0x20 .\CortexM0\ARM_GCC_541\Debug\HandBoard_Rev1.a(CyBootAsmGnu.o)
                0x00000bb0                CyDelayCycles
                0x00000bc2                CyEnterCriticalSection
                0x00000bca                CyExitCriticalSection
 .text.CySysFlashSetWaitCycles
                0x00000bd0       0x54 .\CortexM0\ARM_GCC_541\Debug\HandBoard_Rev1.a(CyFlash.o)
                0x00000bd0                CySysFlashSetWaitCycles
 .text.__errno  0x00000c24        0xc c:/program files (x86)/cypress/psoc creator/4.4/psoc creator/import/gnu/arm/5.4.1/bin/../lib/gcc/arm-none-eabi/5.4.1/../../../../arm-none-eabi/lib/armv6-m\libg_nano.a(lib_a-errno.o)
                0x00000c24                __errno
 .text.__libc_init_array
                0x00000c30       0x4c c:/program files (x86)/cypress/psoc creator/4.4/psoc creator/import/gnu/arm/5.4.1/bin/../lib/gcc/arm-none-eabi/5.4.1/../../../../arm-none-eabi/lib/armv6-m\libg_nano.a(lib_a-init.o)
                0x00000c30                __libc_init_array
 .text.memset   0x00000c7c       0x10 c:/program files (x86)/cypress/psoc creator/4.4/psoc creator/import/gnu/arm/5.4.1/bin/../lib/gcc/arm-none-eabi/5.4.1/../../../../arm-none-eabi/lib/armv6-m\libg_nano.a(lib_a-memset.o)
                0x00000c7c                memset
 *(.plt)
 *(.gnu.warning)
 *(.glue_7t)
 .glue_7t       0x00000c8c        0x0 linker stubs
 *(.glue_7)
 .glue_7        0x00000c8c        0x0 linker stubs
 *(.vfp11_veneer)
 .vfp11_veneer  0x00000c8c        0x0 linker stubs
 *(.bootloader)
 *(.ARM.extab* .gnu.linkonce.armextab.*)
 *(.gcc_except_table)

.v4_bx          0x00000c8c        0x0
 .v4_bx         0x00000c8c        0x0 linker stubs

.iplt           0x00000c8c        0x0
 .iplt          0x00000c8c        0x0 c:/program files (x86)/cypress/psoc creator/4.4/psoc creator/import/gnu/arm/5.4.1/bin/../lib/gcc/arm-none-eabi/5.4.1/armv6-m/crtbegin.o

.eh_frame_hdr
 *(.eh_frame_hdr)

.eh_frame       0x00000c8c        0x4
 *(.eh_frame)
 .eh_frame      0x00000c8c        0x0 c:/program files (x86)/cypress/psoc creator/4.4/psoc creator/import/gnu/arm/5.4.1/bin/../lib/gcc/arm-none-eabi/5.4.1/armv6-m/crtbegin.o
 .eh_frame      0x00000c8c        0x4 c:/program files (x86)/cypress/psoc creator/4.4/psoc creator/import/gnu/arm/5.4.1/bin/../lib/gcc/arm-none-eabi/5.4.1/armv6-m/crtend.o
                [!provide]                PROVIDE (__exidx_start, .)

.ARM.exidx
 *(.ARM.exidx* .gnu.linkonce.armexidx.*)
                0x00000c90                __exidx_end = .

.rodata         0x00000c90      0x200
 *(.rodata .rodata.* .gnu.linkonce.r.*)
 .rodata        0x00000c90      0x19c .\CortexM0\ARM_GCC_541\Debug\cyfitter_cfg.o
 .rodata        0x00000e2c       0x2e .\CortexM0\ARM_GCC_541\Debug\HandBoard_Rev1.a(CyLib.o)
                0x00000e2c                cyImoFreqMhz2Reg
 .rodata.str1.1
                0x00000e5a        0x2 c:/program files (x86)/cypress/psoc creator/4.4/psoc creator/import/gnu/arm/5.4.1/bin/../lib/gcc/arm-none-eabi/5.4.1/../../../../arm-none-eabi/lib/armv6-m\libg_nano.a(lib_a-impure.o)
                0x00000e5c                . = ALIGN (0x4)
 *(.init)
 .init          0x00000e5c        0x4 c:/program files (x86)/cypress/psoc creator/4.4/psoc creator/import/gnu/arm/5.4.1/bin/../lib/gcc/arm-none-eabi/5.4.1/armv6-m/crti.o
                0x00000e5c                _init
 .init          0x00000e60        0x8 c:/program files (x86)/cypress/psoc creator/4.4/psoc creator/import/gnu/arm/5.4.1/bin/../lib/gcc/arm-none-eabi/5.4.1/armv6-m/crtn.o
                0x00000e68                . = ALIGN (0x4)
                0x00000e68                __preinit_array_start = .
 *(.preinit_array)
                0x00000e68                __preinit_array_end = .
                0x00000e68                . = ALIGN (0x4)
                0x00000e68                __init_array_start = .
 *(SORT(.init_array.*))
 *(.init_array)
 .init_array    0x00000e68        0x4 c:/program files (x86)/cypress/psoc creator/4.4/psoc creator/import/gnu/arm/5.4.1/bin/../lib/gcc/arm-none-eabi/5.4.1/armv6-m/crtbegin.o
 .init_array    0x00000e6c        0x4 .\CortexM0\ARM_GCC_541\Debug\Cm0Start.o
                0x00000e70                __init_array_end = .
                0x00000e70                . = ALIGN (0x4)
 *(.fini)
 .fini          0x00000e70        0x4 c:/program files (x86)/cypress/psoc creator/4.4/psoc creator/import/gnu/arm/5.4.1/bin/../lib/gcc/arm-none-eabi/5.4.1/armv6-m/crti.o
                0x00000e70                _fini
 .fini          0x00000e74        0x8 c:/program files (x86)/cypress/psoc creator/4.4/psoc creator/import/gnu/arm/5.4.1/bin/../lib/gcc/arm-none-eabi/5.4.1/armv6-m/crtn.o
                0x00000e7c                . = ALIGN (0x4)
                0x00000e7c                __fini_array_start = .
 *(.fini_array)
 .fini_array    0x00000e7c        0x4 c:/program files (x86)/cypress/psoc creator/4.4/psoc creator/import/gnu/arm/5.4.1/bin/../lib/gcc/arm-none-eabi/5.4.1/armv6-m/crtbegin.o
 *(SORT(.fini_array.*))
                0x00000e80                __fini_array_end = .
                0x00000e80                . = ALIGN (0x4)
 *crtbegin.o(.ctors)
 *(EXCLUDE_FILE(*crtend.o) .ctors)
 *(SORT(.ctors.*))
 *crtend.o(.ctors)
                0x00000e80                . = ALIGN (0x4)
 *crtbegin.o(.dtors)
 *(EXCLUDE_FILE(*crtend.o) .dtors)
 *(SORT(.dtors.*))
 *crtend.o(.dtors)
                0x00000e80                . = ALIGN (0x4)
                0x00000e80                __cy_regions = .
                0x00000e80        0x4 LONG 0xe90 __cy_region_init_ram
                0x00000e84        0x4 LONG 0x200000c0 __cy_region_start_data
                0x00000e88        0x4 LONG 0x88 __cy_region_init_size_ram
                0x00000e8c        0x4 LONG 0x68 __cy_region_zero_size_ram
                0x00000e90                __cy_regions_end = .
                0x00000e90                . = ALIGN (0x8)
                0x00000e90                _etext = .

.cy_checksum_exclude
                0x00000e90        0x0
 *(.cy_checksum_exclude)

.ramvectors     0x20000000       0xc0
                0x20000000                __cy_region_start_ram = .
 *(.ramvectors)
 .ramvectors    0x20000000       0xc0 .\CortexM0\ARM_GCC_541\Debug\Cm0Start.o
                0x20000000                CyRamVectors

.noinit
 *(.noinit)

.data           0x200000c0       0x88 load address 0x00000e90
                0x200000c0                __cy_region_start_data = .
 *(.jcr)
 .jcr           0x200000c0        0x0 c:/program files (x86)/cypress/psoc creator/4.4/psoc creator/import/gnu/arm/5.4.1/bin/../lib/gcc/arm-none-eabi/5.4.1/armv6-m/crtbegin.o
 .jcr           0x200000c0        0x4 c:/program files (x86)/cypress/psoc creator/4.4/psoc creator/import/gnu/arm/5.4.1/bin/../lib/gcc/arm-none-eabi/5.4.1/armv6-m/crtend.o
 *(.got.plt)
 *(.got)
 *(.shdata)
 *(.data .data.* .gnu.linkonce.d.*)
 .data          0x200000c4       0x14 .\CortexM0\ARM_GCC_541\Debug\HandBoard_Rev1.a(CyLib.o)
                0x200000c4                CySysClkPumpConfig
                0x200000c8                cydelay32kMs
                0x200000cc                cydelayFreqKhz
                0x200000d0                cydelayFreqMhz
                0x200000d4                cydelayFreqHz
 .data          0x200000d8        0x8 .\CortexM0\ARM_GCC_541\Debug\HandBoard_Rev1.a(CyLFClk.o)
 .data.impure_data
                0x200000e0       0x60 c:/program files (x86)/cypress/psoc creator/4.4/psoc creator/import/gnu/arm/5.4.1/bin/../lib/gcc/arm-none-eabi/5.4.1/../../../../arm-none-eabi/lib/armv6-m\libg_nano.a(lib_a-impure.o)
 .data._impure_ptr
                0x20000140        0x4 c:/program files (x86)/cypress/psoc creator/4.4/psoc creator/import/gnu/arm/5.4.1/bin/../lib/gcc/arm-none-eabi/5.4.1/../../../../arm-none-eabi/lib/armv6-m\libg_nano.a(lib_a-impure.o)
                0x20000140                _impure_ptr
                0x20000148                . = ALIGN (0x8)
 *fill*         0x20000144        0x4 
 *(.ram)
                0x20000148                _edata = .

.igot.plt       0x20000148        0x0 load address 0x00000f18
 .igot.plt      0x20000148        0x0 c:/program files (x86)/cypress/psoc creator/4.4/psoc creator/import/gnu/arm/5.4.1/bin/../lib/gcc/arm-none-eabi/5.4.1/armv6-m/crtbegin.o

.bss            0x20000148       0x68 load address 0x00000f18
                0x20000148                PROVIDE (__bss_start__, .)
 *(.shbss)
 *(.bss .bss.* .gnu.linkonce.b.*)
 .bss           0x20000148       0x1c c:/program files (x86)/cypress/psoc creator/4.4/psoc creator/import/gnu/arm/5.4.1/bin/../lib/gcc/arm-none-eabi/5.4.1/armv6-m/crtbegin.o
 .bss           0x20000164       0x20 .\CortexM0\ARM_GCC_541\Debug\HandBoard_Rev1.a(CyLib.o)
                0x20000164                CySysClkImoTrim4
                0x20000168                CySysClkImoTrim5
                0x20000180                CySysTickInitVar
 .bss           0x20000184       0x28 .\CortexM0\ARM_GCC_541\Debug\HandBoard_Rev1.a(CyLFClk.o)
 *(COMMON)
                0x200001b0                . = ALIGN (0x8)
 *fill*         0x200001ac        0x4 
 *(.ram.b)
                0x200001b0                _end = .
                0x200001b0                __end = .
                0x200001b0                PROVIDE (end, .)
                0x200001b0                PROVIDE (__bss_end__, .)
                0x00000e90                __cy_region_init_ram = LOADADDR (.data)
                0x00000088                __cy_region_init_size_ram = (_edata - ADDR (.data))
                0x00000068                __cy_region_zero_size_ram = (_end - _edata)

.heap           0x200001b0       0x80 load address 0x00000f18
                0x200001b0                . = _end
                0x20000230                . = (. + 0x80)
 *fill*         0x200001b0       0x80 
                0x20000230                __cy_heap_limit = .

.stack          0x20007800      0x800
                0x20007800                __cy_stack_limit = .
                0x20008000                . = (. + 0x800)
 *fill*         0x20007800      0x800 
                0x00000001                ASSERT ((__cy_stack_limit >= __cy_heap_limit), region RAM overflowed with stack)
                0x00000000                cy_checksum_exclude_size = (CY_APPL_LOADABLE == 0x1)?SIZEOF (.cy_checksum_exclude):0x0
                0x00000001                ASSERT ((cy_checksum_exclude_size <= CY_CHECKSUM_EXCLUDE_SIZE), CY_BOOT: Section .cy_checksum_exclude size exceedes specified limit.)
                0x0003ffc0                cyloadermeta_start = (cy_project_type_bootloader || cy_project_type_app_for_stack_and_copier)?(LENGTH (rom) - CY_METADATA_SIZE):0xf0000000

.cyloadermeta
 *(.cyloadermeta)
                0x0003ffc0                cyloadablemeta_start = cy_project_type_app_for_stack_and_copier?((LENGTH (rom) - CY_FLASH_ROW_SIZE) - CY_METADATA_SIZE):((LENGTH (rom) - (CY_FLASH_ROW_SIZE * (CY_APPL_NUM - 0x1))) - CY_METADATA_SIZE)

.cyloadablemeta
 *(.cyloadablemeta)

.cyflashprotect
                0x90400000       0x80
 *(.cyflashprotect)
 .cyflashprotect
                0x90400000       0x80 .\CortexM0\ARM_GCC_541\Debug\cymetadata.o
                0x90400000                cy_meta_flashprotect

.cymeta         0x90500000        0xc
 *(.cymeta)
 .cymeta        0x90500000        0xc .\CortexM0\ARM_GCC_541\Debug\cymetadata.o
                0x90500000                cy_metadata

.cychipprotect  0x90600000        0x1
 *(.cychipprotect)
 .cychipprotect
                0x90600000        0x1 .\CortexM0\ARM_GCC_541\Debug\cymetadata.o
                0x90600000                cy_meta_chipprotect

.rel.dyn        0x00000f18        0x0 load address 0x90600004
 .rel.iplt      0x00000f18        0x0 c:/program files (x86)/cypress/psoc creator/4.4/psoc creator/import/gnu/arm/5.4.1/bin/../lib/gcc/arm-none-eabi/5.4.1/armv6-m/crtbegin.o

.stab
 *(.stab)

.stabstr
 *(.stabstr)

.debug
 *(.debug)

.line
 *(.line)

.debug_srcinfo
 *(.debug_srcinfo)

.debug_sfnames
 *(.debug_sfnames)

.debug_aranges  0x00000000      0x5f8
 *(.debug_aranges)
 .debug_aranges
                0x00000000       0x20 .\CortexM0\ARM_GCC_541\Debug\main.o
 .debug_aranges
                0x00000020       0x48 .\CortexM0\ARM_GCC_541\Debug\cyfitter_cfg.o
 .debug_aranges
                0x00000068       0x18 .\CortexM0\ARM_GCC_541\Debug\cymetadata.o
 .debug_aranges
                0x00000080       0x48 .\CortexM0\ARM_GCC_541\Debug\Cm0Start.o
 .debug_aranges
                0x000000c8      0x270 .\CortexM0\ARM_GCC_541\Debug\HandBoard_Rev1.a(CyLib.o)
 .debug_aranges
                0x00000338      0x188 .\CortexM0\ARM_GCC_541\Debug\HandBoard_Rev1.a(CyLFClk.o)
 .debug_aranges
                0x000004c0       0x48 .\CortexM0\ARM_GCC_541\Debug\HandBoard_Rev1.a(Pin_Limit_1.o)
 .debug_aranges
                0x00000508       0x48 .\CortexM0\ARM_GCC_541\Debug\HandBoard_Rev1.a(Pin_Limit_2.o)
 .debug_aranges
                0x00000550       0x48 .\CortexM0\ARM_GCC_541\Debug\HandBoard_Rev1.a(Pin_Encoder_A.o)
 .debug_aranges
                0x00000598       0x20 .\CortexM0\ARM_GCC_541\Debug\HandBoard_Rev1.a(CyBootAsmGnu.o)
 .debug_aranges
                0x000005b8       0x40 .\CortexM0\ARM_GCC_541\Debug\HandBoard_Rev1.a(CyFlash.o)

.debug_pubnames
 *(.debug_pubnames)

.debug_info     0x00000000     0x3c75
 *(.debug_info .gnu.linkonce.wi.*)
 .debug_info    0x00000000      0x275 .\CortexM0\ARM_GCC_541\Debug\main.o
 .debug_info    0x00000275      0x44f .\CortexM0\ARM_GCC_541\Debug\cyfitter_cfg.o
 .debug_info    0x000006c4       0xf8 .\CortexM0\ARM_GCC_541\Debug\cymetadata.o
 .debug_info    0x000007bc      0x3a2 .\CortexM0\ARM_GCC_541\Debug\Cm0Start.o
 .debug_info    0x00000b5e     0x17f2 .\CortexM0\ARM_GCC_541\Debug\HandBoard_Rev1.a(CyLib.o)
 .debug_info    0x00002350     0x1058 .\CortexM0\ARM_GCC_541\Debug\HandBoard_Rev1.a(CyLFClk.o)
 .debug_info    0x000033a8      0x19d .\CortexM0\ARM_GCC_541\Debug\HandBoard_Rev1.a(Pin_Limit_1.o)
 .debug_info    0x00003545      0x19d .\CortexM0\ARM_GCC_541\Debug\HandBoard_Rev1.a(Pin_Limit_2.o)
 .debug_info    0x000036e2      0x19d .\CortexM0\ARM_GCC_541\Debug\HandBoard_Rev1.a(Pin_Encoder_A.o)
 .debug_info    0x0000387f       0xa4 .\CortexM0\ARM_GCC_541\Debug\HandBoard_Rev1.a(CyBootAsmGnu.o)
 .debug_info    0x00003923      0x352 .\CortexM0\ARM_GCC_541\Debug\HandBoard_Rev1.a(CyFlash.o)

.debug_abbrev   0x00000000      0xd57
 *(.debug_abbrev)
 .debug_abbrev  0x00000000       0xa3 .\CortexM0\ARM_GCC_541\Debug\main.o
 .debug_abbrev  0x000000a3      0x1cf .\CortexM0\ARM_GCC_541\Debug\cyfitter_cfg.o
 .debug_abbrev  0x00000272       0x5d .\CortexM0\ARM_GCC_541\Debug\cymetadata.o
 .debug_abbrev  0x000002cf      0x1d7 .\CortexM0\ARM_GCC_541\Debug\Cm0Start.o
 .debug_abbrev  0x000004a6      0x27b .\CortexM0\ARM_GCC_541\Debug\HandBoard_Rev1.a(CyLib.o)
 .debug_abbrev  0x00000721      0x248 .\CortexM0\ARM_GCC_541\Debug\HandBoard_Rev1.a(CyLFClk.o)
 .debug_abbrev  0x00000969       0xc8 .\CortexM0\ARM_GCC_541\Debug\HandBoard_Rev1.a(Pin_Limit_1.o)
 .debug_abbrev  0x00000a31       0xc8 .\CortexM0\ARM_GCC_541\Debug\HandBoard_Rev1.a(Pin_Limit_2.o)
 .debug_abbrev  0x00000af9       0xc8 .\CortexM0\ARM_GCC_541\Debug\HandBoard_Rev1.a(Pin_Encoder_A.o)
 .debug_abbrev  0x00000bc1       0x14 .\CortexM0\ARM_GCC_541\Debug\HandBoard_Rev1.a(CyBootAsmGnu.o)
 .debug_abbrev  0x00000bd5      0x182 .\CortexM0\ARM_GCC_541\Debug\HandBoard_Rev1.a(CyFlash.o)

.debug_line     0x00000000     0x18c4
 *(.debug_line)
 .debug_line    0x00000000       0xac .\CortexM0\ARM_GCC_541\Debug\main.o
 .debug_line    0x000000ac      0x1ba .\CortexM0\ARM_GCC_541\Debug\cyfitter_cfg.o
 .debug_line    0x00000266      0x141 .\CortexM0\ARM_GCC_541\Debug\cymetadata.o
 .debug_line    0x000003a7      0x236 .\CortexM0\ARM_GCC_541\Debug\Cm0Start.o
 .debug_line    0x000005dd      0x8f0 .\CortexM0\ARM_GCC_541\Debug\HandBoard_Rev1.a(CyLib.o)
 .debug_line    0x00000ecd      0x5d1 .\CortexM0\ARM_GCC_541\Debug\HandBoard_Rev1.a(CyLFClk.o)
 .debug_line    0x0000149e       0xc3 .\CortexM0\ARM_GCC_541\Debug\HandBoard_Rev1.a(Pin_Limit_1.o)
 .debug_line    0x00001561       0xc3 .\CortexM0\ARM_GCC_541\Debug\HandBoard_Rev1.a(Pin_Limit_2.o)
 .debug_line    0x00001624       0xc5 .\CortexM0\ARM_GCC_541\Debug\HandBoard_Rev1.a(Pin_Encoder_A.o)
 .debug_line    0x000016e9       0x68 .\CortexM0\ARM_GCC_541\Debug\HandBoard_Rev1.a(CyBootAsmGnu.o)
 .debug_line    0x00001751      0x173 .\CortexM0\ARM_GCC_541\Debug\HandBoard_Rev1.a(CyFlash.o)

.debug_frame    0x00000000     0x1040
 *(.debug_frame)
 .debug_frame   0x00000000       0x2c .\CortexM0\ARM_GCC_541\Debug\main.o
 .debug_frame   0x0000002c       0xb4 .\CortexM0\ARM_GCC_541\Debug\cyfitter_cfg.o
 .debug_frame   0x000000e0       0xbc .\CortexM0\ARM_GCC_541\Debug\Cm0Start.o
 .debug_frame   0x0000019c      0x724 .\CortexM0\ARM_GCC_541\Debug\HandBoard_Rev1.a(CyLib.o)
 .debug_frame   0x000008c0      0x4a4 .\CortexM0\ARM_GCC_541\Debug\HandBoard_Rev1.a(CyLFClk.o)
 .debug_frame   0x00000d64       0x70 .\CortexM0\ARM_GCC_541\Debug\HandBoard_Rev1.a(Pin_Limit_1.o)
 .debug_frame   0x00000dd4       0x70 .\CortexM0\ARM_GCC_541\Debug\HandBoard_Rev1.a(Pin_Limit_2.o)
 .debug_frame   0x00000e44       0x70 .\CortexM0\ARM_GCC_541\Debug\HandBoard_Rev1.a(Pin_Encoder_A.o)
 .debug_frame   0x00000eb4       0x90 .\CortexM0\ARM_GCC_541\Debug\HandBoard_Rev1.a(CyFlash.o)
 .debug_frame   0x00000f44       0x20 c:/program files (x86)/cypress/psoc creator/4.4/psoc creator/import/gnu/arm/5.4.1/bin/../lib/gcc/arm-none-eabi/5.4.1/armv6-m\libgcc.a(_udivsi3.o)
 .debug_frame   0x00000f64       0x20 c:/program files (x86)/cypress/psoc creator/4.4/psoc creator/import/gnu/arm/5.4.1/bin/../lib/gcc/arm-none-eabi/5.4.1/armv6-m\libgcc.a(_divsi3.o)
 .debug_frame   0x00000f84       0x20 c:/program files (x86)/cypress/psoc creator/4.4/psoc creator/import/gnu/arm/5.4.1/bin/../lib/gcc/arm-none-eabi/5.4.1/../../../../arm-none-eabi/lib/armv6-m\libg_nano.a(lib_a-errno.o)
 .debug_frame   0x00000fa4       0x28 c:/program files (x86)/cypress/psoc creator/4.4/psoc creator/import/gnu/arm/5.4.1/bin/../lib/gcc/arm-none-eabi/5.4.1/../../../../arm-none-eabi/lib/armv6-m\libg_nano.a(lib_a-exit.o)
 .debug_frame   0x00000fcc       0x2c c:/program files (x86)/cypress/psoc creator/4.4/psoc creator/import/gnu/arm/5.4.1/bin/../lib/gcc/arm-none-eabi/5.4.1/../../../../arm-none-eabi/lib/armv6-m\libg_nano.a(lib_a-init.o)
 .debug_frame   0x00000ff8       0x28 c:/program files (x86)/cypress/psoc creator/4.4/psoc creator/import/gnu/arm/5.4.1/bin/../lib/gcc/arm-none-eabi/5.4.1/../../../../arm-none-eabi/lib/armv6-m\libg_nano.a(lib_a-memcpy-stub.o)
 .debug_frame   0x00001020       0x20 c:/program files (x86)/cypress/psoc creator/4.4/psoc creator/import/gnu/arm/5.4.1/bin/../lib/gcc/arm-none-eabi/5.4.1/../../../../arm-none-eabi/lib/armv6-m\libg_nano.a(lib_a-memset.o)

.debug_str      0x00000000     0x1833
 *(.debug_str)
 .debug_str     0x00000000      0x25a .\CortexM0\ARM_GCC_541\Debug\main.o
                                0x29a (size before relaxing)
 .debug_str     0x0000025a      0x191 .\CortexM0\ARM_GCC_541\Debug\cyfitter_cfg.o
                                0x349 (size before relaxing)
 .debug_str     0x000003eb       0x63 .\CortexM0\ARM_GCC_541\Debug\cymetadata.o
                                0x1dc (size before relaxing)
 .debug_str     0x0000044e      0x13a .\CortexM0\ARM_GCC_541\Debug\Cm0Start.o
                                0x315 (size before relaxing)
 .debug_str     0x00000588      0x91c .\CortexM0\ARM_GCC_541\Debug\HandBoard_Rev1.a(CyLib.o)
                                0xb5c (size before relaxing)
 .debug_str     0x00000ea4      0x6cd .\CortexM0\ARM_GCC_541\Debug\HandBoard_Rev1.a(CyLFClk.o)
                                0x931 (size before relaxing)
 .debug_str     0x00001571       0xc4 .\CortexM0\ARM_GCC_541\Debug\HandBoard_Rev1.a(Pin_Limit_1.o)
                                0x274 (size before relaxing)
 .debug_str     0x00001635       0xa0 .\CortexM0\ARM_GCC_541\Debug\HandBoard_Rev1.a(Pin_Limit_2.o)
                                0x274 (size before relaxing)
 .debug_str     0x000016d5       0xac .\CortexM0\ARM_GCC_541\Debug\HandBoard_Rev1.a(Pin_Encoder_A.o)
                                0x282 (size before relaxing)
 .debug_str     0x00001781       0xb2 .\CortexM0\ARM_GCC_541\Debug\HandBoard_Rev1.a(CyFlash.o)
                                0x2c4 (size before relaxing)

.debug_loc      0x00000000     0x2cab
 *(.debug_loc)
 .debug_loc     0x00000000       0x34 .\CortexM0\ARM_GCC_541\Debug\main.o
 .debug_loc     0x00000034      0x136 .\CortexM0\ARM_GCC_541\Debug\cyfitter_cfg.o
 .debug_loc     0x0000016a      0x14f .\CortexM0\ARM_GCC_541\Debug\Cm0Start.o
 .debug_loc     0x000002b9     0x18f5 .\CortexM0\ARM_GCC_541\Debug\HandBoard_Rev1.a(CyLib.o)
 .debug_loc     0x00001bae      0xdb7 .\CortexM0\ARM_GCC_541\Debug\HandBoard_Rev1.a(CyLFClk.o)
 .debug_loc     0x00002965       0xa2 .\CortexM0\ARM_GCC_541\Debug\HandBoard_Rev1.a(Pin_Limit_1.o)
 .debug_loc     0x00002a07       0xa2 .\CortexM0\ARM_GCC_541\Debug\HandBoard_Rev1.a(Pin_Limit_2.o)
 .debug_loc     0x00002aa9       0xa2 .\CortexM0\ARM_GCC_541\Debug\HandBoard_Rev1.a(Pin_Encoder_A.o)
 .debug_loc     0x00002b4b      0x160 .\CortexM0\ARM_GCC_541\Debug\HandBoard_Rev1.a(CyFlash.o)

.debug_macinfo
 *(.debug_macinfo)

.debug_ranges   0x00000000      0x530
 *(.debug_ranges)
 .debug_ranges  0x00000000       0x10 .\CortexM0\ARM_GCC_541\Debug\main.o
 .debug_ranges  0x00000010       0x38 .\CortexM0\ARM_GCC_541\Debug\cyfitter_cfg.o
 .debug_ranges  0x00000048       0x38 .\CortexM0\ARM_GCC_541\Debug\Cm0Start.o
 .debug_ranges  0x00000080      0x260 .\CortexM0\ARM_GCC_541\Debug\HandBoard_Rev1.a(CyLib.o)
 .debug_ranges  0x000002e0      0x178 .\CortexM0\ARM_GCC_541\Debug\HandBoard_Rev1.a(CyLFClk.o)
 .debug_ranges  0x00000458       0x38 .\CortexM0\ARM_GCC_541\Debug\HandBoard_Rev1.a(Pin_Limit_1.o)
 .debug_ranges  0x00000490       0x38 .\CortexM0\ARM_GCC_541\Debug\HandBoard_Rev1.a(Pin_Limit_2.o)
 .debug_ranges  0x000004c8       0x38 .\CortexM0\ARM_GCC_541\Debug\HandBoard_Rev1.a(Pin_Encoder_A.o)
 .debug_ranges  0x00000500       0x30 .\CortexM0\ARM_GCC_541\Debug\HandBoard_Rev1.a(CyFlash.o)

.comment        0x00000000       0x6e
 .comment       0x00000000       0x6e .\CortexM0\ARM_GCC_541\Debug\main.o
                                 0x6f (size before relaxing)
 .comment       0x0000006e       0x6f .\CortexM0\ARM_GCC_541\Debug\cyfitter_cfg.o
 .comment       0x0000006e       0x6f .\CortexM0\ARM_GCC_541\Debug\cymetadata.o
 .comment       0x0000006e       0x6f .\CortexM0\ARM_GCC_541\Debug\Cm0Start.o
 .comment       0x0000006e       0x6f .\CortexM0\ARM_GCC_541\Debug\HandBoard_Rev1.a(CyLib.o)
 .comment       0x0000006e       0x6f .\CortexM0\ARM_GCC_541\Debug\HandBoard_Rev1.a(CyLFClk.o)
 .comment       0x0000006e       0x6f .\CortexM0\ARM_GCC_541\Debug\HandBoard_Rev1.a(Pin_Limit_1.o)
 .comment       0x0000006e       0x6f .\CortexM0\ARM_GCC_541\Debug\HandBoard_Rev1.a(Pin_Limit_2.o)
 .comment       0x0000006e       0x6f .\CortexM0\ARM_GCC_541\Debug\HandBoard_Rev1.a(Pin_Encoder_A.o)
 .comment       0x0000006e       0x6f .\CortexM0\ARM_GCC_541\Debug\HandBoard_Rev1.a(CyFlash.o)

.debug_weaknames
 *(.debug_weaknames)

.debug_funcnames
 *(.debug_funcnames)

.debug_typenames
 *(.debug_typenames)

.debug_varnames
 *(.debug_varnames)

.note.gnu.arm.ident
 *(.note.gnu.arm.ident)

.ARM.attributes
                0x00000000       0x28
 *(.ARM.attributes)
 .ARM.attributes
                0x00000000       0x1e c:/program files (x86)/cypress/psoc creator/4.4/psoc creator/import/gnu/arm/5.4.1/bin/../lib/gcc/arm-none-eabi/5.4.1/armv6-m/crti.o
 .ARM.attributes
                0x0000001e       0x2c c:/program files (x86)/cypress/psoc creator/4.4/psoc creator/import/gnu/arm/5.4.1/bin/../lib/gcc/arm-none-eabi/5.4.1/armv6-m/crtbegin.o
 .ARM.attributes
                0x0000004a       0x1b c:/program files (x86)/cypress/psoc creator/4.4/psoc creator/import/gnu/arm/5.4.1/bin/../lib/gcc/arm-none-eabi/5.4.1/../../../../arm-none-eabi/lib/armv6-m/crt0.o
 .ARM.attributes
                0x00000065       0x31 .\CortexM0\ARM_GCC_541\Debug\main.o
 .ARM.attributes
                0x00000096       0x31 .\CortexM0\ARM_GCC_541\Debug\cyfitter_cfg.o
 .ARM.attributes
                0x000000c7       0x31 .\CortexM0\ARM_GCC_541\Debug\cymetadata.o
 .ARM.attributes
                0x000000f8       0x31 .\CortexM0\ARM_GCC_541\Debug\Cm0Start.o
 .ARM.attributes
                0x00000129       0x31 .\CortexM0\ARM_GCC_541\Debug\HandBoard_Rev1.a(CyLib.o)
 .ARM.attributes
                0x0000015a       0x31 .\CortexM0\ARM_GCC_541\Debug\HandBoard_Rev1.a(CyLFClk.o)
 .ARM.attributes
                0x0000018b       0x31 .\CortexM0\ARM_GCC_541\Debug\HandBoard_Rev1.a(Pin_Limit_1.o)
 .ARM.attributes
                0x000001bc       0x31 .\CortexM0\ARM_GCC_541\Debug\HandBoard_Rev1.a(Pin_Limit_2.o)
 .ARM.attributes
                0x000001ed       0x31 .\CortexM0\ARM_GCC_541\Debug\HandBoard_Rev1.a(Pin_Encoder_A.o)
 .ARM.attributes
                0x0000021e       0x21 .\CortexM0\ARM_GCC_541\Debug\HandBoard_Rev1.a(CyBootAsmGnu.o)
 .ARM.attributes
                0x0000023f       0x31 .\CortexM0\ARM_GCC_541\Debug\HandBoard_Rev1.a(CyFlash.o)
 .ARM.attributes
                0x00000270       0x1e c:/program files (x86)/cypress/psoc creator/4.4/psoc creator/import/gnu/arm/5.4.1/bin/../lib/gcc/arm-none-eabi/5.4.1/armv6-m\libgcc.a(_udivsi3.o)
 .ARM.attributes
                0x0000028e       0x1e c:/program files (x86)/cypress/psoc creator/4.4/psoc creator/import/gnu/arm/5.4.1/bin/../lib/gcc/arm-none-eabi/5.4.1/armv6-m\libgcc.a(_divsi3.o)
 .ARM.attributes
                0x000002ac       0x1e c:/program files (x86)/cypress/psoc creator/4.4/psoc creator/import/gnu/arm/5.4.1/bin/../lib/gcc/arm-none-eabi/5.4.1/armv6-m\libgcc.a(_dvmd_tls.o)
 .ARM.attributes
                0x000002ca       0x2c c:/program files (x86)/cypress/psoc creator/4.4/psoc creator/import/gnu/arm/5.4.1/bin/../lib/gcc/arm-none-eabi/5.4.1/../../../../arm-none-eabi/lib/armv6-m\libg_nano.a(lib_a-errno.o)
 .ARM.attributes
                0x000002f6       0x2c c:/program files (x86)/cypress/psoc creator/4.4/psoc creator/import/gnu/arm/5.4.1/bin/../lib/gcc/arm-none-eabi/5.4.1/../../../../arm-none-eabi/lib/armv6-m\libg_nano.a(lib_a-exit.o)
 .ARM.attributes
                0x00000322       0x2c c:/program files (x86)/cypress/psoc creator/4.4/psoc creator/import/gnu/arm/5.4.1/bin/../lib/gcc/arm-none-eabi/5.4.1/../../../../arm-none-eabi/lib/armv6-m\libg_nano.a(lib_a-impure.o)
 .ARM.attributes
                0x0000034e       0x2c c:/program files (x86)/cypress/psoc creator/4.4/psoc creator/import/gnu/arm/5.4.1/bin/../lib/gcc/arm-none-eabi/5.4.1/../../../../arm-none-eabi/lib/armv6-m\libg_nano.a(lib_a-init.o)
 .ARM.attributes
                0x0000037a       0x2c c:/program files (x86)/cypress/psoc creator/4.4/psoc creator/import/gnu/arm/5.4.1/bin/../lib/gcc/arm-none-eabi/5.4.1/../../../../arm-none-eabi/lib/armv6-m\libg_nano.a(lib_a-memcpy-stub.o)
 .ARM.attributes
                0x000003a6       0x2c c:/program files (x86)/cypress/psoc creator/4.4/psoc creator/import/gnu/arm/5.4.1/bin/../lib/gcc/arm-none-eabi/5.4.1/../../../../arm-none-eabi/lib/armv6-m\libg_nano.a(lib_a-memset.o)
 .ARM.attributes
                0x000003d2       0x2c c:/program files (x86)/cypress/psoc creator/4.4/psoc creator/import/gnu/arm/5.4.1/bin/../lib/gcc/arm-none-eabi/5.4.1/armv6-m/crtend.o
 .ARM.attributes
                0x000003fe       0x1e c:/program files (x86)/cypress/psoc creator/4.4/psoc creator/import/gnu/arm/5.4.1/bin/../lib/gcc/arm-none-eabi/5.4.1/armv6-m/crtn.o

/DISCARD/
 *(.note.GNU-stack)
OUTPUT(C:\Users\kratz\OneDrive\Documents\PSoC Creator\Hand_Board_PY2023\HandBoard_Rev1.cydsn\CortexM0\ARM_GCC_541\Debug\HandBoard_Rev1.elf elf32-littlearm)
