Archive member included to satisfy reference by file (symbol)

.\CortexM0\ARM_GCC_541\Debug\CAN_Basic_P4_Example01_Copy_01.a(UART.o)
                              .\CortexM0\ARM_GCC_541\Debug\main.o (UART_Start)
.\CortexM0\ARM_GCC_541\Debug\CAN_Basic_P4_Example01_Copy_01.a(UART_UART.o)
                              .\CortexM0\ARM_GCC_541\Debug\CAN_Basic_P4_Example01_Copy_01.a(UART.o) (UART_UartInit)
.\CortexM0\ARM_GCC_541\Debug\CAN_Basic_P4_Example01_Copy_01.a(Switch1.o)
                              .\CortexM0\ARM_GCC_541\Debug\main.o (Switch1_Read)
.\CortexM0\ARM_GCC_541\Debug\CAN_Basic_P4_Example01_Copy_01.a(PWM.o)
                              .\CortexM0\ARM_GCC_541\Debug\main.o (PWM_WriteCompare)
.\CortexM0\ARM_GCC_541\Debug\CAN_Basic_P4_Example01_Copy_01.a(ADC.o)
                              .\CortexM0\ARM_GCC_541\Debug\main.o (ADC_Start)
.\CortexM0\ARM_GCC_541\Debug\CAN_Basic_P4_Example01_Copy_01.a(ADC_INT.o)
                              .\CortexM0\ARM_GCC_541\Debug\CAN_Basic_P4_Example01_Copy_01.a(ADC.o) (ADC_ISR)
.\CortexM0\ARM_GCC_541\Debug\CAN_Basic_P4_Example01_Copy_01.a(CAN.o)
                              .\CortexM0\ARM_GCC_541\Debug\main.o (CAN_Start)
.\CortexM0\ARM_GCC_541\Debug\CAN_Basic_P4_Example01_Copy_01.a(CAN_INT.o)
                              .\CortexM0\ARM_GCC_541\Debug\CAN_Basic_P4_Example01_Copy_01.a(CAN.o) (CAN_ISR)
.\CortexM0\ARM_GCC_541\Debug\CAN_Basic_P4_Example01_Copy_01.a(CAN_TX_RX_func.o)
                              .\CortexM0\ARM_GCC_541\Debug\main.o (CAN_SendMsgswitchStatus)
.\CortexM0\ARM_GCC_541\Debug\CAN_Basic_P4_Example01_Copy_01.a(CyLib.o)
                              .\CortexM0\ARM_GCC_541\Debug\cyfitter_cfg.o (CyIntEnable)
.\CortexM0\ARM_GCC_541\Debug\CAN_Basic_P4_Example01_Copy_01.a(CyLFClk.o)
                              .\CortexM0\ARM_GCC_541\Debug\CAN_Basic_P4_Example01_Copy_01.a(CyLib.o) (CySysClkWcoEnabled)
.\CortexM0\ARM_GCC_541\Debug\CAN_Basic_P4_Example01_Copy_01.a(CyBootAsmGnu.o)
                              .\CortexM0\ARM_GCC_541\Debug\CAN_Basic_P4_Example01_Copy_01.a(CyLib.o) (CyDelayCycles)
.\CortexM0\ARM_GCC_541\Debug\CAN_Basic_P4_Example01_Copy_01.a(UART_SPI_UART.o)
                              .\CortexM0\ARM_GCC_541\Debug\CAN_Basic_P4_Example01_Copy_01.a(UART_UART.o) (UART_SpiUartReadRxData)
.\CortexM0\ARM_GCC_541\Debug\CAN_Basic_P4_Example01_Copy_01.a(CyFlash.o)
                              .\CortexM0\ARM_GCC_541\Debug\CAN_Basic_P4_Example01_Copy_01.a(CyLib.o) (CySysFlashSetWaitCycles)
c:/program files (x86)/cypress/psoc creator/4.4/psoc creator/import/gnu/arm/5.4.1/bin/../lib/gcc/arm-none-eabi/5.4.1/armv6-m\libgcc.a(_udivsi3.o)
                              .\CortexM0\ARM_GCC_541\Debug\main.o (__aeabi_uidiv)
c:/program files (x86)/cypress/psoc creator/4.4/psoc creator/import/gnu/arm/5.4.1/bin/../lib/gcc/arm-none-eabi/5.4.1/armv6-m\libgcc.a(_divsi3.o)
                              .\CortexM0\ARM_GCC_541\Debug\CAN_Basic_P4_Example01_Copy_01.a(ADC.o) (__aeabi_idiv)
c:/program files (x86)/cypress/psoc creator/4.4/psoc creator/import/gnu/arm/5.4.1/bin/../lib/gcc/arm-none-eabi/5.4.1/armv6-m\libgcc.a(_dvmd_tls.o)
                              c:/program files (x86)/cypress/psoc creator/4.4/psoc creator/import/gnu/arm/5.4.1/bin/../lib/gcc/arm-none-eabi/5.4.1/armv6-m\libgcc.a(_udivsi3.o) (__aeabi_idiv0)
c:/program files (x86)/cypress/psoc creator/4.4/psoc creator/import/gnu/arm/5.4.1/bin/../lib/gcc/arm-none-eabi/5.4.1/armv6-m\libgcc.a(_aeabi_ldivmod.o)
                              .\CortexM0\ARM_GCC_541\Debug\CAN_Basic_P4_Example01_Copy_01.a(ADC.o) (__aeabi_ldivmod)
c:/program files (x86)/cypress/psoc creator/4.4/psoc creator/import/gnu/arm/5.4.1/bin/../lib/gcc/arm-none-eabi/5.4.1/armv6-m\libgcc.a(_muldi3.o)
                              .\CortexM0\ARM_GCC_541\Debug\CAN_Basic_P4_Example01_Copy_01.a(ADC.o) (__aeabi_lmul)
c:/program files (x86)/cypress/psoc creator/4.4/psoc creator/import/gnu/arm/5.4.1/bin/../lib/gcc/arm-none-eabi/5.4.1/armv6-m\libgcc.a(bpabi.o)
                              c:/program files (x86)/cypress/psoc creator/4.4/psoc creator/import/gnu/arm/5.4.1/bin/../lib/gcc/arm-none-eabi/5.4.1/armv6-m\libgcc.a(_aeabi_ldivmod.o) (__gnu_ldivmod_helper)
c:/program files (x86)/cypress/psoc creator/4.4/psoc creator/import/gnu/arm/5.4.1/bin/../lib/gcc/arm-none-eabi/5.4.1/armv6-m\libgcc.a(divsf3.o)
                              .\CortexM0\ARM_GCC_541\Debug\CAN_Basic_P4_Example01_Copy_01.a(ADC.o) (__aeabi_fdiv)
c:/program files (x86)/cypress/psoc creator/4.4/psoc creator/import/gnu/arm/5.4.1/bin/../lib/gcc/arm-none-eabi/5.4.1/armv6-m\libgcc.a(mulsf3.o)
                              .\CortexM0\ARM_GCC_541\Debug\CAN_Basic_P4_Example01_Copy_01.a(ADC.o) (__aeabi_fmul)
c:/program files (x86)/cypress/psoc creator/4.4/psoc creator/import/gnu/arm/5.4.1/bin/../lib/gcc/arm-none-eabi/5.4.1/armv6-m\libgcc.a(floatsisf.o)
                              .\CortexM0\ARM_GCC_541\Debug\CAN_Basic_P4_Example01_Copy_01.a(ADC.o) (__aeabi_i2f)
[...]
Memory Configuration

Name             Origin             Length             Attributes
rom              0x00000000         0x00040000         xr
ram              0x20000000         0x00008000         xrw
*default*        0x00000000         0xffffffff

Linker script and memory map

LOAD c:/program files (x86)/cypress/psoc creator/4.4/psoc creator/import/gnu/arm/5.4.1/bin/../lib/gcc/arm-none-eabi/5.4.1/armv6-m/crti.o
LOAD c:/program files (x86)/cypress/psoc creator/4.4/psoc creator/import/gnu/arm/5.4.1/bin/../lib/gcc/arm-none-eabi/5.4.1/armv6-m/crtbegin.o
LOAD c:/program files (x86)/cypress/psoc creator/4.4/psoc creator/import/gnu/arm/5.4.1/bin/../lib/gcc/arm-none-eabi/5.4.1/../../../../arm-none-eabi/lib/armv6-m/crt0.o
START GROUP
LOAD .\CortexM0\ARM_GCC_541\Debug\main.o
LOAD .\CortexM0\ARM_GCC_541\Debug\cyfitter_cfg.o
LOAD .\CortexM0\ARM_GCC_541\Debug\cymetadata.o
LOAD .\CortexM0\ARM_GCC_541\Debug\Cm0Start.o
LOAD .\CortexM0\ARM_GCC_541\Debug\CAN_Basic_P4_Example01_Copy_01.a
END GROUP
START GROUP
LOAD c:/program files (x86)/cypress/psoc creator/4.4/psoc creator/import/gnu/arm/5.4.1/bin/../lib/gcc/arm-none-eabi/5.4.1/armv6-m\libgcc.a
LOAD c:/program files (x86)/cypress/psoc creator/4.4/psoc creator/import/gnu/arm/5.4.1/bin/../lib/gcc/arm-none-eabi/5.4.1/../../../../arm-none-eabi/lib/armv6-m\libg_nano.a
LOAD c:/program files (x86)/cypress/psoc creator/4.4/psoc creator/import/gnu/arm/5.4.1/bin/../lib/gcc/arm-none-eabi/5.4.1/../../../../arm-none-eabi/lib/armv6-m\libc_nano.a
END GROUP
START GROUP
LOAD c:/program files (x86)/cypress/psoc creator/4.4/psoc creator/import/gnu/arm/5.4.1/bin/../lib/gcc/arm-none-eabi/5.4.1/armv6-m\libgcc.a
LOAD c:/program files (x86)/cypress/psoc creator/4.4/psoc creator/import/gnu/arm/5.4.1/bin/../lib/gcc/arm-none-eabi/5.4.1/../../../../arm-none-eabi/lib/armv6-m\libc_nano.a
END GROUP
LOAD c:/program files (x86)/cypress/psoc creator/4.4/psoc creator/import/gnu/arm/5.4.1/bin/../lib/gcc/arm-none-eabi/5.4.1/armv6-m/crtend.o
LOAD c:/program files (x86)/cypress/psoc creator/4.4/psoc creator/import/gnu/arm/5.4.1/bin/../lib/gcc/arm-none-eabi/5.4.1/armv6-m/crtn.o
START GROUP
LOAD c:/program files (x86)/cypress/psoc creator/4.4/psoc creator/import/gnu/arm/5.4.1/bin/../lib/gcc/arm-none-eabi/5.4.1/armv6-m\libgcc.a
LOAD c:/program files (x86)/cypress/psoc creator/4.4/psoc creator/import/gnu/arm/5.4.1/bin/../lib/gcc/arm-none-eabi/5.4.1/../../../../arm-none-eabi/lib/armv6-m\libc.a
LOAD c:/program files (x86)/cypress/psoc creator/4.4/psoc creator/import/gnu/arm/5.4.1/bin/../lib/gcc/arm-none-eabi/5.4.1/../../../../arm-none-eabi/lib/armv6-m\libnosys.a
END GROUP
                0x00000000                CY_APPL_ORIGIN = 0x0
                0x00000100                CY_FLASH_ROW_SIZE = 0x100
                0x00000001                CY_APPL_NUM = 0x1
                0x00000001                CY_APPL_MAX = 0x1
                0x00000040                CY_METADATA_SIZE = 0x40
                0x00000000                CY_APPL_LOADABLE = 0x0
                0x00000000                CY_CHECKSUM_EXCLUDE_SIZE = ALIGN (0x0, CY_FLASH_ROW_SIZE)
                0x00000000                CY_APP_FOR_STACK_AND_COPIER = 0x0
                [!provide]                PROVIDE (__cy_heap_start, _end)
                0x00000001                PROVIDE (__cy_region_num, ((__cy_regions_end - __cy_regions) / 0x10))
                0x20008000                PROVIDE (__cy_stack, (ORIGIN (ram) + LENGTH (ram)))
                [!provide]                PROVIDE (__cy_heap_end, (__cy_stack - 0x800))

.cybootloader   0x00000000        0x0
 *(.cybootloader)
                0x00000000                appl1_start = CY_APPL_ORIGIN?CY_APPL_ORIGIN:ALIGN (CY_FLASH_ROW_SIZE)
                0x0001ff00                appl2_start = (appl1_start + ALIGN ((((LENGTH (rom) - appl1_start) - (0x2 * CY_FLASH_ROW_SIZE)) / 0x2), CY_FLASH_ROW_SIZE))
                0x00000000                appl_start = (CY_APPL_NUM == 0x1)?appl1_start:appl2_start
                0x00000001                cy_project_type_bootloader = (appl_start == 0x0)?0x1:0x0
                0x00000000                cy_project_type_app_for_stack_and_copier = (CY_APP_FOR_STACK_AND_COPIER == 0x1)?0x1:0x0

.text           0x00000000     0x2086
 CREATE_OBJECT_SYMBOLS
                0x00000000                PROVIDE (__cy_interrupt_vector, RomVectors)
 *(.romvectors)
 .romvectors    0x00000000       0x10 .\CortexM0\ARM_GCC_541\Debug\Cm0Start.o
                0x00000000                RomVectors
                0x00000001                ASSERT ((. != __cy_interrupt_vector), No interrupt vector)
                0x00000001                ASSERT (CY_APPL_ORIGIN?(SIZEOF (.cybootloader) <= CY_APPL_ORIGIN):0x1, Wrong image location)
                0x00000010                PROVIDE (__cy_reset, Reset)
 *(.text.Reset)
 .text.Reset    0x00000010        0x8 .\CortexM0\ARM_GCC_541\Debug\Cm0Start.o
                0x00000010                Reset
                0x00000001                ASSERT ((. != __cy_reset), No reset code)
 *(.psocinit)
 .psocinit      0x00000018      0x1ac .\CortexM0\ARM_GCC_541\Debug\cyfitter_cfg.o
                0x000000e0                cyfitter_cfg
                0x000001c4                . = MAX (., 0x100)
 *(.text .text.* .gnu.linkonce.t.*)
 .text          0x000001c4       0x60 c:/program files (x86)/cypress/psoc creator/4.4/psoc creator/import/gnu/arm/5.4.1/bin/../lib/gcc/arm-none-eabi/5.4.1/armv6-m/crtbegin.o
 .text.ISR_CAN  0x00000224       0x24 .\CortexM0\ARM_GCC_541\Debug\main.o
                0x00000224                ISR_CAN
 .text.ReadSwSwitch
                0x00000248       0x24 .\CortexM0\ARM_GCC_541\Debug\main.o
 .text.main     0x0000026c      0x19c .\CortexM0\ARM_GCC_541\Debug\main.o
                0x0000026c                main
 .text.cfg_write_bytes32
                0x00000408       0x34 .\CortexM0\ARM_GCC_541\Debug\cyfitter_cfg.o
 .text.CYMEMZERO
                0x0000043c        0xc .\CortexM0\ARM_GCC_541\Debug\cyfitter_cfg.o
 .text.SetAnalogRoutingPumps
                0x00000448       0x20 .\CortexM0\ARM_GCC_541\Debug\cyfitter_cfg.o
                0x00000448                SetAnalogRoutingPumps
 .text.AnalogSetDefault
                0x00000468       0x3c .\CortexM0\ARM_GCC_541\Debug\cyfitter_cfg.o
 .text.IntDefaultHandler
                0x000004a4       0x10 .\CortexM0\ARM_GCC_541\Debug\Cm0Start.o
                0x000004a4                IntDefaultHandler
 .text._sbrk    0x000004b4       0x30 .\CortexM0\ARM_GCC_541\Debug\Cm0Start.o
                0x000004b4                _sbrk
 .text.Start_c  0x000004e4       0x48 .\CortexM0\ARM_GCC_541\Debug\Cm0Start.o
                0x000004e4                Start_c
 .text.initialize_psoc
                0x0000052c       0x4c .\CortexM0\ARM_GCC_541\Debug\Cm0Start.o
                0x0000052c                initialize_psoc
 .text.UART_ScbModePostEnable
                0x00000578        0x8 .\CortexM0\ARM_GCC_541\Debug\CAN_Basic_P4_Example01_Copy_01.a(UART.o)
 .text.UART_Init
                0x00000580        0x8 .\CortexM0\ARM_GCC_541\Debug\CAN_Basic_P4_Example01_Copy_01.a(UART.o)
                0x00000580                UART_Init
 .text.UART_Enable
                0x00000588       0x18 .\CortexM0\ARM_GCC_541\Debug\CAN_Basic_P4_Example01_Copy_01.a(UART.o)
                0x00000588                UART_Enable
 .text.UART_Start
                0x000005a0       0x20 .\CortexM0\ARM_GCC_541\Debug\CAN_Basic_P4_Example01_Copy_01.a(UART.o)
                0x000005a0                UART_Start
 .text.UART_UartInit
                0x000005c0       0xa4 .\CortexM0\ARM_GCC_541\Debug\CAN_Basic_P4_Example01_Copy_01.a(UART_UART.o)
                0x000005c0                UART_UartInit
 .text.UART_UartPostEnable
                0x00000664       0x24 .\CortexM0\ARM_GCC_541\Debug\CAN_Basic_P4_Example01_Copy_01.a(UART_UART.o)
                0x00000664                UART_UartPostEnable
 .text.UART_UartPutString
                0x00000688       0x18 .\CortexM0\ARM_GCC_541\Debug\CAN_Basic_P4_Example01_Copy_01.a(UART_UART.o)
                0x00000688                UART_UartPutString
 .text.Switch1_Read
                0x000006a0       0x10 .\CortexM0\ARM_GCC_541\Debug\CAN_Basic_P4_Example01_Copy_01.a(Switch1.o)
                0x000006a0                Switch1_Read
 .text.PWM_WriteCounter
                0x000006b0       0x10 .\CortexM0\ARM_GCC_541\Debug\CAN_Basic_P4_Example01_Copy_01.a(PWM.o)
                0x000006b0                PWM_WriteCounter
 .text.PWM_WritePeriod
                0x000006c0       0x10 .\CortexM0\ARM_GCC_541\Debug\CAN_Basic_P4_Example01_Copy_01.a(PWM.o)
                0x000006c0                PWM_WritePeriod
 .text.PWM_WriteCompare
                0x000006d0       0x10 .\CortexM0\ARM_GCC_541\Debug\CAN_Basic_P4_Example01_Copy_01.a(PWM.o)
                0x000006d0                PWM_WriteCompare
 .text.PWM_TriggerCommand
                0x000006e0       0x1c .\CortexM0\ARM_GCC_541\Debug\CAN_Basic_P4_Example01_Copy_01.a(PWM.o)
                0x000006e0                PWM_TriggerCommand
 .text.PWM_Enable
                0x000006fc       0x24 .\CortexM0\ARM_GCC_541\Debug\CAN_Basic_P4_Example01_Copy_01.a(PWM.o)
                0x000006fc                PWM_Enable
 .text.PWM_SetInterruptMode
                0x00000720        0xc .\CortexM0\ARM_GCC_541\Debug\CAN_Basic_P4_Example01_Copy_01.a(PWM.o)
                0x00000720                PWM_SetInterruptMode
 .text.PWM_Init
                0x0000072c       0x44 .\CortexM0\ARM_GCC_541\Debug\CAN_Basic_P4_Example01_Copy_01.a(PWM.o)
                0x0000072c                PWM_Init
 .text.PWM_Start
                0x00000770       0x20 .\CortexM0\ARM_GCC_541\Debug\CAN_Basic_P4_Example01_Copy_01.a(PWM.o)
                0x00000770                PWM_Start
 .text.ADC_Init
                0x00000790       0xfc .\CortexM0\ARM_GCC_541\Debug\CAN_Basic_P4_Example01_Copy_01.a(ADC.o)
                0x00000790                ADC_Init
 .text.ADC_Enable
                0x0000088c       0x30 .\CortexM0\ARM_GCC_541\Debug\CAN_Basic_P4_Example01_Copy_01.a(ADC.o)
                0x0000088c                ADC_Enable
 .text.ADC_Start
                0x000008bc       0x20 .\CortexM0\ARM_GCC_541\Debug\CAN_Basic_P4_Example01_Copy_01.a(ADC.o)
                0x000008bc                ADC_Start
 .text.ADC_StartConvert
                0x000008dc       0x14 .\CortexM0\ARM_GCC_541\Debug\CAN_Basic_P4_Example01_Copy_01.a(ADC.o)
                0x000008dc                ADC_StartConvert
 .text.ADC_IsEndConversion
                0x000008f0       0x28 .\CortexM0\ARM_GCC_541\Debug\CAN_Basic_P4_Example01_Copy_01.a(ADC.o)
                0x000008f0                ADC_IsEndConversion
 .text.ADC_GetResult16
                0x00000918       0x2c .\CortexM0\ARM_GCC_541\Debug\CAN_Basic_P4_Example01_Copy_01.a(ADC.o)
                0x00000918                ADC_GetResult16
 .text.ADC_CountsTo_mVolts
                0x00000944       0x5c .\CortexM0\ARM_GCC_541\Debug\CAN_Basic_P4_Example01_Copy_01.a(ADC.o)
                0x00000944                ADC_CountsTo_mVolts
 .text.ADC_ISR  0x000009a0        0xc .\CortexM0\ARM_GCC_541\Debug\CAN_Basic_P4_Example01_Copy_01.a(ADC_INT.o)
                0x000009a0                ADC_ISR
 .text.CAN_GlobalIntEnable
                0x000009ac       0x1c .\CortexM0\ARM_GCC_541\Debug\CAN_Basic_P4_Example01_Copy_01.a(CAN.o)
                0x000009ac                CAN_GlobalIntEnable
 .text.CAN_Enable
                0x000009c8       0x48 .\CortexM0\ARM_GCC_541\Debug\CAN_Basic_P4_Example01_Copy_01.a(CAN.o)
                0x000009c8                CAN_Enable
 .text.CAN_SetPreScaler
                0x00000a10       0x38 .\CortexM0\ARM_GCC_541\Debug\CAN_Basic_P4_Example01_Copy_01.a(CAN.o)
                0x00000a10                CAN_SetPreScaler
 .text.CAN_SetArbiter
                0x00000a48       0x40 .\CortexM0\ARM_GCC_541\Debug\CAN_Basic_P4_Example01_Copy_01.a(CAN.o)
                0x00000a48                CAN_SetArbiter
 .text.CAN_SetTsegSample
                0x00000a88       0xa0 .\CortexM0\ARM_GCC_541\Debug\CAN_Basic_P4_Example01_Copy_01.a(CAN.o)
                0x00000a88                CAN_SetTsegSample
 .text.CAN_SetRestartType
                0x00000b28       0x38 .\CortexM0\ARM_GCC_541\Debug\CAN_Basic_P4_Example01_Copy_01.a(CAN.o)
                0x00000b28                CAN_SetRestartType
 .text.CAN_SetEdgeMode
                0x00000b60       0x38 .\CortexM0\ARM_GCC_541\Debug\CAN_Basic_P4_Example01_Copy_01.a(CAN.o)
                0x00000b60                CAN_SetEdgeMode
 .text.CAN_SetIrqMask
                0x00000b98       0x1c .\CortexM0\ARM_GCC_541\Debug\CAN_Basic_P4_Example01_Copy_01.a(CAN.o)
                0x00000b98                CAN_SetIrqMask
 .text.CAN_RxBufConfig
                0x00000bb4       0x98 .\CortexM0\ARM_GCC_541\Debug\CAN_Basic_P4_Example01_Copy_01.a(CAN.o)
                0x00000bb4                CAN_RxBufConfig
 .text.CAN_TxBufConfig
                0x00000c4c       0x58 .\CortexM0\ARM_GCC_541\Debug\CAN_Basic_P4_Example01_Copy_01.a(CAN.o)
                0x00000c4c                CAN_TxBufConfig
 .text.CAN_RxTxBuffersConfig
                0x00000ca4       0x54 .\CortexM0\ARM_GCC_541\Debug\CAN_Basic_P4_Example01_Copy_01.a(CAN.o)
                0x00000ca4                CAN_RxTxBuffersConfig
 .text.CAN_SetSwapDataEndianness
                0x00000cf8       0x40 .\CortexM0\ARM_GCC_541\Debug\CAN_Basic_P4_Example01_Copy_01.a(CAN.o)
                0x00000cf8                CAN_SetSwapDataEndianness
 .text.CAN_Init
                0x00000d38       0xe4 .\CortexM0\ARM_GCC_541\Debug\CAN_Basic_P4_Example01_Copy_01.a(CAN.o)
                0x00000d38                CAN_Init
 .text.CAN_Start
                0x00000e1c       0x28 .\CortexM0\ARM_GCC_541\Debug\CAN_Basic_P4_Example01_Copy_01.a(CAN.o)
                0x00000e1c                CAN_Start
 .text.CAN_ISR  0x00000e44        0x4 .\CortexM0\ARM_GCC_541\Debug\CAN_Basic_P4_Example01_Copy_01.a(CAN_INT.o)
                0x00000e44                CAN_ISR
 .text.CAN_SendMsgswitchStatus
                0x00000e48       0x20 .\CortexM0\ARM_GCC_541\Debug\CAN_Basic_P4_Example01_Copy_01.a(CAN_TX_RX_func.o)
                0x00000e48                CAN_SendMsgswitchStatus
 .text.CAN_SendMsgADCdata
                0x00000e68       0x20 .\CortexM0\ARM_GCC_541\Debug\CAN_Basic_P4_Example01_Copy_01.a(CAN_TX_RX_func.o)
                0x00000e68                CAN_SendMsgADCdata
 .text.CySysClkImoDisableWcoLock
                0x00000e88       0x14 .\CortexM0\ARM_GCC_541\Debug\CAN_Basic_P4_Example01_Copy_01.a(CyLib.o)
                0x00000e88                CySysClkImoDisableWcoLock
 .text.CySysClkImoGetWcoLock
                0x00000e9c       0x14 .\CortexM0\ARM_GCC_541\Debug\CAN_Basic_P4_Example01_Copy_01.a(CyLib.o)
                0x00000e9c                CySysClkImoGetWcoLock
 .text.CySysClkImoEnableUsbLock
                0x00000eb0       0x3c .\CortexM0\ARM_GCC_541\Debug\CAN_Basic_P4_Example01_Copy_01.a(CyLib.o)
                0x00000eb0                CySysClkImoEnableUsbLock
 .text.CySysClkImoDisableUsbLock
                0x00000eec       0x28 .\CortexM0\ARM_GCC_541\Debug\CAN_Basic_P4_Example01_Copy_01.a(CyLib.o)
                0x00000eec                CySysClkImoDisableUsbLock
 .text.CySysClkImoGetUsbLock
                0x00000f14       0x14 .\CortexM0\ARM_GCC_541\Debug\CAN_Basic_P4_Example01_Copy_01.a(CyLib.o)
                0x00000f14                CySysClkImoGetUsbLock
 .text.CyIntEnable
                0x00000f28       0x14 .\CortexM0\ARM_GCC_541\Debug\CAN_Basic_P4_Example01_Copy_01.a(CyLib.o)
                0x00000f28                CyIntEnable
 .text.CyIntDisable
                0x00000f3c       0x14 .\CortexM0\ARM_GCC_541\Debug\CAN_Basic_P4_Example01_Copy_01.a(CyLib.o)
                0x00000f3c                CyIntDisable
 .text.CyHalt   0x00000f50        0x4 .\CortexM0\ARM_GCC_541\Debug\CAN_Basic_P4_Example01_Copy_01.a(CyLib.o)
                0x00000f50                CyHalt
 .text.CyIntSetVector
                0x00000f54       0x24 .\CortexM0\ARM_GCC_541\Debug\CAN_Basic_P4_Example01_Copy_01.a(CyLib.o)
                0x00000f54                CyIntSetVector
 .text.CyIntSetPriority
                0x00000f78       0x4c .\CortexM0\ARM_GCC_541\Debug\CAN_Basic_P4_Example01_Copy_01.a(CyLib.o)
                0x00000f78                CyIntSetPriority
 .text.CyDelay  0x00000fc4       0x30 .\CortexM0\ARM_GCC_541\Debug\CAN_Basic_P4_Example01_Copy_01.a(CyLib.o)
                0x00000fc4                CyDelay
 .text.CySysClkImoEnableWcoLock
                0x00000ff4       0xfc .\CortexM0\ARM_GCC_541\Debug\CAN_Basic_P4_Example01_Copy_01.a(CyLib.o)
                0x00000ff4                CySysClkImoEnableWcoLock
 .text.CyDelayUs
                0x000010f0       0x14 .\CortexM0\ARM_GCC_541\Debug\CAN_Basic_P4_Example01_Copy_01.a(CyLib.o)
                0x000010f0                CyDelayUs
 .text.CySysClkWriteImoFreq
                0x00001104      0x1e0 .\CortexM0\ARM_GCC_541\Debug\CAN_Basic_P4_Example01_Copy_01.a(CyLib.o)
                0x00001104                CySysClkWriteImoFreq
 .text.CySysWdtLocked
                0x000012e4       0x14 .\CortexM0\ARM_GCC_541\Debug\CAN_Basic_P4_Example01_Copy_01.a(CyLFClk.o)
 .text.CySysClkWcoEnabled
                0x000012f8       0x14 .\CortexM0\ARM_GCC_541\Debug\CAN_Basic_P4_Example01_Copy_01.a(CyLFClk.o)
                0x000012f8                CySysClkWcoEnabled
 .text.CySysWdtLock
                0x0000130c       0x1c .\CortexM0\ARM_GCC_541\Debug\CAN_Basic_P4_Example01_Copy_01.a(CyLFClk.o)
                0x0000130c                CySysWdtLock
 .text.CySysWdtUnlock
                0x00001328       0x30 .\CortexM0\ARM_GCC_541\Debug\CAN_Basic_P4_Example01_Copy_01.a(CyLFClk.o)
                0x00001328                CySysWdtUnlock
 .text.CySysWdtClearInterrupt
                0x00001358       0x4c .\CortexM0\ARM_GCC_541\Debug\CAN_Basic_P4_Example01_Copy_01.a(CyLFClk.o)
                0x00001358                CySysWdtClearInterrupt
 .text.CySysWdtIsr
                0x000013a4       0xa4 .\CortexM0\ARM_GCC_541\Debug\CAN_Basic_P4_Example01_Copy_01.a(CyLFClk.o)
                0x000013a4                CySysWdtIsr
 .text          0x00001448       0x20 .\CortexM0\ARM_GCC_541\Debug\CAN_Basic_P4_Example01_Copy_01.a(CyBootAsmGnu.o)
                0x00001448                CyDelayCycles
                0x0000145a                CyEnterCriticalSection
                0x00001462                CyExitCriticalSection
 .text.UART_SpiUartWriteTxData
                0x00001468       0x1c .\CortexM0\ARM_GCC_541\Debug\CAN_Basic_P4_Example01_Copy_01.a(UART_SPI_UART.o)
                0x00001468                UART_SpiUartWriteTxData
 .text.CySysFlashSetWaitCycles
                0x00001484       0x54 .\CortexM0\ARM_GCC_541\Debug\CAN_Basic_P4_Example01_Copy_01.a(CyFlash.o)
                0x00001484                CySysFlashSetWaitCycles
 .text          0x000014d8      0x114 c:/program files (x86)/cypress/psoc creator/4.4/psoc creator/import/gnu/arm/5.4.1/bin/../lib/gcc/arm-none-eabi/5.4.1/armv6-m\libgcc.a(_udivsi3.o)
                0x000014d8                __aeabi_uidiv
                0x000014d8                __udivsi3
                0x000015e4                __aeabi_uidivmod
 .text          0x000015ec      0x1d4 c:/program files (x86)/cypress/psoc creator/4.4/psoc creator/import/gnu/arm/5.4.1/bin/../lib/gcc/arm-none-eabi/5.4.1/armv6-m\libgcc.a(_divsi3.o)
                0x000015ec                __divsi3
                0x000015ec                __aeabi_idiv
                0x000017b8                __aeabi_idivmod
 .text          0x000017c0        0x4 c:/program files (x86)/cypress/psoc creator/4.4/psoc creator/import/gnu/arm/5.4.1/bin/../lib/gcc/arm-none-eabi/5.4.1/armv6-m\libgcc.a(_dvmd_tls.o)
                0x000017c0                __aeabi_idiv0
                0x000017c0                __aeabi_ldiv0
 .text.__errno  0x000017c4        0xc c:/program files (x86)/cypress/psoc creator/4.4/psoc creator/import/gnu/arm/5.4.1/bin/../lib/gcc/arm-none-eabi/5.4.1/../../../../arm-none-eabi/lib/armv6-m\libg_nano.a(lib_a-errno.o)
                0x000017c4                __errno
 .text.__libc_init_array
                0x000017d0       0x4c c:/program files (x86)/cypress/psoc creator/4.4/psoc creator/import/gnu/arm/5.4.1/bin/../lib/gcc/arm-none-eabi/5.4.1/../../../../arm-none-eabi/lib/armv6-m\libg_nano.a(lib_a-init.o)
                0x000017d0                __libc_init_array
 .text.memcpy   0x0000181c       0x12 c:/program files (x86)/cypress/psoc creator/4.4/psoc creator/import/gnu/arm/5.4.1/bin/../lib/gcc/arm-none-eabi/5.4.1/../../../../arm-none-eabi/lib/armv6-m\libg_nano.a(lib_a-memcpy-stub.o)
                0x0000181c                memcpy
 .text.memset   0x0000182e       0x10 c:/program files (x86)/cypress/psoc creator/4.4/psoc creator/import/gnu/arm/5.4.1/bin/../lib/gcc/arm-none-eabi/5.4.1/../../../../arm-none-eabi/lib/armv6-m\libg_nano.a(lib_a-memset.o)
                0x0000182e                memset
 *fill*         0x0000183e        0x2 
 .text.sprintf  0x00001840       0x44 c:/program files (x86)/cypress/psoc creator/4.4/psoc creator/import/gnu/arm/5.4.1/bin/../lib/gcc/arm-none-eabi/5.4.1/../../../../arm-none-eabi/lib/armv6-m\libg_nano.a(lib_a-sprintf.o)
                0x00001840                siprintf
                0x00001840                sprintf
 .text.__ssputs_r
                0x00001884       0xc4 c:/program files (x86)/cypress/psoc creator/4.4/psoc creator/import/gnu/arm/5.4.1/bin/../lib/gcc/arm-none-eabi/5.4.1/../../../../arm-none-eabi/lib/armv6-m\libg_nano.a(lib_a-nano-svfprintf.o)
                0x00001884                __ssputs_r
 .text._svfprintf_r
                0x00001948      0x1fc c:/program files (x86)/cypress/psoc creator/4.4/psoc creator/import/gnu/arm/5.4.1/bin/../lib/gcc/arm-none-eabi/5.4.1/../../../../arm-none-eabi/lib/armv6-m\libg_nano.a(lib_a-nano-svfprintf.o)
                0x00001948                _svfiprintf_r
                0x00001948                _svfprintf_r
 .text._printf_common
                0x00001b44       0xdc c:/program files (x86)/cypress/psoc creator/4.4/psoc creator/import/gnu/arm/5.4.1/bin/../lib/gcc/arm-none-eabi/5.4.1/../../../../arm-none-eabi/lib/armv6-m\libg_nano.a(lib_a-nano-vfprintf_i.o)
                0x00001b44                _printf_common
 .text._printf_i
                0x00001c20      0x244 c:/program files (x86)/cypress/psoc creator/4.4/psoc creator/import/gnu/arm/5.4.1/bin/../lib/gcc/arm-none-eabi/5.4.1/../../../../arm-none-eabi/lib/armv6-m\libg_nano.a(lib_a-nano-vfprintf_i.o)
                0x00001c20                _printf_i
 .text.memchr   0x00001e64       0x16 c:/program files (x86)/cypress/psoc creator/4.4/psoc creator/import/gnu/arm/5.4.1/bin/../lib/gcc/arm-none-eabi/5.4.1/../../../../arm-none-eabi/lib/armv6-m\libg_nano.a(lib_a-memchr-stub.o)
                0x00001e64                memchr
 .text.memmove  0x00001e7a       0x2a c:/program files (x86)/cypress/psoc creator/4.4/psoc creator/import/gnu/arm/5.4.1/bin/../lib/gcc/arm-none-eabi/5.4.1/../../../../arm-none-eabi/lib/armv6-m\libg_nano.a(lib_a-memmove.o)
                0x00001e7a                memmove
 .text._free_r  0x00001ea4       0x98 c:/program files (x86)/cypress/psoc creator/4.4/psoc creator/import/gnu/arm/5.4.1/bin/../lib/gcc/arm-none-eabi/5.4.1/../../../../arm-none-eabi/lib/armv6-m\libg_nano.a(lib_a-nano-freer.o)
                0x00001ea4                _free_r
 .text._malloc_r
                0x00001f3c       0xc0 c:/program files (x86)/cypress/psoc creator/4.4/psoc creator/import/gnu/arm/5.4.1/bin/../lib/gcc/arm-none-eabi/5.4.1/../../../../arm-none-eabi/lib/armv6-m\libg_nano.a(lib_a-nano-mallocr.o)
                0x00001f3c                _malloc_r
 .text._realloc_r
                0x00001ffc       0x4c c:/program files (x86)/cypress/psoc creator/4.4/psoc creator/import/gnu/arm/5.4.1/bin/../lib/gcc/arm-none-eabi/5.4.1/../../../../arm-none-eabi/lib/armv6-m\libg_nano.a(lib_a-nano-reallocr.o)
                0x00001ffc                _realloc_r
 .text._sbrk_r  0x00002048       0x24 c:/program files (x86)/cypress/psoc creator/4.4/psoc creator/import/gnu/arm/5.4.1/bin/../lib/gcc/arm-none-eabi/5.4.1/../../../../arm-none-eabi/lib/armv6-m\libg_nano.a(lib_a-sbrkr.o)
                0x00002048                _sbrk_r
 .text.__malloc_lock
                0x0000206c        0x2 c:/program files (x86)/cypress/psoc creator/4.4/psoc creator/import/gnu/arm/5.4.1/bin/../lib/gcc/arm-none-eabi/5.4.1/../../../../arm-none-eabi/lib/armv6-m\libg_nano.a(lib_a-mlock.o)
                0x0000206c                __malloc_lock
 .text.__malloc_unlock
                0x0000206e        0x2 c:/program files (x86)/cypress/psoc creator/4.4/psoc creator/import/gnu/arm/5.4.1/bin/../lib/gcc/arm-none-eabi/5.4.1/../../../../arm-none-eabi/lib/armv6-m\libg_nano.a(lib_a-mlock.o)
                0x0000206e                __malloc_unlock
 .text._malloc_usable_size_r
                0x00002070       0x16 c:/program files (x86)/cypress/psoc creator/4.4/psoc creator/import/gnu/arm/5.4.1/bin/../lib/gcc/arm-none-eabi/5.4.1/../../../../arm-none-eabi/lib/armv6-m\libg_nano.a(lib_a-nano-msizer.o)
                0x00002070                _malloc_usable_size_r
 *(.plt)
 *(.gnu.warning)
 *(.glue_7t)
 .glue_7t       0x00002086        0x0 linker stubs
 *(.glue_7)
 .glue_7        0x00002086        0x0 linker stubs
 *(.vfp11_veneer)
 .vfp11_veneer  0x00002086        0x0 linker stubs
 *(.bootloader)
 *(.ARM.extab* .gnu.linkonce.armextab.*)
 *(.gcc_except_table)

.v4_bx          0x00002088        0x0
 .v4_bx         0x00002088        0x0 linker stubs

.iplt           0x00002088        0x0
 .iplt          0x00002088        0x0 c:/program files (x86)/cypress/psoc creator/4.4/psoc creator/import/gnu/arm/5.4.1/bin/../lib/gcc/arm-none-eabi/5.4.1/armv6-m/crtbegin.o

.eh_frame_hdr
 *(.eh_frame_hdr)

.eh_frame       0x00002088        0x4
 *(.eh_frame)
 .eh_frame      0x00002088        0x0 c:/program files (x86)/cypress/psoc creator/4.4/psoc creator/import/gnu/arm/5.4.1/bin/../lib/gcc/arm-none-eabi/5.4.1/armv6-m/crtbegin.o
 .eh_frame      0x00002088        0x4 c:/program files (x86)/cypress/psoc creator/4.4/psoc creator/import/gnu/arm/5.4.1/bin/../lib/gcc/arm-none-eabi/5.4.1/armv6-m/crtend.o
                [!provide]                PROVIDE (__exidx_start, .)

.ARM.exidx
 *(.ARM.exidx* .gnu.linkonce.armexidx.*)
                0x0000208c                __exidx_end = .

.rodata         0x0000208c      0x2a4
 *(.rodata .rodata.* .gnu.linkonce.r.*)
 .rodata.str1.4
                0x0000208c       0x54 .\CortexM0\ARM_GCC_541\Debug\main.o
                                 0x53 (size before relaxing)
 .rodata        0x000020e0       0x3c .\CortexM0\ARM_GCC_541\Debug\cyfitter_cfg.o
 .rodata        0x0000211c      0x160 .\CortexM0\ARM_GCC_541\Debug\CAN_Basic_P4_Example01_Copy_01.a(CAN.o)
 .rodata        0x0000227c       0x47 .\CortexM0\ARM_GCC_541\Debug\CAN_Basic_P4_Example01_Copy_01.a(CyLib.o)
                0x0000227c                cyImoFreqMhz2Reg
                0x000022ac                cyImoFreqMhz2DpllOffset
 .rodata.str1.1
                0x000022c3        0x2 c:/program files (x86)/cypress/psoc creator/4.4/psoc creator/import/gnu/arm/5.4.1/bin/../lib/gcc/arm-none-eabi/5.4.1/../../../../arm-none-eabi/lib/armv6-m\libg_nano.a(lib_a-impure.o)
 .rodata.str1.1
                0x000022c5       0x11 c:/program files (x86)/cypress/psoc creator/4.4/psoc creator/import/gnu/arm/5.4.1/bin/../lib/gcc/arm-none-eabi/5.4.1/../../../../arm-none-eabi/lib/armv6-m\libg_nano.a(lib_a-nano-svfprintf.o)
 .rodata.str1.1
                0x000022d6       0x22 c:/program files (x86)/cypress/psoc creator/4.4/psoc creator/import/gnu/arm/5.4.1/bin/../lib/gcc/arm-none-eabi/5.4.1/../../../../arm-none-eabi/lib/armv6-m\libg_nano.a(lib_a-nano-vfprintf_i.o)
                0x000022f8                . = ALIGN (0x4)
 *(.init)
 .init          0x000022f8        0x4 c:/program files (x86)/cypress/psoc creator/4.4/psoc creator/import/gnu/arm/5.4.1/bin/../lib/gcc/arm-none-eabi/5.4.1/armv6-m/crti.o
                0x000022f8                _init
 .init          0x000022fc        0x8 c:/program files (x86)/cypress/psoc creator/4.4/psoc creator/import/gnu/arm/5.4.1/bin/../lib/gcc/arm-none-eabi/5.4.1/armv6-m/crtn.o
                0x00002304                . = ALIGN (0x4)
                0x00002304                __preinit_array_start = .
 *(.preinit_array)
                0x00002304                __preinit_array_end = .
                0x00002304                . = ALIGN (0x4)
                0x00002304                __init_array_start = .
 *(SORT(.init_array.*))
 *(.init_array)
 .init_array    0x00002304        0x4 c:/program files (x86)/cypress/psoc creator/4.4/psoc creator/import/gnu/arm/5.4.1/bin/../lib/gcc/arm-none-eabi/5.4.1/armv6-m/crtbegin.o
 .init_array    0x00002308        0x4 .\CortexM0\ARM_GCC_541\Debug\Cm0Start.o
                0x0000230c                __init_array_end = .
                0x0000230c                . = ALIGN (0x4)
 *(.fini)
 .fini          0x0000230c        0x4 c:/program files (x86)/cypress/psoc creator/4.4/psoc creator/import/gnu/arm/5.4.1/bin/../lib/gcc/arm-none-eabi/5.4.1/armv6-m/crti.o
                0x0000230c                _fini
 .fini          0x00002310        0x8 c:/program files (x86)/cypress/psoc creator/4.4/psoc creator/import/gnu/arm/5.4.1/bin/../lib/gcc/arm-none-eabi/5.4.1/armv6-m/crtn.o
                0x00002318                . = ALIGN (0x4)
                0x00002318                __fini_array_start = .
 *(.fini_array)
 .fini_array    0x00002318        0x4 c:/program files (x86)/cypress/psoc creator/4.4/psoc creator/import/gnu/arm/5.4.1/bin/../lib/gcc/arm-none-eabi/5.4.1/armv6-m/crtbegin.o
 *(SORT(.fini_array.*))
                0x0000231c                __fini_array_end = .
                0x0000231c                . = ALIGN (0x4)
 *crtbegin.o(.ctors)
 *(EXCLUDE_FILE(*crtend.o) .ctors)
 *(SORT(.ctors.*))
 *crtend.o(.ctors)
                0x0000231c                . = ALIGN (0x4)
 *crtbegin.o(.dtors)
 *(EXCLUDE_FILE(*crtend.o) .dtors)
 *(SORT(.dtors.*))
 *crtend.o(.dtors)
                0x0000231c                . = ALIGN (0x4)
                0x0000231c                __cy_regions = .
                0x0000231c        0x4 LONG 0x2330 __cy_region_init_ram
                0x00002320        0x4 LONG 0x200000c0 __cy_region_start_data
                0x00002324        0x4 LONG 0x88 __cy_region_init_size_ram
                0x00002328        0x4 LONG 0x80 __cy_region_zero_size_ram
                0x0000232c                __cy_regions_end = .
                0x00002330                . = ALIGN (0x8)
 *fill*         0x0000232c        0x4 
                0x00002330                _etext = .

.cy_checksum_exclude
                0x00002330        0x0
 *(.cy_checksum_exclude)

.ramvectors     0x20000000       0xc0
                0x20000000                __cy_region_start_ram = .
 *(.ramvectors)
 .ramvectors    0x20000000       0xc0 .\CortexM0\ARM_GCC_541\Debug\Cm0Start.o
                0x20000000                CyRamVectors

.noinit
 *(.noinit)

.data           0x200000c0       0x88 load address 0x00002330
                0x200000c0                __cy_region_start_data = .
 *(.jcr)
 .jcr           0x200000c0        0x0 c:/program files (x86)/cypress/psoc creator/4.4/psoc creator/import/gnu/arm/5.4.1/bin/../lib/gcc/arm-none-eabi/5.4.1/armv6-m/crtbegin.o
 .jcr           0x200000c0        0x4 c:/program files (x86)/cypress/psoc creator/4.4/psoc creator/import/gnu/arm/5.4.1/bin/../lib/gcc/arm-none-eabi/5.4.1/armv6-m/crtend.o
 *(.got.plt)
 *(.got)
 *(.shdata)
 *(.data .data.* .gnu.linkonce.d.*)
 .data          0x200000c4        0x4 .\CortexM0\ARM_GCC_541\Debug\Cm0Start.o
 .data          0x200000c8       0x14 .\CortexM0\ARM_GCC_541\Debug\CAN_Basic_P4_Example01_Copy_01.a(CyLib.o)
                0x200000c8                CySysClkPumpConfig
                0x200000cc                cydelay32kMs
                0x200000d0                cydelayFreqKhz
                0x200000d4                cydelayFreqMhz
                0x200000d8                cydelayFreqHz
 .data          0x200000dc        0x8 .\CortexM0\ARM_GCC_541\Debug\CAN_Basic_P4_Example01_Copy_01.a(CyLFClk.o)
 .data.impure_data
                0x200000e4       0x60 c:/program files (x86)/cypress/psoc creator/4.4/psoc creator/import/gnu/arm/5.4.1/bin/../lib/gcc/arm-none-eabi/5.4.1/../../../../arm-none-eabi/lib/armv6-m\libg_nano.a(lib_a-impure.o)
 .data._impure_ptr
                0x20000144        0x4 c:/program files (x86)/cypress/psoc creator/4.4/psoc creator/import/gnu/arm/5.4.1/bin/../lib/gcc/arm-none-eabi/5.4.1/../../../../arm-none-eabi/lib/armv6-m\libg_nano.a(lib_a-impure.o)
                0x20000144                _impure_ptr
                0x20000148                . = ALIGN (0x8)
 *(.ram)
                0x20000148                _edata = .

.igot.plt       0x20000148        0x0 load address 0x000023b8
 .igot.plt      0x20000148        0x0 c:/program files (x86)/cypress/psoc creator/4.4/psoc creator/import/gnu/arm/5.4.1/bin/../lib/gcc/arm-none-eabi/5.4.1/armv6-m/crtbegin.o

.bss            0x20000148       0x80 load address 0x000023b8
                0x20000148                PROVIDE (__bss_start__, .)
 *(.shbss)
 *(.bss .bss.* .gnu.linkonce.b.*)
 .bss           0x20000148       0x1c c:/program files (x86)/cypress/psoc creator/4.4/psoc creator/import/gnu/arm/5.4.1/bin/../lib/gcc/arm-none-eabi/5.4.1/armv6-m/crtbegin.o
 .bss           0x20000164        0x2 .\CortexM0\ARM_GCC_541\Debug\main.o
                0x20000164                isrFlag
                0x20000165                switchState
 .bss           0x20000166        0x4 .\CortexM0\ARM_GCC_541\Debug\CAN_Basic_P4_Example01_Copy_01.a(UART.o)
                0x20000166                UART_initVar
                0x20000168                UART_IntrTxMask
 .bss           0x2000016a        0x1 .\CortexM0\ARM_GCC_541\Debug\CAN_Basic_P4_Example01_Copy_01.a(PWM.o)
                0x2000016a                PWM_initVar
 .bss           0x2000016b        0x1 .\CortexM0\ARM_GCC_541\Debug\CAN_Basic_P4_Example01_Copy_01.a(ADC.o)
                0x2000016b                ADC_initVar
 .bss           0x2000016c        0x1 .\CortexM0\ARM_GCC_541\Debug\CAN_Basic_P4_Example01_Copy_01.a(CAN.o)
                0x2000016c                CAN_initVar
 *fill*         0x2000016d        0x3 
 .bss           0x20000170       0x1c .\CortexM0\ARM_GCC_541\Debug\CAN_Basic_P4_Example01_Copy_01.a(CyLib.o)
                0x20000170                CySysClkImoTrim4
                0x20000188                CySysTickInitVar
 .bss           0x2000018c       0x28 .\CortexM0\ARM_GCC_541\Debug\CAN_Basic_P4_Example01_Copy_01.a(CyLFClk.o)
 .bss.__malloc_sbrk_start
                0x200001b4        0x4 c:/program files (x86)/cypress/psoc creator/4.4/psoc creator/import/gnu/arm/5.4.1/bin/../lib/gcc/arm-none-eabi/5.4.1/../../../../arm-none-eabi/lib/armv6-m\libg_nano.a(lib_a-nano-mallocr.o)
                0x200001b4                __malloc_sbrk_start
 .bss.__malloc_free_list
                0x200001b8        0x4 c:/program files (x86)/cypress/psoc creator/4.4/psoc creator/import/gnu/arm/5.4.1/bin/../lib/gcc/arm-none-eabi/5.4.1/../../../../arm-none-eabi/lib/armv6-m\libg_nano.a(lib_a-nano-mallocr.o)
                0x200001b8                __malloc_free_list
 *(COMMON)
 COMMON         0x200001bc        0x6 .\CortexM0\ARM_GCC_541\Debug\CAN_Basic_P4_Example01_Copy_01.a(ADC.o)
                0x200001bc                ADC_countsPer10Volt
                0x200001c0                ADC_offset
 *fill*         0x200001c2        0x2 
 COMMON         0x200001c4        0x4 c:/program files (x86)/cypress/psoc creator/4.4/psoc creator/import/gnu/arm/5.4.1/bin/../lib/gcc/arm-none-eabi/5.4.1/../../../../arm-none-eabi/lib/armv6-m\libg_nano.a(lib_a-reent.o)
                0x200001c4                errno
                0x200001c8                . = ALIGN (0x8)
 *(.ram.b)
                0x200001c8                _end = .
                0x200001c8                __end = .
                0x200001c8                PROVIDE (end, .)
                0x200001c8                PROVIDE (__bss_end__, .)
                0x00002330                __cy_region_init_ram = LOADADDR (.data)
                0x00000088                __cy_region_init_size_ram = (_edata - ADDR (.data))
                0x00000080                __cy_region_zero_size_ram = (_end - _edata)

.heap           0x200001c8       0x80 load address 0x000023b8
                0x200001c8                . = _end
                0x20000248                . = (. + 0x80)
 *fill*         0x200001c8       0x80 
                0x20000248                __cy_heap_limit = .

.stack          0x20007800      0x800
                0x20007800                __cy_stack_limit = .
                0x20008000                . = (. + 0x800)
 *fill*         0x20007800      0x800 
                0x00000001                ASSERT ((__cy_stack_limit >= __cy_heap_limit), region RAM overflowed with stack)
                0x00000000                cy_checksum_exclude_size = (CY_APPL_LOADABLE == 0x1)?SIZEOF (.cy_checksum_exclude):0x0
                0x00000001                ASSERT ((cy_checksum_exclude_size <= CY_CHECKSUM_EXCLUDE_SIZE), CY_BOOT: Section .cy_checksum_exclude size exceedes specified limit.)
                0x0003ffc0                cyloadermeta_start = (cy_project_type_bootloader || cy_project_type_app_for_stack_and_copier)?(LENGTH (rom) - CY_METADATA_SIZE):0xf0000000

.cyloadermeta
 *(.cyloadermeta)
                0x0003ffc0                cyloadablemeta_start = cy_project_type_app_for_stack_and_copier?((LENGTH (rom) - CY_FLASH_ROW_SIZE) - CY_METADATA_SIZE):((LENGTH (rom) - (CY_FLASH_ROW_SIZE * (CY_APPL_NUM - 0x1))) - CY_METADATA_SIZE)

.cyloadablemeta
 *(.cyloadablemeta)

.cyflashprotect
                0x90400000       0x80
 *(.cyflashprotect)
 .cyflashprotect
                0x90400000       0x80 .\CortexM0\ARM_GCC_541\Debug\cymetadata.o
                0x90400000                cy_meta_flashprotect

.cymeta         0x90500000        0xc
 *(.cymeta)
 .cymeta        0x90500000        0xc .\CortexM0\ARM_GCC_541\Debug\cymetadata.o
                0x90500000                cy_metadata

.cychipprotect  0x90600000        0x1
 *(.cychipprotect)
 .cychipprotect
                0x90600000        0x1 .\CortexM0\ARM_GCC_541\Debug\cymetadata.o
                0x90600000                cy_meta_chipprotect

.rel.dyn        0x000023b8        0x0 load address 0x90600004
 .rel.iplt      0x000023b8        0x0 c:/program files (x86)/cypress/psoc creator/4.4/psoc creator/import/gnu/arm/5.4.1/bin/../lib/gcc/arm-none-eabi/5.4.1/armv6-m/crtbegin.o

.stab
 *(.stab)

.stabstr
 *(.stabstr)

.debug
 *(.debug)

.line
 *(.line)

.debug_srcinfo
 *(.debug_srcinfo)

.debug_sfnames
 *(.debug_sfnames)

.debug_aranges  0x00000000      0xa10
 *(.debug_aranges)
 .debug_aranges
                0x00000000       0x30 .\CortexM0\ARM_GCC_541\Debug\main.o
 .debug_aranges
                0x00000030       0x48 .\CortexM0\ARM_GCC_541\Debug\cyfitter_cfg.o
 .debug_aranges
                0x00000078       0x18 .\CortexM0\ARM_GCC_541\Debug\cymetadata.o
 .debug_aranges
                0x00000090       0x48 .\CortexM0\ARM_GCC_541\Debug\Cm0Start.o
 .debug_aranges
                0x000000d8       0x58 .\CortexM0\ARM_GCC_541\Debug\CAN_Basic_P4_Example01_Copy_01.a(UART.o)
 .debug_aranges
                0x00000130       0x88 .\CortexM0\ARM_GCC_541\Debug\CAN_Basic_P4_Example01_Copy_01.a(UART_UART.o)
 .debug_aranges
                0x000001b8       0x48 .\CortexM0\ARM_GCC_541\Debug\CAN_Basic_P4_Example01_Copy_01.a(Switch1.o)
 .debug_aranges
                0x00000200      0x158 .\CortexM0\ARM_GCC_541\Debug\CAN_Basic_P4_Example01_Copy_01.a(PWM.o)
 .debug_aranges
                0x00000358       0xa8 .\CortexM0\ARM_GCC_541\Debug\CAN_Basic_P4_Example01_Copy_01.a(ADC.o)
 .debug_aranges
                0x00000400       0x20 .\CortexM0\ARM_GCC_541\Debug\CAN_Basic_P4_Example01_Copy_01.a(ADC_INT.o)
 .debug_aranges
                0x00000420       0xe8 .\CortexM0\ARM_GCC_541\Debug\CAN_Basic_P4_Example01_Copy_01.a(CAN.o)
 .debug_aranges
                0x00000508       0x20 .\CortexM0\ARM_GCC_541\Debug\CAN_Basic_P4_Example01_Copy_01.a(CAN_INT.o)
 .debug_aranges
                0x00000528       0x40 .\CortexM0\ARM_GCC_541\Debug\CAN_Basic_P4_Example01_Copy_01.a(CAN_TX_RX_func.o)
 .debug_aranges
                0x00000568      0x260 .\CortexM0\ARM_GCC_541\Debug\CAN_Basic_P4_Example01_Copy_01.a(CyLib.o)
 .debug_aranges
                0x000007c8      0x188 .\CortexM0\ARM_GCC_541\Debug\CAN_Basic_P4_Example01_Copy_01.a(CyLFClk.o)
 .debug_aranges
                0x00000950       0x20 .\CortexM0\ARM_GCC_541\Debug\CAN_Basic_P4_Example01_Copy_01.a(CyBootAsmGnu.o)
 .debug_aranges
                0x00000970       0x60 .\CortexM0\ARM_GCC_541\Debug\CAN_Basic_P4_Example01_Copy_01.a(UART_SPI_UART.o)
 .debug_aranges
                0x000009d0       0x40 .\CortexM0\ARM_GCC_541\Debug\CAN_Basic_P4_Example01_Copy_01.a(CyFlash.o)

.debug_pubnames
 *(.debug_pubnames)

.debug_info     0x00000000     0x5ff8
 *(.debug_info .gnu.linkonce.wi.*)
 .debug_info    0x00000000      0x4e7 .\CortexM0\ARM_GCC_541\Debug\main.o
 .debug_info    0x000004e7      0x404 .\CortexM0\ARM_GCC_541\Debug\cyfitter_cfg.o
 .debug_info    0x000008eb       0xf8 .\CortexM0\ARM_GCC_541\Debug\cymetadata.o
 .debug_info    0x000009e3      0x3a2 .\CortexM0\ARM_GCC_541\Debug\Cm0Start.o
 .debug_info    0x00000d85      0x23a .\CortexM0\ARM_GCC_541\Debug\CAN_Basic_P4_Example01_Copy_01.a(UART.o)
 .debug_info    0x00000fbf      0x36e .\CortexM0\ARM_GCC_541\Debug\CAN_Basic_P4_Example01_Copy_01.a(UART_UART.o)
 .debug_info    0x0000132d      0x19d .\CortexM0\ARM_GCC_541\Debug\CAN_Basic_P4_Example01_Copy_01.a(Switch1.o)
 .debug_info    0x000014ca      0x908 .\CortexM0\ARM_GCC_541\Debug\CAN_Basic_P4_Example01_Copy_01.a(PWM.o)
 .debug_info    0x00001dd2      0x579 .\CortexM0\ARM_GCC_541\Debug\CAN_Basic_P4_Example01_Copy_01.a(ADC.o)
 .debug_info    0x0000234b       0xcb .\CortexM0\ARM_GCC_541\Debug\CAN_Basic_P4_Example01_Copy_01.a(ADC_INT.o)
 .debug_info    0x00002416      0x9c6 .\CortexM0\ARM_GCC_541\Debug\CAN_Basic_P4_Example01_Copy_01.a(CAN.o)
 .debug_info    0x00002ddc       0xa0 .\CortexM0\ARM_GCC_541\Debug\CAN_Basic_P4_Example01_Copy_01.a(CAN_INT.o)
 .debug_info    0x00002e7c      0x3d2 .\CortexM0\ARM_GCC_541\Debug\CAN_Basic_P4_Example01_Copy_01.a(CAN_TX_RX_func.o)
 .debug_info    0x0000324e     0x172c .\CortexM0\ARM_GCC_541\Debug\CAN_Basic_P4_Example01_Copy_01.a(CyLib.o)
 .debug_info    0x0000497a     0x1058 .\CortexM0\ARM_GCC_541\Debug\CAN_Basic_P4_Example01_Copy_01.a(CyLFClk.o)
 .debug_info    0x000059d2       0xb4 .\CortexM0\ARM_GCC_541\Debug\CAN_Basic_P4_Example01_Copy_01.a(CyBootAsmGnu.o)
 .debug_info    0x00005a86      0x220 .\CortexM0\ARM_GCC_541\Debug\CAN_Basic_P4_Example01_Copy_01.a(UART_SPI_UART.o)
 .debug_info    0x00005ca6      0x352 .\CortexM0\ARM_GCC_541\Debug\CAN_Basic_P4_Example01_Copy_01.a(CyFlash.o)

.debug_abbrev   0x00000000     0x161d
 *(.debug_abbrev)
 .debug_abbrev  0x00000000      0x148 .\CortexM0\ARM_GCC_541\Debug\main.o
 .debug_abbrev  0x00000148      0x1cf .\CortexM0\ARM_GCC_541\Debug\cyfitter_cfg.o
 .debug_abbrev  0x00000317       0x5d .\CortexM0\ARM_GCC_541\Debug\cymetadata.o
 .debug_abbrev  0x00000374      0x1d7 .\CortexM0\ARM_GCC_541\Debug\Cm0Start.o
 .debug_abbrev  0x0000054b       0xd5 .\CortexM0\ARM_GCC_541\Debug\CAN_Basic_P4_Example01_Copy_01.a(UART.o)
 .debug_abbrev  0x00000620      0x132 .\CortexM0\ARM_GCC_541\Debug\CAN_Basic_P4_Example01_Copy_01.a(UART_UART.o)
 .debug_abbrev  0x00000752       0xc8 .\CortexM0\ARM_GCC_541\Debug\CAN_Basic_P4_Example01_Copy_01.a(Switch1.o)
 .debug_abbrev  0x0000081a      0x119 .\CortexM0\ARM_GCC_541\Debug\CAN_Basic_P4_Example01_Copy_01.a(PWM.o)
 .debug_abbrev  0x00000933      0x184 .\CortexM0\ARM_GCC_541\Debug\CAN_Basic_P4_Example01_Copy_01.a(ADC.o)
 .debug_abbrev  0x00000ab7       0x65 .\CortexM0\ARM_GCC_541\Debug\CAN_Basic_P4_Example01_Copy_01.a(ADC_INT.o)
 .debug_abbrev  0x00000b1c      0x186 .\CortexM0\ARM_GCC_541\Debug\CAN_Basic_P4_Example01_Copy_01.a(CAN.o)
 .debug_abbrev  0x00000ca2       0x42 .\CortexM0\ARM_GCC_541\Debug\CAN_Basic_P4_Example01_Copy_01.a(CAN_INT.o)
 .debug_abbrev  0x00000ce4      0x184 .\CortexM0\ARM_GCC_541\Debug\CAN_Basic_P4_Example01_Copy_01.a(CAN_TX_RX_func.o)
 .debug_abbrev  0x00000e68      0x288 .\CortexM0\ARM_GCC_541\Debug\CAN_Basic_P4_Example01_Copy_01.a(CyLib.o)
 .debug_abbrev  0x000010f0      0x248 .\CortexM0\ARM_GCC_541\Debug\CAN_Basic_P4_Example01_Copy_01.a(CyLFClk.o)
 .debug_abbrev  0x00001338       0x14 .\CortexM0\ARM_GCC_541\Debug\CAN_Basic_P4_Example01_Copy_01.a(CyBootAsmGnu.o)
 .debug_abbrev  0x0000134c      0x14f .\CortexM0\ARM_GCC_541\Debug\CAN_Basic_P4_Example01_Copy_01.a(UART_SPI_UART.o)
 .debug_abbrev  0x0000149b      0x182 .\CortexM0\ARM_GCC_541\Debug\CAN_Basic_P4_Example01_Copy_01.a(CyFlash.o)

.debug_line     0x00000000     0x26ff
 *(.debug_line)
 .debug_line    0x00000000      0x17d .\CortexM0\ARM_GCC_541\Debug\main.o
 .debug_line    0x0000017d      0x19a .\CortexM0\ARM_GCC_541\Debug\cyfitter_cfg.o
 .debug_line    0x00000317      0x141 .\CortexM0\ARM_GCC_541\Debug\cymetadata.o
 .debug_line    0x00000458      0x236 .\CortexM0\ARM_GCC_541\Debug\Cm0Start.o
 .debug_line    0x0000068e      0x108 .\CortexM0\ARM_GCC_541\Debug\CAN_Basic_P4_Example01_Copy_01.a(UART.o)
 .debug_line    0x00000796      0x1ae .\CortexM0\ARM_GCC_541\Debug\CAN_Basic_P4_Example01_Copy_01.a(UART_UART.o)
 .debug_line    0x00000944       0xbf .\CortexM0\ARM_GCC_541\Debug\CAN_Basic_P4_Example01_Copy_01.a(Switch1.o)
 .debug_line    0x00000a03      0x37c .\CortexM0\ARM_GCC_541\Debug\CAN_Basic_P4_Example01_Copy_01.a(PWM.o)
 .debug_line    0x00000d7f      0x270 .\CortexM0\ARM_GCC_541\Debug\CAN_Basic_P4_Example01_Copy_01.a(ADC.o)
 .debug_line    0x00000fef       0x62 .\CortexM0\ARM_GCC_541\Debug\CAN_Basic_P4_Example01_Copy_01.a(ADC_INT.o)
 .debug_line    0x00001051      0x3e7 .\CortexM0\ARM_GCC_541\Debug\CAN_Basic_P4_Example01_Copy_01.a(CAN.o)
 .debug_line    0x00001438       0x53 .\CortexM0\ARM_GCC_541\Debug\CAN_Basic_P4_Example01_Copy_01.a(CAN_INT.o)
 .debug_line    0x0000148b      0x131 .\CortexM0\ARM_GCC_541\Debug\CAN_Basic_P4_Example01_Copy_01.a(CAN_TX_RX_func.o)
 .debug_line    0x000015bc      0x87d .\CortexM0\ARM_GCC_541\Debug\CAN_Basic_P4_Example01_Copy_01.a(CyLib.o)
 .debug_line    0x00001e39      0x5d1 .\CortexM0\ARM_GCC_541\Debug\CAN_Basic_P4_Example01_Copy_01.a(CyLFClk.o)
 .debug_line    0x0000240a       0x68 .\CortexM0\ARM_GCC_541\Debug\CAN_Basic_P4_Example01_Copy_01.a(CyBootAsmGnu.o)
 .debug_line    0x00002472      0x11a .\CortexM0\ARM_GCC_541\Debug\CAN_Basic_P4_Example01_Copy_01.a(UART_SPI_UART.o)
 .debug_line    0x0000258c      0x173 .\CortexM0\ARM_GCC_541\Debug\CAN_Basic_P4_Example01_Copy_01.a(CyFlash.o)

.debug_frame    0x00000000     0x1e38
 *(.debug_frame)
 .debug_frame   0x00000000       0x5c .\CortexM0\ARM_GCC_541\Debug\main.o
 .debug_frame   0x0000005c       0xb8 .\CortexM0\ARM_GCC_541\Debug\cyfitter_cfg.o
 .debug_frame   0x00000114       0xbc .\CortexM0\ARM_GCC_541\Debug\Cm0Start.o
 .debug_frame   0x000001d0       0xd8 .\CortexM0\ARM_GCC_541\Debug\CAN_Basic_P4_Example01_Copy_01.a(UART.o)
 .debug_frame   0x000002a8      0x130 .\CortexM0\ARM_GCC_541\Debug\CAN_Basic_P4_Example01_Copy_01.a(UART_UART.o)
 .debug_frame   0x000003d8       0x70 .\CortexM0\ARM_GCC_541\Debug\CAN_Basic_P4_Example01_Copy_01.a(Switch1.o)
 .debug_frame   0x00000448      0x3a0 .\CortexM0\ARM_GCC_541\Debug\CAN_Basic_P4_Example01_Copy_01.a(PWM.o)
 .debug_frame   0x000007e8      0x1b0 .\CortexM0\ARM_GCC_541\Debug\CAN_Basic_P4_Example01_Copy_01.a(ADC.o)
 .debug_frame   0x00000998       0x20 .\CortexM0\ARM_GCC_541\Debug\CAN_Basic_P4_Example01_Copy_01.a(ADC_INT.o)
 .debug_frame   0x000009b8      0x238 .\CortexM0\ARM_GCC_541\Debug\CAN_Basic_P4_Example01_Copy_01.a(CAN.o)
 .debug_frame   0x00000bf0       0x20 .\CortexM0\ARM_GCC_541\Debug\CAN_Basic_P4_Example01_Copy_01.a(CAN_INT.o)
 .debug_frame   0x00000c10       0x80 .\CortexM0\ARM_GCC_541\Debug\CAN_Basic_P4_Example01_Copy_01.a(CAN_TX_RX_func.o)
 .debug_frame   0x00000c90      0x6dc .\CortexM0\ARM_GCC_541\Debug\CAN_Basic_P4_Example01_Copy_01.a(CyLib.o)
 .debug_frame   0x0000136c      0x4a4 .\CortexM0\ARM_GCC_541\Debug\CAN_Basic_P4_Example01_Copy_01.a(CyLFClk.o)
 .debug_frame   0x00001810       0xb0 .\CortexM0\ARM_GCC_541\Debug\CAN_Basic_P4_Example01_Copy_01.a(UART_SPI_UART.o)
 .debug_frame   0x000018c0       0x90 .\CortexM0\ARM_GCC_541\Debug\CAN_Basic_P4_Example01_Copy_01.a(CyFlash.o)
 .debug_frame   0x00001950       0x20 c:/program files (x86)/cypress/psoc creator/4.4/psoc creator/import/gnu/arm/5.4.1/bin/../lib/gcc/arm-none-eabi/5.4.1/armv6-m\libgcc.a(_udivsi3.o)
 .debug_frame   0x00001970       0x20 c:/program files (x86)/cypress/psoc creator/4.4/psoc creator/import/gnu/arm/5.4.1/bin/../lib/gcc/arm-none-eabi/5.4.1/armv6-m\libgcc.a(_divsi3.o)
 .debug_frame   0x00001990       0x34 c:/program files (x86)/cypress/psoc creator/4.4/psoc creator/import/gnu/arm/5.4.1/bin/../lib/gcc/arm-none-eabi/5.4.1/armv6-m\libgcc.a(_muldi3.o)
 .debug_frame   0x000019c4       0x30 c:/program files (x86)/cypress/psoc creator/4.4/psoc creator/import/gnu/arm/5.4.1/bin/../lib/gcc/arm-none-eabi/5.4.1/armv6-m\libgcc.a(bpabi.o)
 .debug_frame   0x000019f4       0x3c c:/program files (x86)/cypress/psoc creator/4.4/psoc creator/import/gnu/arm/5.4.1/bin/../lib/gcc/arm-none-eabi/5.4.1/armv6-m\libgcc.a(divsf3.o)
 .debug_frame   0x00001a30       0x38 c:/program files (x86)/cypress/psoc creator/4.4/psoc creator/import/gnu/arm/5.4.1/bin/../lib/gcc/arm-none-eabi/5.4.1/armv6-m\libgcc.a(mulsf3.o)
 .debug_frame   0x00001a68       0x2c c:/program files (x86)/cypress/psoc creator/4.4/psoc creator/import/gnu/arm/5.4.1/bin/../lib/gcc/arm-none-eabi/5.4.1/armv6-m\libgcc.a(floatsisf.o)
 .debug_frame   0x00001a94       0x3c c:/program files (x86)/cypress/psoc creator/4.4/psoc creator/import/gnu/arm/5.4.1/bin/../lib/gcc/arm-none-eabi/5.4.1/armv6-m\libgcc.a(_divdi3.o)
 .debug_frame   0x00001ad0       0x20 c:/program files (x86)/cypress/psoc creator/4.4/psoc creator/import/gnu/arm/5.4.1/bin/../lib/gcc/arm-none-eabi/5.4.1/../../../../arm-none-eabi/lib/armv6-m\libg_nano.a(lib_a-errno.o)
 .debug_frame   0x00001af0       0x28 c:/program files (x86)/cypress/psoc creator/4.4/psoc creator/import/gnu/arm/5.4.1/bin/../lib/gcc/arm-none-eabi/5.4.1/../../../../arm-none-eabi/lib/armv6-m\libg_nano.a(lib_a-exit.o)
 .debug_frame   0x00001b18       0x2c c:/program files (x86)/cypress/psoc creator/4.4/psoc creator/import/gnu/arm/5.4.1/bin/../lib/gcc/arm-none-eabi/5.4.1/../../../../arm-none-eabi/lib/armv6-m\libg_nano.a(lib_a-init.o)
 .debug_frame   0x00001b44       0x28 c:/program files (x86)/cypress/psoc creator/4.4/psoc creator/import/gnu/arm/5.4.1/bin/../lib/gcc/arm-none-eabi/5.4.1/../../../../arm-none-eabi/lib/armv6-m\libg_nano.a(lib_a-memcpy-stub.o)
 .debug_frame   0x00001b6c       0x20 c:/program files (x86)/cypress/psoc creator/4.4/psoc creator/import/gnu/arm/5.4.1/bin/../lib/gcc/arm-none-eabi/5.4.1/../../../../arm-none-eabi/lib/armv6-m\libg_nano.a(lib_a-memset.o)
 .debug_frame   0x00001b8c       0x50 c:/program files (x86)/cypress/psoc creator/4.4/psoc creator/import/gnu/arm/5.4.1/bin/../lib/gcc/arm-none-eabi/5.4.1/../../../../arm-none-eabi/lib/armv6-m\libg_nano.a(lib_a-sprintf.o)
 .debug_frame   0x00001bdc       0x74 c:/program files (x86)/cypress/psoc creator/4.4/psoc creator/import/gnu/arm/5.4.1/bin/../lib/gcc/arm-none-eabi/5.4.1/../../../../arm-none-eabi/lib/armv6-m\libg_nano.a(lib_a-nano-svfprintf.o)
 .debug_frame   0x00001c50       0x54 c:/program files (x86)/cypress/psoc creator/4.4/psoc creator/import/gnu/arm/5.4.1/bin/../lib/gcc/arm-none-eabi/5.4.1/../../../../arm-none-eabi/lib/armv6-m\libg_nano.a(lib_a-nano-vfprintf_i.o)
 .debug_frame   0x00001ca4       0x20 c:/program files (x86)/cypress/psoc creator/4.4/psoc creator/import/gnu/arm/5.4.1/bin/../lib/gcc/arm-none-eabi/5.4.1/../../../../arm-none-eabi/lib/armv6-m\libg_nano.a(lib_a-memchr-stub.o)
 .debug_frame   0x00001cc4       0x28 c:/program files (x86)/cypress/psoc creator/4.4/psoc creator/import/gnu/arm/5.4.1/bin/../lib/gcc/arm-none-eabi/5.4.1/../../../../arm-none-eabi/lib/armv6-m\libg_nano.a(lib_a-memmove.o)
 .debug_frame   0x00001cec       0x2c c:/program files (x86)/cypress/psoc creator/4.4/psoc creator/import/gnu/arm/5.4.1/bin/../lib/gcc/arm-none-eabi/5.4.1/../../../../arm-none-eabi/lib/armv6-m\libg_nano.a(lib_a-nano-freer.o)
 .debug_frame   0x00001d18       0x2c c:/program files (x86)/cypress/psoc creator/4.4/psoc creator/import/gnu/arm/5.4.1/bin/../lib/gcc/arm-none-eabi/5.4.1/../../../../arm-none-eabi/lib/armv6-m\libg_nano.a(lib_a-nano-mallocr.o)
 .debug_frame   0x00001d44       0x30 c:/program files (x86)/cypress/psoc creator/4.4/psoc creator/import/gnu/arm/5.4.1/bin/../lib/gcc/arm-none-eabi/5.4.1/../../../../arm-none-eabi/lib/armv6-m\libg_nano.a(lib_a-nano-reallocr.o)
 .debug_frame   0x00001d74       0x2c c:/program files (x86)/cypress/psoc creator/4.4/psoc creator/import/gnu/arm/5.4.1/bin/../lib/gcc/arm-none-eabi/5.4.1/../../../../arm-none-eabi/lib/armv6-m\libg_nano.a(lib_a-sbrkr.o)
 .debug_frame   0x00001da0       0x30 c:/program files (x86)/cypress/psoc creator/4.4/psoc creator/import/gnu/arm/5.4.1/bin/../lib/gcc/arm-none-eabi/5.4.1/../../../../arm-none-eabi/lib/armv6-m\libg_nano.a(lib_a-mlock.o)
 .debug_frame   0x00001dd0       0x20 c:/program files (x86)/cypress/psoc creator/4.4/psoc creator/import/gnu/arm/5.4.1/bin/../lib/gcc/arm-none-eabi/5.4.1/../../../../arm-none-eabi/lib/armv6-m\libg_nano.a(lib_a-nano-msizer.o)
 .debug_frame   0x00001df0       0x48 c:/program files (x86)/cypress/psoc creator/4.4/psoc creator/import/gnu/arm/5.4.1/bin/../lib/gcc/arm-none-eabi/5.4.1/../../../../arm-none-eabi/lib/armv6-m\libg_nano.a(lib_a-reent.o)

.debug_str      0x00000000     0x237c
 *(.debug_str)
 .debug_str     0x00000000      0x34d .\CortexM0\ARM_GCC_541\Debug\main.o
                                0x393 (size before relaxing)
 .debug_str     0x0000034d      0x12a .\CortexM0\ARM_GCC_541\Debug\cyfitter_cfg.o
                                0x321 (size before relaxing)
 .debug_str     0x00000477       0x63 .\CortexM0\ARM_GCC_541\Debug\cymetadata.o
                                0x1ec (size before relaxing)
 .debug_str     0x000004da      0x13a .\CortexM0\ARM_GCC_541\Debug\Cm0Start.o
                                0x325 (size before relaxing)
 .debug_str     0x00000614       0xf7 .\CortexM0\ARM_GCC_541\Debug\CAN_Basic_P4_Example01_Copy_01.a(UART.o)
                                0x2bb (size before relaxing)
 .debug_str     0x0000070b      0x198 .\CortexM0\ARM_GCC_541\Debug\CAN_Basic_P4_Example01_Copy_01.a(UART_UART.o)
                                0x3b2 (size before relaxing)
 .debug_str     0x000008a3       0xb1 .\CortexM0\ARM_GCC_541\Debug\CAN_Basic_P4_Example01_Copy_01.a(Switch1.o)
                                0x268 (size before relaxing)
 .debug_str     0x00000954      0x3a9 .\CortexM0\ARM_GCC_541\Debug\CAN_Basic_P4_Example01_Copy_01.a(PWM.o)
                                0x581 (size before relaxing)
 .debug_str     0x00000cfd      0x199 .\CortexM0\ARM_GCC_541\Debug\CAN_Basic_P4_Example01_Copy_01.a(ADC.o)
                                0x3e8 (size before relaxing)
 .debug_str     0x00000e96       0x35 .\CortexM0\ARM_GCC_541\Debug\CAN_Basic_P4_Example01_Copy_01.a(ADC_INT.o)
                                0x1e1 (size before relaxing)
 .debug_str     0x00000ecb      0x2da .\CortexM0\ARM_GCC_541\Debug\CAN_Basic_P4_Example01_Copy_01.a(CAN.o)
                                0x55a (size before relaxing)
 .debug_str     0x000011a5       0x29 .\CortexM0\ARM_GCC_541\Debug\CAN_Basic_P4_Example01_Copy_01.a(CAN_INT.o)
                                0x1c8 (size before relaxing)
 .debug_str     0x000011ce       0x9d .\CortexM0\ARM_GCC_541\Debug\CAN_Basic_P4_Example01_Copy_01.a(CAN_TX_RX_func.o)
                                0x318 (size before relaxing)
 .debug_str     0x0000126b      0x8aa .\CortexM0\ARM_GCC_541\Debug\CAN_Basic_P4_Example01_Copy_01.a(CyLib.o)
                                0xb49 (size before relaxing)
 .debug_str     0x00001b15      0x6d9 .\CortexM0\ARM_GCC_541\Debug\CAN_Basic_P4_Example01_Copy_01.a(CyLFClk.o)
                                0x941 (size before relaxing)
 .debug_str     0x000021ee       0xdc .\CortexM0\ARM_GCC_541\Debug\CAN_Basic_P4_Example01_Copy_01.a(UART_SPI_UART.o)
                                0x2f2 (size before relaxing)
 .debug_str     0x000022ca       0xb2 .\CortexM0\ARM_GCC_541\Debug\CAN_Basic_P4_Example01_Copy_01.a(CyFlash.o)
                                0x2d4 (size before relaxing)

.debug_loc      0x00000000     0x41d9
 *(.debug_loc)
 .debug_loc     0x00000000       0x6f .\CortexM0\ARM_GCC_541\Debug\main.o
 .debug_loc     0x0000006f      0x136 .\CortexM0\ARM_GCC_541\Debug\cyfitter_cfg.o
 .debug_loc     0x000001a5      0x14f .\CortexM0\ARM_GCC_541\Debug\Cm0Start.o
 .debug_loc     0x000002f4       0x7e .\CortexM0\ARM_GCC_541\Debug\CAN_Basic_P4_Example01_Copy_01.a(UART.o)
 .debug_loc     0x00000372      0x1b8 .\CortexM0\ARM_GCC_541\Debug\CAN_Basic_P4_Example01_Copy_01.a(UART_UART.o)
 .debug_loc     0x0000052a       0xa2 .\CortexM0\ARM_GCC_541\Debug\CAN_Basic_P4_Example01_Copy_01.a(Switch1.o)
 .debug_loc     0x000005cc      0x547 .\CortexM0\ARM_GCC_541\Debug\CAN_Basic_P4_Example01_Copy_01.a(PWM.o)
 .debug_loc     0x00000b13      0x3a7 .\CortexM0\ARM_GCC_541\Debug\CAN_Basic_P4_Example01_Copy_01.a(ADC.o)
 .debug_loc     0x00000eba      0xa5e .\CortexM0\ARM_GCC_541\Debug\CAN_Basic_P4_Example01_Copy_01.a(CAN.o)
 .debug_loc     0x00001918      0x1bd .\CortexM0\ARM_GCC_541\Debug\CAN_Basic_P4_Example01_Copy_01.a(CAN_TX_RX_func.o)
 .debug_loc     0x00001ad5     0x1757 .\CortexM0\ARM_GCC_541\Debug\CAN_Basic_P4_Example01_Copy_01.a(CyLib.o)
 .debug_loc     0x0000322c      0xdb7 .\CortexM0\ARM_GCC_541\Debug\CAN_Basic_P4_Example01_Copy_01.a(CyLFClk.o)
 .debug_loc     0x00003fe3       0x96 .\CortexM0\ARM_GCC_541\Debug\CAN_Basic_P4_Example01_Copy_01.a(UART_SPI_UART.o)
 .debug_loc     0x00004079      0x160 .\CortexM0\ARM_GCC_541\Debug\CAN_Basic_P4_Example01_Copy_01.a(CyFlash.o)

.debug_macinfo
 *(.debug_macinfo)

.debug_ranges   0x00000000      0x8d8
 *(.debug_ranges)
 .debug_ranges  0x00000000       0x20 .\CortexM0\ARM_GCC_541\Debug\main.o
 .debug_ranges  0x00000020       0x38 .\CortexM0\ARM_GCC_541\Debug\cyfitter_cfg.o
 .debug_ranges  0x00000058       0x38 .\CortexM0\ARM_GCC_541\Debug\Cm0Start.o
 .debug_ranges  0x00000090       0x48 .\CortexM0\ARM_GCC_541\Debug\CAN_Basic_P4_Example01_Copy_01.a(UART.o)
 .debug_ranges  0x000000d8       0x78 .\CortexM0\ARM_GCC_541\Debug\CAN_Basic_P4_Example01_Copy_01.a(UART_UART.o)
 .debug_ranges  0x00000150       0x38 .\CortexM0\ARM_GCC_541\Debug\CAN_Basic_P4_Example01_Copy_01.a(Switch1.o)
 .debug_ranges  0x00000188      0x148 .\CortexM0\ARM_GCC_541\Debug\CAN_Basic_P4_Example01_Copy_01.a(PWM.o)
 .debug_ranges  0x000002d0       0x98 .\CortexM0\ARM_GCC_541\Debug\CAN_Basic_P4_Example01_Copy_01.a(ADC.o)
 .debug_ranges  0x00000368       0x10 .\CortexM0\ARM_GCC_541\Debug\CAN_Basic_P4_Example01_Copy_01.a(ADC_INT.o)
 .debug_ranges  0x00000378       0xd8 .\CortexM0\ARM_GCC_541\Debug\CAN_Basic_P4_Example01_Copy_01.a(CAN.o)
 .debug_ranges  0x00000450       0x10 .\CortexM0\ARM_GCC_541\Debug\CAN_Basic_P4_Example01_Copy_01.a(CAN_INT.o)
 .debug_ranges  0x00000460       0x30 .\CortexM0\ARM_GCC_541\Debug\CAN_Basic_P4_Example01_Copy_01.a(CAN_TX_RX_func.o)
 .debug_ranges  0x00000490      0x250 .\CortexM0\ARM_GCC_541\Debug\CAN_Basic_P4_Example01_Copy_01.a(CyLib.o)
 .debug_ranges  0x000006e0      0x178 .\CortexM0\ARM_GCC_541\Debug\CAN_Basic_P4_Example01_Copy_01.a(CyLFClk.o)
 .debug_ranges  0x00000858       0x50 .\CortexM0\ARM_GCC_541\Debug\CAN_Basic_P4_Example01_Copy_01.a(UART_SPI_UART.o)
 .debug_ranges  0x000008a8       0x30 .\CortexM0\ARM_GCC_541\Debug\CAN_Basic_P4_Example01_Copy_01.a(CyFlash.o)

.comment        0x00000000       0x6e
 .comment       0x00000000       0x6e .\CortexM0\ARM_GCC_541\Debug\main.o
                                 0x6f (size before relaxing)
 .comment       0x0000006e       0x6f .\CortexM0\ARM_GCC_541\Debug\cyfitter_cfg.o
 .comment       0x0000006e       0x6f .\CortexM0\ARM_GCC_541\Debug\cymetadata.o
 .comment       0x0000006e       0x6f .\CortexM0\ARM_GCC_541\Debug\Cm0Start.o
 .comment       0x0000006e       0x6f .\CortexM0\ARM_GCC_541\Debug\CAN_Basic_P4_Example01_Copy_01.a(UART.o)
 .comment       0x0000006e       0x6f .\CortexM0\ARM_GCC_541\Debug\CAN_Basic_P4_Example01_Copy_01.a(UART_UART.o)
 .comment       0x0000006e       0x6f .\CortexM0\ARM_GCC_541\Debug\CAN_Basic_P4_Example01_Copy_01.a(Switch1.o)
 .comment       0x0000006e       0x6f .\CortexM0\ARM_GCC_541\Debug\CAN_Basic_P4_Example01_Copy_01.a(PWM.o)
 .comment       0x0000006e       0x6f .\CortexM0\ARM_GCC_541\Debug\CAN_Basic_P4_Example01_Copy_01.a(ADC.o)
 .comment       0x0000006e       0x6f .\CortexM0\ARM_GCC_541\Debug\CAN_Basic_P4_Example01_Copy_01.a(ADC_INT.o)
 .comment       0x0000006e       0x6f .\CortexM0\ARM_GCC_541\Debug\CAN_Basic_P4_Example01_Copy_01.a(CAN.o)
 .comment       0x0000006e       0x6f .\CortexM0\ARM_GCC_541\Debug\CAN_Basic_P4_Example01_Copy_01.a(CAN_INT.o)
 .comment       0x0000006e       0x6f .\CortexM0\ARM_GCC_541\Debug\CAN_Basic_P4_Example01_Copy_01.a(CAN_TX_RX_func.o)
 .comment       0x0000006e       0x6f .\CortexM0\ARM_GCC_541\Debug\CAN_Basic_P4_Example01_Copy_01.a(CyLib.o)
 .comment       0x0000006e       0x6f .\CortexM0\ARM_GCC_541\Debug\CAN_Basic_P4_Example01_Copy_01.a(CyLFClk.o)
 .comment       0x0000006e       0x6f .\CortexM0\ARM_GCC_541\Debug\CAN_Basic_P4_Example01_Copy_01.a(UART_SPI_UART.o)
 .comment       0x0000006e       0x6f .\CortexM0\ARM_GCC_541\Debug\CAN_Basic_P4_Example01_Copy_01.a(CyFlash.o)

.debug_weaknames
 *(.debug_weaknames)

.debug_funcnames
 *(.debug_funcnames)

.debug_typenames
 *(.debug_typenames)

.debug_varnames
 *(.debug_varnames)

.note.gnu.arm.ident
 *(.note.gnu.arm.ident)

.ARM.attributes
                0x00000000       0x28
 *(.ARM.attributes)
 .ARM.attributes
                0x00000000       0x1e c:/program files (x86)/cypress/psoc creator/4.4/psoc creator/import/gnu/arm/5.4.1/bin/../lib/gcc/arm-none-eabi/5.4.1/armv6-m/crti.o
 .ARM.attributes
                0x0000001e       0x2c c:/program files (x86)/cypress/psoc creator/4.4/psoc creator/import/gnu/arm/5.4.1/bin/../lib/gcc/arm-none-eabi/5.4.1/armv6-m/crtbegin.o
 .ARM.attributes
                0x0000004a       0x1b c:/program files (x86)/cypress/psoc creator/4.4/psoc creator/import/gnu/arm/5.4.1/bin/../lib/gcc/arm-none-eabi/5.4.1/../../../../arm-none-eabi/lib/armv6-m/crt0.o
 .ARM.attributes
                0x00000065       0x31 .\CortexM0\ARM_GCC_541\Debug\main.o
 .ARM.attributes
                0x00000096       0x31 .\CortexM0\ARM_GCC_541\Debug\cyfitter_cfg.o
 .ARM.attributes
                0x000000c7       0x31 .\CortexM0\ARM_GCC_541\Debug\cymetadata.o
 .ARM.attributes
                0x000000f8       0x31 .\CortexM0\ARM_GCC_541\Debug\Cm0Start.o
 .ARM.attributes
                0x00000129       0x31 .\CortexM0\ARM_GCC_541\Debug\CAN_Basic_P4_Example01_Copy_01.a(UART.o)
 .ARM.attributes
                0x0000015a       0x31 .\CortexM0\ARM_GCC_541\Debug\CAN_Basic_P4_Example01_Copy_01.a(UART_UART.o)
 .ARM.attributes
                0x0000018b       0x31 .\CortexM0\ARM_GCC_541\Debug\CAN_Basic_P4_Example01_Copy_01.a(Switch1.o)
 .ARM.attributes
                0x000001bc       0x31 .\CortexM0\ARM_GCC_541\Debug\CAN_Basic_P4_Example01_Copy_01.a(PWM.o)
 .ARM.attributes
                0x000001ed       0x31 .\CortexM0\ARM_GCC_541\Debug\CAN_Basic_P4_Example01_Copy_01.a(ADC.o)
 .ARM.attributes
                0x0000021e       0x31 .\CortexM0\ARM_GCC_541\Debug\CAN_Basic_P4_Example01_Copy_01.a(ADC_INT.o)
 .ARM.attributes
                0x0000024f       0x31 .\CortexM0\ARM_GCC_541\Debug\CAN_Basic_P4_Example01_Copy_01.a(CAN.o)
 .ARM.attributes
                0x00000280       0x31 .\CortexM0\ARM_GCC_541\Debug\CAN_Basic_P4_Example01_Copy_01.a(CAN_INT.o)
 .ARM.attributes
                0x000002b1       0x31 .\CortexM0\ARM_GCC_541\Debug\CAN_Basic_P4_Example01_Copy_01.a(CAN_TX_RX_func.o)
 .ARM.attributes
                0x000002e2       0x31 .\CortexM0\ARM_GCC_541\Debug\CAN_Basic_P4_Example01_Copy_01.a(CyLib.o)
 .ARM.attributes
                0x00000313       0x31 .\CortexM0\ARM_GCC_541\Debug\CAN_Basic_P4_Example01_Copy_01.a(CyLFClk.o)
 .ARM.attributes
                0x00000344       0x21 .\CortexM0\ARM_GCC_541\Debug\CAN_Basic_P4_Example01_Copy_01.a(CyBootAsmGnu.o)
 .ARM.attributes
                0x00000365       0x31 .\CortexM0\ARM_GCC_541\Debug\CAN_Basic_P4_Example01_Copy_01.a(UART_SPI_UART.o)
 .ARM.attributes
                0x00000396       0x31 .\CortexM0\ARM_GCC_541\Debug\CAN_Basic_P4_Example01_Copy_01.a(CyFlash.o)
 .ARM.attributes
                0x000003c7       0x1e c:/program files (x86)/cypress/psoc creator/4.4/psoc creator/import/gnu/arm/5.4.1/bin/../lib/gcc/arm-none-eabi/5.4.1/armv6-m\libgcc.a(_udivsi3.o)
 .ARM.attributes
                0x000003e5       0x1e c:/program files (x86)/cypress/psoc creator/4.4/psoc creator/import/gnu/arm/5.4.1/bin/../lib/gcc/arm-none-eabi/5.4.1/armv6-m\libgcc.a(_divsi3.o)
 .ARM.attributes
                0x00000403       0x1e c:/program files (x86)/cypress/psoc creator/4.4/psoc creator/import/gnu/arm/5.4.1/bin/../lib/gcc/arm-none-eabi/5.4.1/armv6-m\libgcc.a(_dvmd_tls.o)
 .ARM.attributes
                0x00000421       0x1e c:/program files (x86)/cypress/psoc creator/4.4/psoc creator/import/gnu/arm/5.4.1/bin/../lib/gcc/arm-none-eabi/5.4.1/armv6-m\libgcc.a(_aeabi_ldivmod.o)
 .ARM.attributes
                0x0000043f       0x2c c:/program files (x86)/cypress/psoc creator/4.4/psoc creator/import/gnu/arm/5.4.1/bin/../lib/gcc/arm-none-eabi/5.4.1/armv6-m\libgcc.a(_muldi3.o)
 .ARM.attributes
                0x0000046b       0x2c c:/program files (x86)/cypress/psoc creator/4.4/psoc creator/import/gnu/arm/5.4.1/bin/../lib/gcc/arm-none-eabi/5.4.1/armv6-m\libgcc.a(bpabi.o)
 .ARM.attributes
                0x00000497       0x2c c:/program files (x86)/cypress/psoc creator/4.4/psoc creator/import/gnu/arm/5.4.1/bin/../lib/gcc/arm-none-eabi/5.4.1/armv6-m\libgcc.a(divsf3.o)
 .ARM.attributes
                0x000004c3       0x2c c:/program files (x86)/cypress/psoc creator/4.4/psoc creator/import/gnu/arm/5.4.1/bin/../lib/gcc/arm-none-eabi/5.4.1/armv6-m\libgcc.a(mulsf3.o)
 .ARM.attributes
                0x000004ef       0x2c c:/program files (x86)/cypress/psoc creator/4.4/psoc creator/import/gnu/arm/5.4.1/bin/../lib/gcc/arm-none-eabi/5.4.1/armv6-m\libgcc.a(floatsisf.o)
 .ARM.attributes
                0x0000051b       0x1e c:/program files (x86)/cypress/psoc creator/4.4/psoc creator/import/gnu/arm/5.4.1/bin/../lib/gcc/arm-none-eabi/5.4.1/armv6-m\libgcc.a(_clzsi2.o)
 .ARM.attributes
                0x00000539       0x2c c:/program files (x86)/cypress/psoc creator/4.4/psoc creator/import/gnu/arm/5.4.1/bin/../lib/gcc/arm-none-eabi/5.4.1/armv6-m\libgcc.a(_divdi3.o)
 .ARM.attributes
                0x00000565       0x1e c:/program files (x86)/cypress/psoc creator/4.4/psoc creator/import/gnu/arm/5.4.1/bin/../lib/gcc/arm-none-eabi/5.4.1/armv6-m\libgcc.a(_clzdi2.o)
 .ARM.attributes
                0x00000583       0x2c c:/program files (x86)/cypress/psoc creator/4.4/psoc creator/import/gnu/arm/5.4.1/bin/../lib/gcc/arm-none-eabi/5.4.1/../../../../arm-none-eabi/lib/armv6-m\libg_nano.a(lib_a-errno.o)
 .ARM.attributes
                0x000005af       0x2c c:/program files (x86)/cypress/psoc creator/4.4/psoc creator/import/gnu/arm/5.4.1/bin/../lib/gcc/arm-none-eabi/5.4.1/../../../../arm-none-eabi/lib/armv6-m\libg_nano.a(lib_a-exit.o)
 .ARM.attributes
                0x000005db       0x2c c:/program files (x86)/cypress/psoc creator/4.4/psoc creator/import/gnu/arm/5.4.1/bin/../lib/gcc/arm-none-eabi/5.4.1/../../../../arm-none-eabi/lib/armv6-m\libg_nano.a(lib_a-impure.o)
 .ARM.attributes
                0x00000607       0x2c c:/program files (x86)/cypress/psoc creator/4.4/psoc creator/import/gnu/arm/5.4.1/bin/../lib/gcc/arm-none-eabi/5.4.1/../../../../arm-none-eabi/lib/armv6-m\libg_nano.a(lib_a-init.o)
 .ARM.attributes
                0x00000633       0x2c c:/program files (x86)/cypress/psoc creator/4.4/psoc creator/import/gnu/arm/5.4.1/bin/../lib/gcc/arm-none-eabi/5.4.1/../../../../arm-none-eabi/lib/armv6-m\libg_nano.a(lib_a-memcpy-stub.o)
 .ARM.attributes
                0x0000065f       0x2c c:/program files (x86)/cypress/psoc creator/4.4/psoc creator/import/gnu/arm/5.4.1/bin/../lib/gcc/arm-none-eabi/5.4.1/../../../../arm-none-eabi/lib/armv6-m\libg_nano.a(lib_a-memset.o)
 .ARM.attributes
                0x0000068b       0x2c c:/program files (x86)/cypress/psoc creator/4.4/psoc creator/import/gnu/arm/5.4.1/bin/../lib/gcc/arm-none-eabi/5.4.1/../../../../arm-none-eabi/lib/armv6-m\libg_nano.a(lib_a-sprintf.o)
 .ARM.attributes
                0x000006b7       0x2c c:/program files (x86)/cypress/psoc creator/4.4/psoc creator/import/gnu/arm/5.4.1/bin/../lib/gcc/arm-none-eabi/5.4.1/../../../../arm-none-eabi/lib/armv6-m\libg_nano.a(lib_a-nano-svfprintf.o)
 .ARM.attributes
                0x000006e3       0x2c c:/program files (x86)/cypress/psoc creator/4.4/psoc creator/import/gnu/arm/5.4.1/bin/../lib/gcc/arm-none-eabi/5.4.1/../../../../arm-none-eabi/lib/armv6-m\libg_nano.a(lib_a-nano-vfprintf_i.o)
 .ARM.attributes
                0x0000070f       0x2c c:/program files (x86)/cypress/psoc creator/4.4/psoc creator/import/gnu/arm/5.4.1/bin/../lib/gcc/arm-none-eabi/5.4.1/../../../../arm-none-eabi/lib/armv6-m\libg_nano.a(lib_a-memchr-stub.o)
 .ARM.attributes
                0x0000073b       0x2c c:/program files (x86)/cypress/psoc creator/4.4/psoc creator/import/gnu/arm/5.4.1/bin/../lib/gcc/arm-none-eabi/5.4.1/../../../../arm-none-eabi/lib/armv6-m\libg_nano.a(lib_a-memmove.o)
 .ARM.attributes
                0x00000767       0x2c c:/program files (x86)/cypress/psoc creator/4.4/psoc creator/import/gnu/arm/5.4.1/bin/../lib/gcc/arm-none-eabi/5.4.1/../../../../arm-none-eabi/lib/armv6-m\libg_nano.a(lib_a-nano-freer.o)
 .ARM.attributes
                0x00000793       0x2c c:/program files (x86)/cypress/psoc creator/4.4/psoc creator/import/gnu/arm/5.4.1/bin/../lib/gcc/arm-none-eabi/5.4.1/../../../../arm-none-eabi/lib/armv6-m\libg_nano.a(lib_a-nano-mallocr.o)
 .ARM.attributes
                0x000007bf       0x2c c:/program files (x86)/cypress/psoc creator/4.4/psoc creator/import/gnu/arm/5.4.1/bin/../lib/gcc/arm-none-eabi/5.4.1/../../../../arm-none-eabi/lib/armv6-m\libg_nano.a(lib_a-nano-reallocr.o)
 .ARM.attributes
                0x000007eb       0x2c c:/program files (x86)/cypress/psoc creator/4.4/psoc creator/import/gnu/arm/5.4.1/bin/../lib/gcc/arm-none-eabi/5.4.1/../../../../arm-none-eabi/lib/armv6-m\libg_nano.a(lib_a-sbrkr.o)
 .ARM.attributes
                0x00000817       0x2c c:/program files (x86)/cypress/psoc creator/4.4/psoc creator/import/gnu/arm/5.4.1/bin/../lib/gcc/arm-none-eabi/5.4.1/../../../../arm-none-eabi/lib/armv6-m\libg_nano.a(lib_a-mlock.o)
 .ARM.attributes
                0x00000843       0x2c c:/program files (x86)/cypress/psoc creator/4.4/psoc creator/import/gnu/arm/5.4.1/bin/../lib/gcc/arm-none-eabi/5.4.1/../../../../arm-none-eabi/lib/armv6-m\libg_nano.a(lib_a-nano-msizer.o)
 .ARM.attributes
                0x0000086f       0x2c c:/program files (x86)/cypress/psoc creator/4.4/psoc creator/import/gnu/arm/5.4.1/bin/../lib/gcc/arm-none-eabi/5.4.1/../../../../arm-none-eabi/lib/armv6-m\libg_nano.a(lib_a-reent.o)
 .ARM.attributes
                0x0000089b       0x2c c:/program files (x86)/cypress/psoc creator/4.4/psoc creator/import/gnu/arm/5.4.1/bin/../lib/gcc/arm-none-eabi/5.4.1/armv6-m/crtend.o
 .ARM.attributes
                0x000008c7       0x1e c:/program files (x86)/cypress/psoc creator/4.4/psoc creator/import/gnu/arm/5.4.1/bin/../lib/gcc/arm-none-eabi/5.4.1/armv6-m/crtn.o

/DISCARD/
 *(.note.GNU-stack)
OUTPUT(C:\Users\kratz\OneDrive\Documents\PSoC Creator\Hand_Board_PY2023\CAN_Basic_P4_Example01_Copy_01.cydsn\CortexM0\ARM_GCC_541\Debug\CAN_Basic_P4_Example01_Copy_01.elf elf32-littlearm)
